Archive member included to satisfy reference by file (symbol)

/usr/lib/gcc/arm-none-eabi/9.2.1/thumb/v6-m/nofp/libgcc.a(_dvmd_tls.o)
                              CMakeFiles/org2-bluetooth-adapter.dir/tree/downloaded_tools/pico/pico-sdk/src/rp2_common/pico_divider/divider.S.obj (__aeabi_idiv0)
/usr/lib/gcc/arm-none-eabi/9.2.1/../../../arm-none-eabi/lib/thumb/v6-m/nofp/libg.a(lib_a-atexit.o)
                              /usr/lib/gcc/arm-none-eabi/9.2.1/../../../arm-none-eabi/lib/thumb/v6-m/nofp/crt0.o (atexit)
/usr/lib/gcc/arm-none-eabi/9.2.1/../../../arm-none-eabi/lib/thumb/v6-m/nofp/libg.a(lib_a-calloc.o)
                              CMakeFiles/org2-bluetooth-adapter.dir/tree/downloaded_tools/pico/pico-sdk/src/rp2_common/pico_malloc/pico_malloc.c.obj (calloc)
/usr/lib/gcc/arm-none-eabi/9.2.1/../../../arm-none-eabi/lib/thumb/v6-m/nofp/libg.a(lib_a-callocr.o)
                              /usr/lib/gcc/arm-none-eabi/9.2.1/../../../arm-none-eabi/lib/thumb/v6-m/nofp/libg.a(lib_a-calloc.o) (_calloc_r)
/usr/lib/gcc/arm-none-eabi/9.2.1/../../../arm-none-eabi/lib/thumb/v6-m/nofp/libg.a(lib_a-ctype_.o)
                              CMakeFiles/org2-bluetooth-adapter.dir/tree/downloaded_tools/pico/pico-sdk/lib/tinyusb/src/tusb.c.obj (_ctype_)
/usr/lib/gcc/arm-none-eabi/9.2.1/../../../arm-none-eabi/lib/thumb/v6-m/nofp/libg.a(lib_a-errno.o)
                              CMakeFiles/org2-bluetooth-adapter.dir/tree/downloaded_tools/pico/no-OS-FatFS-SD-SPI-RPi-Pico/FatFs_SPI/src/ff_stdio.c.obj (__errno)
/usr/lib/gcc/arm-none-eabi/9.2.1/../../../arm-none-eabi/lib/thumb/v6-m/nofp/libg.a(lib_a-fflush.o)
                              CMakeFiles/org2-bluetooth-adapter.dir/tree/downloaded_tools/pico/no-OS-FatFS-SD-SPI-RPi-Pico/FatFs_SPI/sd_driver/demo_logging.c.obj (fflush)
/usr/lib/gcc/arm-none-eabi/9.2.1/../../../arm-none-eabi/lib/thumb/v6-m/nofp/libg.a(lib_a-findfp.o)
                              /usr/lib/gcc/arm-none-eabi/9.2.1/../../../arm-none-eabi/lib/thumb/v6-m/nofp/libg.a(lib_a-fflush.o) (__sinit)
/usr/lib/gcc/arm-none-eabi/9.2.1/../../../arm-none-eabi/lib/thumb/v6-m/nofp/libg.a(lib_a-fini.o)
                              /usr/lib/gcc/arm-none-eabi/9.2.1/../../../arm-none-eabi/lib/thumb/v6-m/nofp/crt0.o (__libc_fini_array)
/usr/lib/gcc/arm-none-eabi/9.2.1/../../../arm-none-eabi/lib/thumb/v6-m/nofp/libg.a(lib_a-freer.o)
                              /usr/lib/gcc/arm-none-eabi/9.2.1/../../../arm-none-eabi/lib/thumb/v6-m/nofp/libg.a(lib_a-fflush.o) (_free_r)
/usr/lib/gcc/arm-none-eabi/9.2.1/../../../arm-none-eabi/lib/thumb/v6-m/nofp/libg.a(lib_a-fwalk.o)
                              /usr/lib/gcc/arm-none-eabi/9.2.1/../../../arm-none-eabi/lib/thumb/v6-m/nofp/libg.a(lib_a-findfp.o) (_fwalk)
/usr/lib/gcc/arm-none-eabi/9.2.1/../../../arm-none-eabi/lib/thumb/v6-m/nofp/libg.a(lib_a-impure.o)
                              /usr/lib/gcc/arm-none-eabi/9.2.1/../../../arm-none-eabi/lib/thumb/v6-m/nofp/libg.a(lib_a-fflush.o) (_global_impure_ptr)
/usr/lib/gcc/arm-none-eabi/9.2.1/../../../arm-none-eabi/lib/thumb/v6-m/nofp/libg.a(lib_a-init.o)
                              /usr/lib/gcc/arm-none-eabi/9.2.1/../../../arm-none-eabi/lib/thumb/v6-m/nofp/crt0.o (__libc_init_array)
/usr/lib/gcc/arm-none-eabi/9.2.1/../../../arm-none-eabi/lib/thumb/v6-m/nofp/libg.a(lib_a-malloc.o)
                              CMakeFiles/org2-bluetooth-adapter.dir/tree/downloaded_tools/pico/pico-sdk/src/rp2_common/pico_malloc/pico_malloc.c.obj (malloc)
/usr/lib/gcc/arm-none-eabi/9.2.1/../../../arm-none-eabi/lib/thumb/v6-m/nofp/libg.a(lib_a-mallocr.o)
                              /usr/lib/gcc/arm-none-eabi/9.2.1/../../../arm-none-eabi/lib/thumb/v6-m/nofp/libg.a(lib_a-callocr.o) (_malloc_r)
/usr/lib/gcc/arm-none-eabi/9.2.1/../../../arm-none-eabi/lib/thumb/v6-m/nofp/libg.a(lib_a-mktime.o)
                              CMakeFiles/org2-bluetooth-adapter.dir/tree/downloaded_tools/pico/no-OS-FatFS-SD-SPI-RPi-Pico/FatFs_SPI/src/rtc.c.obj (mktime)
/usr/lib/gcc/arm-none-eabi/9.2.1/../../../arm-none-eabi/lib/thumb/v6-m/nofp/libg.a(lib_a-mlock.o)
                              /usr/lib/gcc/arm-none-eabi/9.2.1/../../../arm-none-eabi/lib/thumb/v6-m/nofp/libg.a(lib_a-freer.o) (__malloc_lock)
/usr/lib/gcc/arm-none-eabi/9.2.1/../../../arm-none-eabi/lib/thumb/v6-m/nofp/libg.a(lib_a-sbrkr.o)
                              /usr/lib/gcc/arm-none-eabi/9.2.1/../../../arm-none-eabi/lib/thumb/v6-m/nofp/libg.a(lib_a-freer.o) (_sbrk_r)
/usr/lib/gcc/arm-none-eabi/9.2.1/../../../arm-none-eabi/lib/thumb/v6-m/nofp/libg.a(lib_a-stdio.o)
                              /usr/lib/gcc/arm-none-eabi/9.2.1/../../../arm-none-eabi/lib/thumb/v6-m/nofp/libg.a(lib_a-findfp.o) (__sread)
/usr/lib/gcc/arm-none-eabi/9.2.1/../../../arm-none-eabi/lib/thumb/v6-m/nofp/libg.a(lib_a-strchr.o)
                              CMakeFiles/org2-bluetooth-adapter.dir/tree/downloaded_tools/pico/no-OS-FatFS-SD-SPI-RPi-Pico/FatFs_SPI/src/ff_stdio.c.obj (strchr)
[...]
Memory Configuration

Name             Origin             Length             Attributes
FLASH            0x0000000010000000 0x0000000000200000 xr
RAM              0x0000000020000000 0x0000000000040000 xrw
SCRATCH_X        0x0000000020040000 0x0000000000001000 xrw
SCRATCH_Y        0x0000000020041000 0x0000000000001000 xrw
*default*        0x0000000000000000 0xffffffffffffffff

Linker script and memory map

LOAD /usr/lib/gcc/arm-none-eabi/9.2.1/thumb/v6-m/nofp/crti.o
LOAD /usr/lib/gcc/arm-none-eabi/9.2.1/thumb/v6-m/nofp/crtbegin.o
LOAD /usr/lib/gcc/arm-none-eabi/9.2.1/../../../arm-none-eabi/lib/thumb/v6-m/nofp/crt0.o

.flash_begin    0x0000000010000000        0x0
                0x0000000010000000                __flash_binary_start = .

.boot2          0x0000000010000000      0x100
                0x0000000010000000                __boot2_start__ = .
 *(.boot2)
 .boot2         0x0000000010000000      0x100 /tmp/ccO82B6E.o
                0x0000000010000100                __boot2_end__ = .
                0x0000000000000001                ASSERT (((__boot2_end__ - __boot2_start__) == 0x100), ERROR: Pico second stage bootloader must be 256 bytes in size)

.text           0x0000000010000100     0x7d68
                0x0000000010000100                __logical_binary_start = .
 *(.vectors)
 .vectors       0x0000000010000100       0xd4 CMakeFiles/org2-bluetooth-adapter.dir/tree/downloaded_tools/pico/pico-sdk/src/rp2_common/pico_standard_link/crt0.S.obj
                0x0000000010000100                __vectors
                0x0000000010000100                __VECTOR_TABLE
                0x00000000100001c0                isr_invalid
                0x00000000100001c0                __default_isrs_start
                0x00000000100001c2                isr_nmi
                0x00000000100001c4                isr_hardfault
                0x00000000100001c6                isr_svcall
                0x00000000100001c8                isr_pendsv
                0x00000000100001ca                isr_systick
                0x00000000100001cc                isr_irq30
                0x00000000100001cc                __unhandled_user_irq
                0x00000000100001cc                isr_irq13
                0x00000000100001cc                isr_irq27
                0x00000000100001cc                isr_irq31
                0x00000000100001cc                isr_irq5
                0x00000000100001cc                isr_irq11
                0x00000000100001cc                isr_irq23
                0x00000000100001cc                isr_irq18
                0x00000000100001cc                isr_irq28
                0x00000000100001cc                isr_irq19
                0x00000000100001cc                isr_irq0
                0x00000000100001cc                isr_irq6
                0x00000000100001cc                isr_irq22
                0x00000000100001cc                isr_irq17
                0x00000000100001cc                isr_irq14
                0x00000000100001cc                isr_irq2
                0x00000000100001cc                isr_irq10
                0x00000000100001cc                isr_irq8
                0x00000000100001cc                isr_irq24
                0x00000000100001cc                isr_irq1
                0x00000000100001cc                isr_irq7
                0x00000000100001cc                isr_irq21
                0x00000000100001cc                isr_irq20
                0x00000000100001cc                isr_irq15
                0x00000000100001cc                isr_irq25
                0x00000000100001cc                isr_irq4
                0x00000000100001cc                isr_irq16
                0x00000000100001cc                isr_irq29
                0x00000000100001cc                isr_irq26
                0x00000000100001cc                __default_isrs_end
                0x00000000100001cc                isr_irq3
                0x00000000100001cc                isr_irq12
                0x00000000100001cc                isr_irq9
                0x00000000100001d2                unhandled_user_irq_num_in_r0
 *(.binary_info_header)
 .binary_info_header
                0x00000000100001d4       0x14 CMakeFiles/org2-bluetooth-adapter.dir/tree/downloaded_tools/pico/pico-sdk/src/rp2_common/pico_standard_link/crt0.S.obj
                0x00000000100001e8                __binary_info_header_end = .
 *(.reset)
 .reset         0x00000000100001e8       0xa8 CMakeFiles/org2-bluetooth-adapter.dir/tree/downloaded_tools/pico/pico-sdk/src/rp2_common/pico_standard_link/crt0.S.obj
                0x00000000100001e8                _entry_point
                0x0000000010000266                __get_current_exception
 .reset         0x0000000010000290       0x30 CMakeFiles/org2-bluetooth-adapter.dir/tree/downloaded_tools/pico/pico-sdk/src/rp2_common/pico_standard_link/binary_info.c.obj
 *(.init)
 .init          0x00000000100002c0        0x4 /usr/lib/gcc/arm-none-eabi/9.2.1/thumb/v6-m/nofp/crti.o
                0x00000000100002c0                _init
 *(EXCLUDE_FILE(*libm.a: *libc.a:*lib_a-mem*.o *libgcc.a:) .text*)
 .text          0x00000000100002c4       0x98 /usr/lib/gcc/arm-none-eabi/9.2.1/thumb/v6-m/nofp/crtbegin.o
 .text.handle_address
                0x000000001000035c      0x340 CMakeFiles/org2-bluetooth-adapter.dir/org2-bluetooth-adapter.c.obj
                0x000000001000035c                handle_address
 .text.i2c_release
                0x000000001000069c       0x16 CMakeFiles/org2-bluetooth-adapter.dir/org2-bluetooth-adapter.c.obj
                0x000000001000069c                i2c_release
 .text.i2c_delay
                0x00000000100006b2        0xc CMakeFiles/org2-bluetooth-adapter.dir/org2-bluetooth-adapter.c.obj
                0x00000000100006b2                i2c_delay
 .text.i2c_sda_low
                0x00000000100006be        0xe CMakeFiles/org2-bluetooth-adapter.dir/org2-bluetooth-adapter.c.obj
                0x00000000100006be                i2c_sda_low
 .text.i2c_sda_high
                0x00000000100006cc        0xc CMakeFiles/org2-bluetooth-adapter.dir/org2-bluetooth-adapter.c.obj
                0x00000000100006cc                i2c_sda_high
 .text.i2c_scl_low
                0x00000000100006d8        0xe CMakeFiles/org2-bluetooth-adapter.dir/org2-bluetooth-adapter.c.obj
                0x00000000100006d8                i2c_scl_low
 .text.i2c_scl_high
                0x00000000100006e6        0xc CMakeFiles/org2-bluetooth-adapter.dir/org2-bluetooth-adapter.c.obj
                0x00000000100006e6                i2c_scl_high
 .text.i2c_read_sda
                0x00000000100006f2        0xe CMakeFiles/org2-bluetooth-adapter.dir/org2-bluetooth-adapter.c.obj
                0x00000000100006f2                i2c_read_sda
 .text.i2c_start
                0x0000000010000700       0x1c CMakeFiles/org2-bluetooth-adapter.dir/org2-bluetooth-adapter.c.obj
                0x0000000010000700                i2c_start
 .text.i2c_stop
                0x000000001000071c       0x1c CMakeFiles/org2-bluetooth-adapter.dir/org2-bluetooth-adapter.c.obj
                0x000000001000071c                i2c_stop
 .text.i2c_send_byte
                0x0000000010000738       0x7e CMakeFiles/org2-bluetooth-adapter.dir/org2-bluetooth-adapter.c.obj
                0x0000000010000738                i2c_send_byte
 .text.i2c_init
                0x00000000100007b6       0x10 CMakeFiles/org2-bluetooth-adapter.dir/org2-bluetooth-adapter.c.obj
                0x00000000100007b6                i2c_init
 .text.oled_send_cmd
                0x00000000100007c6       0x70 CMakeFiles/org2-bluetooth-adapter.dir/org2-bluetooth-adapter.c.obj
                0x00000000100007c6                oled_send_cmd
 .text.oled_set_xy
                0x0000000010000836       0x54 CMakeFiles/org2-bluetooth-adapter.dir/org2-bluetooth-adapter.c.obj
                0x0000000010000836                oled_set_xy
 .text.oled_gap
                0x000000001000088a       0x18 CMakeFiles/org2-bluetooth-adapter.dir/org2-bluetooth-adapter.c.obj
                0x000000001000088a                oled_gap
 *fill*         0x00000000100008a2        0x2 
 .text.oled_display_string
                0x00000000100008a4       0x50 CMakeFiles/org2-bluetooth-adapter.dir/org2-bluetooth-adapter.c.obj
                0x00000000100008a4                oled_display_string
 .text.oled_clear_display
                0x00000000100008f4       0x34 CMakeFiles/org2-bluetooth-adapter.dir/org2-bluetooth-adapter.c.obj
                0x00000000100008f4                oled_clear_display
 .text.oled_setup
                0x0000000010000928       0x48 CMakeFiles/org2-bluetooth-adapter.dir/org2-bluetooth-adapter.c.obj
                0x0000000010000928                oled_setup
 .text.main     0x0000000010000970      0x4f4 CMakeFiles/org2-bluetooth-adapter.dir/org2-bluetooth-adapter.c.obj
                0x0000000010000970                main
 .text.gpio_set_function
                0x0000000010000e64       0x30 CMakeFiles/org2-bluetooth-adapter.dir/tree/downloaded_tools/pico/pico-sdk/src/rp2_common/hardware_gpio/gpio.c.obj
                0x0000000010000e64                gpio_set_function
 .text.gpio_init
                0x0000000010000e94       0x16 CMakeFiles/org2-bluetooth-adapter.dir/tree/downloaded_tools/pico/pico-sdk/src/rp2_common/hardware_gpio/gpio.c.obj
                0x0000000010000e94                gpio_init
 *fill*         0x0000000010000eaa        0x2 
 .text.hw_claim_lock
                0x0000000010000eac       0x18 CMakeFiles/org2-bluetooth-adapter.dir/tree/downloaded_tools/pico/pico-sdk/src/rp2_common/hardware_claim/claim.c.obj
                0x0000000010000eac                hw_claim_lock
 .text.hw_claim_unlock
                0x0000000010000ec4       0x14 CMakeFiles/org2-bluetooth-adapter.dir/tree/downloaded_tools/pico/pico-sdk/src/rp2_common/hardware_claim/claim.c.obj
                0x0000000010000ec4                hw_claim_unlock
 .text.hw_claim_or_assert
                0x0000000010000ed8       0x32 CMakeFiles/org2-bluetooth-adapter.dir/tree/downloaded_tools/pico/pico-sdk/src/rp2_common/hardware_claim/claim.c.obj
                0x0000000010000ed8                hw_claim_or_assert
 .text.hw_claim_unused_from_range
                0x0000000010000f0a       0x50 CMakeFiles/org2-bluetooth-adapter.dir/tree/downloaded_tools/pico/pico-sdk/src/rp2_common/hardware_claim/claim.c.obj
                0x0000000010000f0a                hw_claim_unused_from_range
 *fill*         0x0000000010000f5a        0x2 
 .text.running_on_fpga
                0x0000000010000f5c       0x14 CMakeFiles/org2-bluetooth-adapter.dir/tree/downloaded_tools/pico/pico-sdk/src/rp2_common/pico_platform/platform.c.obj
                0x0000000010000f5c                running_on_fpga
 .text.spin_locks_reset
                0x0000000010000f70       0x20 CMakeFiles/org2-bluetooth-adapter.dir/tree/downloaded_tools/pico/pico-sdk/src/rp2_common/hardware_sync/sync.c.obj
                0x0000000010000f70                spin_locks_reset
 .text.next_striped_spin_lock_num
                0x0000000010000f90       0x1c CMakeFiles/org2-bluetooth-adapter.dir/tree/downloaded_tools/pico/pico-sdk/src/rp2_common/hardware_sync/sync.c.obj
                0x0000000010000f90                next_striped_spin_lock_num
 .text.spin_lock_claim_unused
                0x0000000010000fac       0x20 CMakeFiles/org2-bluetooth-adapter.dir/tree/downloaded_tools/pico/pico-sdk/src/rp2_common/hardware_sync/sync.c.obj
                0x0000000010000fac                spin_lock_claim_unused
 .text.uart_set_baudrate
                0x0000000010000fcc       0x5c CMakeFiles/org2-bluetooth-adapter.dir/tree/downloaded_tools/pico/pico-sdk/src/rp2_common/hardware_uart/uart.c.obj
                0x0000000010000fcc                uart_set_baudrate
 .text.uart_set_translate_crlf
                0x0000000010001028       0x28 CMakeFiles/org2-bluetooth-adapter.dir/tree/downloaded_tools/pico/pico-sdk/src/rp2_common/hardware_uart/uart.c.obj
                0x0000000010001028                uart_set_translate_crlf
 .text.uart_init
                0x0000000010001050       0x80 CMakeFiles/org2-bluetooth-adapter.dir/tree/downloaded_tools/pico/pico-sdk/src/rp2_common/hardware_uart/uart.c.obj
                0x0000000010001050                uart_init
 .text.alarm_pool_post_alloc_init
                0x00000000100010d0       0x40 CMakeFiles/org2-bluetooth-adapter.dir/tree/downloaded_tools/pico/pico-sdk/src/common/pico_time/time.c.obj
 .text.sleep_until_callback
                0x0000000010001110       0x30 CMakeFiles/org2-bluetooth-adapter.dir/tree/downloaded_tools/pico/pico-sdk/src/common/pico_time/time.c.obj
 .text.timer_pool_entry_comparator
                0x0000000010001140       0x7c CMakeFiles/org2-bluetooth-adapter.dir/tree/downloaded_tools/pico/pico-sdk/src/common/pico_time/time.c.obj
                0x0000000010001140                timer_pool_entry_comparator
 .text.ph_add_child_node
                0x00000000100011bc       0xa4 CMakeFiles/org2-bluetooth-adapter.dir/tree/downloaded_tools/pico/pico-sdk/src/common/pico_time/time.c.obj
 .text.ph_merge_nodes
                0x0000000010001260       0x3e CMakeFiles/org2-bluetooth-adapter.dir/tree/downloaded_tools/pico/pico-sdk/src/common/pico_time/time.c.obj
 *fill*         0x000000001000129e        0x2 
 .text.add_alarm_under_lock
                0x00000000100012a0      0x174 CMakeFiles/org2-bluetooth-adapter.dir/tree/downloaded_tools/pico/pico-sdk/src/common/pico_time/time.c.obj
 .text.alarm_pool_alarm_callback
                0x0000000010001414      0x32c CMakeFiles/org2-bluetooth-adapter.dir/tree/downloaded_tools/pico/pico-sdk/src/common/pico_time/time.c.obj
 .text.alarm_pool_init_default
                0x0000000010001740       0x38 CMakeFiles/org2-bluetooth-adapter.dir/tree/downloaded_tools/pico/pico-sdk/src/common/pico_time/time.c.obj
                0x0000000010001740                alarm_pool_init_default
 .text.alarm_pool_get_default
                0x0000000010001778       0x2c CMakeFiles/org2-bluetooth-adapter.dir/tree/downloaded_tools/pico/pico-sdk/src/common/pico_time/time.c.obj
                0x0000000010001778                alarm_pool_get_default
 .text.alarm_pool_add_alarm_at
                0x00000000100017a4      0x170 CMakeFiles/org2-bluetooth-adapter.dir/tree/downloaded_tools/pico/pico-sdk/src/common/pico_time/time.c.obj
                0x00000000100017a4                alarm_pool_add_alarm_at
 .text.alarm_pool_cancel_alarm
                0x0000000010001914       0xec CMakeFiles/org2-bluetooth-adapter.dir/tree/downloaded_tools/pico/pico-sdk/src/common/pico_time/time.c.obj
                0x0000000010001914                alarm_pool_cancel_alarm
 .text.sleep_until
                0x0000000010001a00       0xfc CMakeFiles/org2-bluetooth-adapter.dir/tree/downloaded_tools/pico/pico-sdk/src/common/pico_time/time.c.obj
                0x0000000010001a00                sleep_until
 .text.sleep_us
                0x0000000010001afc       0x58 CMakeFiles/org2-bluetooth-adapter.dir/tree/downloaded_tools/pico/pico-sdk/src/common/pico_time/time.c.obj
                0x0000000010001afc                sleep_us
 .text.best_effort_wfe_or_timeout
                0x0000000010001b54       0x80 CMakeFiles/org2-bluetooth-adapter.dir/tree/downloaded_tools/pico/pico-sdk/src/common/pico_time/time.c.obj
                0x0000000010001b54                best_effort_wfe_or_timeout
 .text.hardware_alarm_irq_handler
                0x0000000010001bd4       0x8c CMakeFiles/org2-bluetooth-adapter.dir/tree/downloaded_tools/pico/pico-sdk/src/rp2_common/hardware_timer/timer.c.obj
 .text.hardware_alarm_claim
                0x0000000010001c60       0x18 CMakeFiles/org2-bluetooth-adapter.dir/tree/downloaded_tools/pico/pico-sdk/src/rp2_common/hardware_timer/timer.c.obj
                0x0000000010001c60                hardware_alarm_claim
 .text.time_us_64
                0x0000000010001c78       0x18 CMakeFiles/org2-bluetooth-adapter.dir/tree/downloaded_tools/pico/pico-sdk/src/rp2_common/hardware_timer/timer.c.obj
                0x0000000010001c78                time_us_64
 .text.busy_wait_until
                0x0000000010001c90       0x24 CMakeFiles/org2-bluetooth-adapter.dir/tree/downloaded_tools/pico/pico-sdk/src/rp2_common/hardware_timer/timer.c.obj
                0x0000000010001c90                busy_wait_until
 .text.hardware_alarm_set_callback
                0x0000000010001cb4       0x90 CMakeFiles/org2-bluetooth-adapter.dir/tree/downloaded_tools/pico/pico-sdk/src/rp2_common/hardware_timer/timer.c.obj
                0x0000000010001cb4                hardware_alarm_set_callback
 .text.hardware_alarm_set_target
                0x0000000010001d44       0xe8 CMakeFiles/org2-bluetooth-adapter.dir/tree/downloaded_tools/pico/pico-sdk/src/rp2_common/hardware_timer/timer.c.obj
                0x0000000010001d44                hardware_alarm_set_target
 .text.hardware_alarm_cancel
                0x0000000010001e2c       0x40 CMakeFiles/org2-bluetooth-adapter.dir/tree/downloaded_tools/pico/pico-sdk/src/rp2_common/hardware_timer/timer.c.obj
                0x0000000010001e2c                hardware_alarm_cancel
 .text.lock_init
                0x0000000010001e6c       0x10 CMakeFiles/org2-bluetooth-adapter.dir/tree/downloaded_tools/pico/pico-sdk/src/common/pico_sync/lock_core.c.obj
                0x0000000010001e6c                lock_init
 .text.mutex_init_internal
                0x0000000010001e7c       0x1e CMakeFiles/org2-bluetooth-adapter.dir/tree/downloaded_tools/pico/pico-sdk/src/common/pico_sync/mutex.c.obj
 .text.mutex_init
                0x0000000010001e9a        0xa CMakeFiles/org2-bluetooth-adapter.dir/tree/downloaded_tools/pico/pico-sdk/src/common/pico_sync/mutex.c.obj
                0x0000000010001e9a                mutex_init
 .text.recursive_mutex_init
                0x0000000010001ea4        0xa CMakeFiles/org2-bluetooth-adapter.dir/tree/downloaded_tools/pico/pico-sdk/src/common/pico_sync/mutex.c.obj
                0x0000000010001ea4                recursive_mutex_init
 *fill*         0x0000000010001eae        0x2 
 .text.critical_section_init_with_lock_num
                0x0000000010001eb0       0x14 CMakeFiles/org2-bluetooth-adapter.dir/tree/downloaded_tools/pico/pico-sdk/src/common/pico_sync/critical_section.c.obj
                0x0000000010001eb0                critical_section_init_with_lock_num
 .text.critical_section_init
                0x0000000010001ec4       0x14 CMakeFiles/org2-bluetooth-adapter.dir/tree/downloaded_tools/pico/pico-sdk/src/common/pico_sync/critical_section.c.obj
                0x0000000010001ec4                critical_section_init
 .text.ph_add_child_node
                0x0000000010001ed8       0xa4 CMakeFiles/org2-bluetooth-adapter.dir/tree/downloaded_tools/pico/pico-sdk/src/common/pico_util/pheap.c.obj
 .text.ph_merge_nodes
                0x0000000010001f7c       0x3e CMakeFiles/org2-bluetooth-adapter.dir/tree/downloaded_tools/pico/pico-sdk/src/common/pico_util/pheap.c.obj
 *fill*         0x0000000010001fba        0x2 
 .text.ph_clear
                0x0000000010001fbc       0x70 CMakeFiles/org2-bluetooth-adapter.dir/tree/downloaded_tools/pico/pico-sdk/src/common/pico_util/pheap.c.obj
                0x0000000010001fbc                ph_clear
 .text.ph_post_alloc_init
                0x000000001000202c        0xe CMakeFiles/org2-bluetooth-adapter.dir/tree/downloaded_tools/pico/pico-sdk/src/common/pico_util/pheap.c.obj
                0x000000001000202c                ph_post_alloc_init
 *fill*         0x000000001000203a        0x2 
 .text.ph_merge_two_pass
                0x000000001000203c       0xa8 CMakeFiles/org2-bluetooth-adapter.dir/tree/downloaded_tools/pico/pico-sdk/src/common/pico_util/pheap.c.obj
                0x000000001000203c                ph_merge_two_pass
 .text.ph_remove_any_head
                0x00000000100020e4      0x108 CMakeFiles/org2-bluetooth-adapter.dir/tree/downloaded_tools/pico/pico-sdk/src/common/pico_util/pheap.c.obj
 .text.ph_remove_head
                0x00000000100021ec       0x14 CMakeFiles/org2-bluetooth-adapter.dir/tree/downloaded_tools/pico/pico-sdk/src/common/pico_util/pheap.c.obj
                0x00000000100021ec                ph_remove_head
 .text.ph_remove_and_free_node
                0x0000000010002200       0xf8 CMakeFiles/org2-bluetooth-adapter.dir/tree/downloaded_tools/pico/pico-sdk/src/common/pico_util/pheap.c.obj
                0x0000000010002200                ph_remove_and_free_node
 .text.runtime_init
                0x00000000100022f8       0xd8 CMakeFiles/org2-bluetooth-adapter.dir/tree/downloaded_tools/pico/pico-sdk/src/rp2_common/pico_runtime/runtime.c.obj
                0x00000000100022f8                runtime_init
 .text._exit    0x00000000100023d0        0x4 CMakeFiles/org2-bluetooth-adapter.dir/tree/downloaded_tools/pico/pico-sdk/src/rp2_common/pico_runtime/runtime.c.obj
                0x00000000100023d0                _exit
 .text.exit     0x00000000100023d4        0x6 CMakeFiles/org2-bluetooth-adapter.dir/tree/downloaded_tools/pico/pico-sdk/src/rp2_common/pico_runtime/runtime.c.obj
                0x00000000100023d4                exit
 *fill*         0x00000000100023da        0x2 
 .text.__assert_func
                0x00000000100023dc       0x3c CMakeFiles/org2-bluetooth-adapter.dir/tree/downloaded_tools/pico/pico-sdk/src/rp2_common/pico_runtime/runtime.c.obj
                0x00000000100023dc                __assert_func
 .text.panic    0x0000000010002418       0x30 CMakeFiles/org2-bluetooth-adapter.dir/tree/downloaded_tools/pico/pico-sdk/src/rp2_common/pico_runtime/runtime.c.obj
                0x0000000010002418                panic
 .text.clock_configure
                0x0000000010002448      0x104 CMakeFiles/org2-bluetooth-adapter.dir/tree/downloaded_tools/pico/pico-sdk/src/rp2_common/hardware_clocks/clocks.c.obj
                0x0000000010002448                clock_configure
 .text.clocks_init
                0x000000001000254c      0x100 CMakeFiles/org2-bluetooth-adapter.dir/tree/downloaded_tools/pico/pico-sdk/src/rp2_common/hardware_clocks/clocks.c.obj
                0x000000001000254c                clocks_init
 .text.clock_get_hz
                0x000000001000264c        0xc CMakeFiles/org2-bluetooth-adapter.dir/tree/downloaded_tools/pico/pico-sdk/src/rp2_common/hardware_clocks/clocks.c.obj
                0x000000001000264c                clock_get_hz
 .text.set_raw_irq_handler_and_unlock
                0x0000000010002658       0x28 CMakeFiles/org2-bluetooth-adapter.dir/tree/downloaded_tools/pico/pico-sdk/src/rp2_common/hardware_irq/irq.c.obj
 .text.make_branch
                0x0000000010002680       0x34 CMakeFiles/org2-bluetooth-adapter.dir/tree/downloaded_tools/pico/pico-sdk/src/rp2_common/hardware_irq/irq.c.obj
 .text.insert_branch_and_link
                0x00000000100026b4       0x40 CMakeFiles/org2-bluetooth-adapter.dir/tree/downloaded_tools/pico/pico-sdk/src/rp2_common/hardware_irq/irq.c.obj
 .text.irq_is_enabled
                0x00000000100026f4       0x18 CMakeFiles/org2-bluetooth-adapter.dir/tree/downloaded_tools/pico/pico-sdk/src/rp2_common/hardware_irq/irq.c.obj
                0x00000000100026f4                irq_is_enabled
 .text.irq_set_mask_enabled
                0x000000001000270c       0x20 CMakeFiles/org2-bluetooth-adapter.dir/tree/downloaded_tools/pico/pico-sdk/src/rp2_common/hardware_irq/irq.c.obj
                0x000000001000270c                irq_set_mask_enabled
 .text.irq_set_enabled
                0x000000001000272c        0xe CMakeFiles/org2-bluetooth-adapter.dir/tree/downloaded_tools/pico/pico-sdk/src/rp2_common/hardware_irq/irq.c.obj
                0x000000001000272c                irq_set_enabled
 *fill*         0x000000001000273a        0x2 
 .text.irq_set_pending
                0x000000001000273c       0x10 CMakeFiles/org2-bluetooth-adapter.dir/tree/downloaded_tools/pico/pico-sdk/src/rp2_common/hardware_irq/irq.c.obj
                0x000000001000273c                irq_set_pending
 .text.irq_get_vtable_handler
                0x000000001000274c       0x10 CMakeFiles/org2-bluetooth-adapter.dir/tree/downloaded_tools/pico/pico-sdk/src/rp2_common/hardware_irq/irq.c.obj
                0x000000001000274c                irq_get_vtable_handler
 .text.irq_set_exclusive_handler
                0x000000001000275c       0x54 CMakeFiles/org2-bluetooth-adapter.dir/tree/downloaded_tools/pico/pico-sdk/src/rp2_common/hardware_irq/irq.c.obj
                0x000000001000275c                irq_set_exclusive_handler
 .text.irq_remove_handler
                0x00000000100027b0      0x1ac CMakeFiles/org2-bluetooth-adapter.dir/tree/downloaded_tools/pico/pico-sdk/src/rp2_common/hardware_irq/irq.c.obj
                0x00000000100027b0                irq_remove_handler
 .text.irq_set_priority
                0x000000001000295c       0x28 CMakeFiles/org2-bluetooth-adapter.dir/tree/downloaded_tools/pico/pico-sdk/src/rp2_common/hardware_irq/irq.c.obj
                0x000000001000295c                irq_set_priority
 .text.irq_add_tail_to_free_list
                0x0000000010002984       0xf0 CMakeFiles/org2-bluetooth-adapter.dir/tree/downloaded_tools/pico/pico-sdk/src/rp2_common/hardware_irq/irq.c.obj
                0x0000000010002984                irq_add_tail_to_free_list
 .text.irq_init_priorities
                0x0000000010002a74       0x16 CMakeFiles/org2-bluetooth-adapter.dir/tree/downloaded_tools/pico/pico-sdk/src/rp2_common/hardware_irq/irq.c.obj
                0x0000000010002a74                irq_init_priorities
 *fill*         0x0000000010002a8a        0x2 
 .text.pll_init
                0x0000000010002a8c      0x118 CMakeFiles/org2-bluetooth-adapter.dir/tree/downloaded_tools/pico/pico-sdk/src/rp2_common/hardware_pll/pll.c.obj
                0x0000000010002a8c                pll_init
 .text.watchdog_start_tick
                0x0000000010002ba4       0x10 CMakeFiles/org2-bluetooth-adapter.dir/tree/downloaded_tools/pico/pico-sdk/src/rp2_common/hardware_watchdog/watchdog.c.obj
                0x0000000010002ba4                watchdog_start_tick
 .text.watchdog_update
                0x0000000010002bb4       0x14 CMakeFiles/org2-bluetooth-adapter.dir/tree/downloaded_tools/pico/pico-sdk/src/rp2_common/hardware_watchdog/watchdog.c.obj
                0x0000000010002bb4                watchdog_update
 .text._watchdog_enable
                0x0000000010002bc8       0x70 CMakeFiles/org2-bluetooth-adapter.dir/tree/downloaded_tools/pico/pico-sdk/src/rp2_common/hardware_watchdog/watchdog.c.obj
                0x0000000010002bc8                _watchdog_enable
 .text.watchdog_reboot
                0x0000000010002c38       0x48 CMakeFiles/org2-bluetooth-adapter.dir/tree/downloaded_tools/pico/pico-sdk/src/rp2_common/hardware_watchdog/watchdog.c.obj
                0x0000000010002c38                watchdog_reboot
 .text.xosc_init
                0x0000000010002c80       0x28 CMakeFiles/org2-bluetooth-adapter.dir/tree/downloaded_tools/pico/pico-sdk/src/rp2_common/hardware_xosc/xosc.c.obj
                0x0000000010002c80                xosc_init
 .text._out_null
                0x0000000010002ca8        0x2 CMakeFiles/org2-bluetooth-adapter.dir/tree/downloaded_tools/pico/pico-sdk/src/rp2_common/pico_printf/printf.c.obj
 .text._out_fct
                0x0000000010002caa        0xe CMakeFiles/org2-bluetooth-adapter.dir/tree/downloaded_tools/pico/pico-sdk/src/rp2_common/pico_printf/printf.c.obj
 .text._atoi    0x0000000010002cb8       0x24 CMakeFiles/org2-bluetooth-adapter.dir/tree/downloaded_tools/pico/pico-sdk/src/rp2_common/pico_printf/printf.c.obj
 .text._out_rev
                0x0000000010002cdc       0xae CMakeFiles/org2-bluetooth-adapter.dir/tree/downloaded_tools/pico/pico-sdk/src/rp2_common/pico_printf/printf.c.obj
 .text._ntoa_format
                0x0000000010002d8a      0x110 CMakeFiles/org2-bluetooth-adapter.dir/tree/downloaded_tools/pico/pico-sdk/src/rp2_common/pico_printf/printf.c.obj
 .text._ntoa_long
                0x0000000010002e9a       0xbc CMakeFiles/org2-bluetooth-adapter.dir/tree/downloaded_tools/pico/pico-sdk/src/rp2_common/pico_printf/printf.c.obj
 .text._ntoa_long_long
                0x0000000010002f56       0xe2 CMakeFiles/org2-bluetooth-adapter.dir/tree/downloaded_tools/pico/pico-sdk/src/rp2_common/pico_printf/printf.c.obj
 .text._etoa    0x0000000010003038      0x40c CMakeFiles/org2-bluetooth-adapter.dir/tree/downloaded_tools/pico/pico-sdk/src/rp2_common/pico_printf/printf.c.obj
 .text._ftoa    0x0000000010003444      0x354 CMakeFiles/org2-bluetooth-adapter.dir/tree/downloaded_tools/pico/pico-sdk/src/rp2_common/pico_printf/printf.c.obj
 .text._vsnprintf
                0x0000000010003798      0x628 CMakeFiles/org2-bluetooth-adapter.dir/tree/downloaded_tools/pico/pico-sdk/src/rp2_common/pico_printf/printf.c.obj
 .text.vfctprintf
                0x0000000010003dc0       0x20 CMakeFiles/org2-bluetooth-adapter.dir/tree/downloaded_tools/pico/pico-sdk/src/rp2_common/pico_printf/printf.c.obj
                0x0000000010003dc0                vfctprintf
 .text          0x0000000010003de0       0x10 CMakeFiles/org2-bluetooth-adapter.dir/tree/downloaded_tools/pico/pico-sdk/src/rp2_common/pico_bit_ops/bit_ops_aeabi.S.obj
 .text.rom_func_lookup
                0x0000000010003df0       0x10 CMakeFiles/org2-bluetooth-adapter.dir/tree/downloaded_tools/pico/pico-sdk/src/rp2_common/pico_bootrom/bootrom.c.obj
                0x0000000010003df0                rom_func_lookup
 .text.rom_data_lookup
                0x0000000010003e00       0x10 CMakeFiles/org2-bluetooth-adapter.dir/tree/downloaded_tools/pico/pico-sdk/src/rp2_common/pico_bootrom/bootrom.c.obj
                0x0000000010003e00                rom_data_lookup
 .text.rom_funcs_lookup
                0x0000000010003e10       0x36 CMakeFiles/org2-bluetooth-adapter.dir/tree/downloaded_tools/pico/pico-sdk/src/rp2_common/pico_bootrom/bootrom.c.obj
                0x0000000010003e10                rom_funcs_lookup
 *fill*         0x0000000010003e46        0x2 
 .text.__wrap___aeabi_idiv
                0x0000000010003e48       0x50 CMakeFiles/org2-bluetooth-adapter.dir/tree/downloaded_tools/pico/pico-sdk/src/rp2_common/pico_divider/divider.S.obj
                0x0000000010003e48                __wrap___aeabi_idivmod
                0x0000000010003e48                divmod_s32s32
                0x0000000010003e48                div_s32s32
                0x0000000010003e48                __wrap___aeabi_idiv
                0x0000000010003e50                divmod_s32s32_unsafe
                0x0000000010003e7c                divmod_s32s32_savestate
 .text.__wrap___aeabi_uidiv
                0x0000000010003e98       0x4c CMakeFiles/org2-bluetooth-adapter.dir/tree/downloaded_tools/pico/pico-sdk/src/rp2_common/pico_divider/divider.S.obj
                0x0000000010003e98                __wrap___aeabi_uidiv
                0x0000000010003e98                __wrap___aeabi_uidivmod
                0x0000000010003e98                div_u32u32
                0x0000000010003e98                divmod_u32u32
                0x0000000010003ea0                divmod_u32u32_unsafe
                0x0000000010003ec8                divmod_u32u32_savestate
 .text.__wrap___aeabi_ldiv
                0x0000000010003ee4      0x430 CMakeFiles/org2-bluetooth-adapter.dir/tree/downloaded_tools/pico/pico-sdk/src/rp2_common/pico_divider/divider.S.obj
                0x0000000010003ee4                div_s64s64
                0x0000000010003ee4                divmod_s64s64
                0x0000000010003ee4                __wrap___aeabi_ldivmod
                0x0000000010003f1c                div_u64u64
                0x0000000010003f1c                divmod_u64u64
                0x0000000010003f1c                __wrap___aeabi_uldivmod
                0x0000000010003f2c                divmod_u64u64_savestate
                0x0000000010003f54                divmod_s64s64_unsafe
                0x0000000010003fdc                divmod_u64u64_unsafe
 .text.__wrap___aeabi_darithmetic
                0x0000000010004314       0x80 CMakeFiles/org2-bluetooth-adapter.dir/tree/downloaded_tools/pico/pico-sdk/src/rp2_common/pico_double/double_aeabi.S.obj
                0x0000000010004314                __wrap___aeabi_drsub
                0x000000001000431a                __wrap___aeabi_dsub
                0x000000001000432c                __wrap___aeabi_dadd
                0x000000001000433e                __wrap___aeabi_ddiv
                0x000000001000437a                __wrap___aeabi_dmul
 .text.__wrap___aeabi_cdcmple
                0x0000000010004394       0x6c CMakeFiles/org2-bluetooth-adapter.dir/tree/downloaded_tools/pico/pico-sdk/src/rp2_common/pico_double/double_aeabi.S.obj
                0x0000000010004394                __wrap___aeabi_cdrcmple
                0x00000000100043a4                __wrap___aeabi_cdcmple
                0x00000000100043a4                __wrap___aeabi_cdcmpeq
 .text.__wrap___aeabi_dcmplt
                0x0000000010004400        0xc CMakeFiles/org2-bluetooth-adapter.dir/tree/downloaded_tools/pico/pico-sdk/src/rp2_common/pico_double/double_aeabi.S.obj
                0x0000000010004400                __wrap___aeabi_dcmplt
 .text.__wrap___aeabi_dcmple
                0x000000001000440c       0x10 CMakeFiles/org2-bluetooth-adapter.dir/tree/downloaded_tools/pico/pico-sdk/src/rp2_common/pico_double/double_aeabi.S.obj
                0x000000001000440c                __wrap___aeabi_dcmple
 .text.__wrap___aeabi_dcmpge
                0x000000001000441c       0x10 CMakeFiles/org2-bluetooth-adapter.dir/tree/downloaded_tools/pico/pico-sdk/src/rp2_common/pico_double/double_aeabi.S.obj
                0x000000001000441c                __wrap___aeabi_dcmpge
 .text.__wrap___aeabi_dcmpgt
                0x000000001000442c        0xa CMakeFiles/org2-bluetooth-adapter.dir/tree/downloaded_tools/pico/pico-sdk/src/rp2_common/pico_double/double_aeabi.S.obj
                0x000000001000442c                __wrap___aeabi_dcmpgt
 .text.__wrap___aeabi_dcmpun
                0x0000000010004436       0x1c CMakeFiles/org2-bluetooth-adapter.dir/tree/downloaded_tools/pico/pico-sdk/src/rp2_common/pico_double/double_aeabi.S.obj
                0x0000000010004436                __wrap___aeabi_dcmpun
 *fill*         0x0000000010004452        0x2 
 .text.__wrap___aeabi_i2d
                0x0000000010004454       0x38 CMakeFiles/org2-bluetooth-adapter.dir/tree/downloaded_tools/pico/pico-sdk/src/rp2_common/pico_double/double_aeabi.S.obj
                0x0000000010004454                __wrap___aeabi_ui2d
                0x000000001000445c                __wrap___aeabi_i2d
 .text.__wrap___aeabi_d2iz
                0x000000001000448c       0x48 CMakeFiles/org2-bluetooth-adapter.dir/tree/downloaded_tools/pico/pico-sdk/src/rp2_common/pico_double/double_aeabi.S.obj
                0x000000001000448c                __wrap___aeabi_d2iz
                0x000000001000448c                double2int_z
 .text.__wrap___aeabi_d2uiz
                0x00000000100044d4       0x18 CMakeFiles/org2-bluetooth-adapter.dir/tree/downloaded_tools/pico/pico-sdk/src/rp2_common/pico_double/double_aeabi.S.obj
                0x00000000100044d4                double2uint
                0x00000000100044d4                __wrap___aeabi_d2uiz
 .text.__aeabi_double_init
                0x00000000100044ec       0xb4 CMakeFiles/org2-bluetooth-adapter.dir/tree/downloaded_tools/pico/pico-sdk/src/rp2_common/pico_double/double_init_rom.c.obj
                0x00000000100044ec                __aeabi_double_init
 .text.double_table_shim_on_use_helper
                0x00000000100045a0       0x34 CMakeFiles/org2-bluetooth-adapter.dir/tree/downloaded_tools/pico/pico-sdk/src/rp2_common/pico_double/double_v1_rom_shim.S.obj
                0x00000000100045a0                double_table_shim_on_use_helper
 .text.__wrap___aeabi_dsub
                0x00000000100045d4       0x10 CMakeFiles/org2-bluetooth-adapter.dir/tree/downloaded_tools/pico/pico-sdk/src/rp2_common/pico_double/double_v1_rom_shim.S.obj
                0x00000000100045d4                drsub_shim
                0x00000000100045da                dsub_shim
 .text.dadd_shim
                0x00000000100045e4      0x15c CMakeFiles/org2-bluetooth-adapter.dir/tree/downloaded_tools/pico/pico-sdk/src/rp2_common/pico_double/double_v1_rom_shim.S.obj
                0x00000000100045e4                dadd_shim
 .text.dmul_shim
                0x0000000010004740      0x15c CMakeFiles/org2-bluetooth-adapter.dir/tree/downloaded_tools/pico/pico-sdk/src/rp2_common/pico_double/double_v1_rom_shim.S.obj
                0x0000000010004740                dmul_shim
 .text.ddiv_shim
                0x000000001000489c      0x1b0 CMakeFiles/org2-bluetooth-adapter.dir/tree/downloaded_tools/pico/pico-sdk/src/rp2_common/pico_double/double_v1_rom_shim.S.obj
                0x000000001000489c                ddiv_shim
 .text.dcordic_rot_step
                0x0000000010004a4c       0x7c CMakeFiles/org2-bluetooth-adapter.dir/tree/downloaded_tools/pico/pico-sdk/src/rp2_common/pico_double/double_v1_rom_shim.S.obj
                0x0000000010004a4c                dcordic_rot_step
 .text.double2uint_shim
                0x0000000010004ac8        0xe CMakeFiles/org2-bluetooth-adapter.dir/tree/downloaded_tools/pico/pico-sdk/src/rp2_common/pico_double/double_v1_rom_shim.S.obj
                0x0000000010004ac8                double2uint_shim
                0x0000000010004aca                double2ufix_shim
 *fill*         0x0000000010004ad6        0x2 
 .text.double2uint64_shim
                0x0000000010004ad8       0x6c CMakeFiles/org2-bluetooth-adapter.dir/tree/downloaded_tools/pico/pico-sdk/src/rp2_common/pico_double/double_v1_rom_shim.S.obj
                0x0000000010004ad8                double2uint64_shim
                0x0000000010004ada                double2ufix64_shim
                0x0000000010004af4                d2fix_a
 .text.dunpacks
                0x0000000010004b44       0x3c CMakeFiles/org2-bluetooth-adapter.dir/tree/downloaded_tools/pico/pico-sdk/src/rp2_common/pico_double/double_v1_rom_shim.S.obj
                0x0000000010004b44                dunpacks
 .text.__aeabi_lmul
                0x0000000010004b80       0x32 CMakeFiles/org2-bluetooth-adapter.dir/tree/downloaded_tools/pico/pico-sdk/src/rp2_common/pico_int64_ops/pico_int64_ops_aeabi.S.obj
                0x0000000010004b80                __wrap___aeabi_lmul
 *fill*         0x0000000010004bb2        0x2 
 .text.__aeabi_float_init
                0x0000000010004bb4       0xfc CMakeFiles/org2-bluetooth-adapter.dir/tree/downloaded_tools/pico/pico-sdk/src/rp2_common/pico_float/float_init_rom.c.obj
                0x0000000010004bb4                __aeabi_float_init
 .text.float_table_shim_on_use_helper
                0x0000000010004cb0       0x34 CMakeFiles/org2-bluetooth-adapter.dir/tree/downloaded_tools/pico/pico-sdk/src/rp2_common/pico_float/float_v1_rom_shim.S.obj
                0x0000000010004cb0                float_table_shim_on_use_helper
 .text          0x0000000010004ce4       0x10 CMakeFiles/org2-bluetooth-adapter.dir/tree/downloaded_tools/pico/pico-sdk/src/rp2_common/pico_mem_ops/mem_ops_aeabi.S.obj
                0x0000000010004ce4                __aeabi_mem_init
 .text.memset   0x0000000010004cf4        0xc CMakeFiles/org2-bluetooth-adapter.dir/tree/downloaded_tools/pico/pico-sdk/src/rp2_common/pico_mem_ops/mem_ops_aeabi.S.obj
                0x0000000010004cf4                __wrap_memset
 .text.memcpy   0x0000000010004d00        0xc CMakeFiles/org2-bluetooth-adapter.dir/tree/downloaded_tools/pico/pico-sdk/src/rp2_common/pico_mem_ops/mem_ops_aeabi.S.obj
                0x0000000010004d00                __wrap___aeabi_memcpy
                0x0000000010004d00                __wrap_memcpy
 .text.stdio_out_chars_crlf
                0x0000000010004d0c       0x80 CMakeFiles/org2-bluetooth-adapter.dir/tree/downloaded_tools/pico/pico-sdk/src/rp2_common/pico_stdio/stdio.c.obj
 .text.stdio_stack_buffer_flush
                0x0000000010004d8c       0x44 CMakeFiles/org2-bluetooth-adapter.dir/tree/downloaded_tools/pico/pico-sdk/src/rp2_common/pico_stdio/stdio.c.obj
 .text.stdio_buffered_printer
                0x0000000010004dd0       0x20 CMakeFiles/org2-bluetooth-adapter.dir/tree/downloaded_tools/pico/pico-sdk/src/rp2_common/pico_stdio/stdio.c.obj
 .text.stdout_serialize_begin
                0x0000000010004df0       0x30 CMakeFiles/org2-bluetooth-adapter.dir/tree/downloaded_tools/pico/pico-sdk/src/rp2_common/pico_stdio/stdio.c.obj
                0x0000000010004df0                stdout_serialize_begin
 .text.stdout_serialize_end
                0x0000000010004e20       0x10 CMakeFiles/org2-bluetooth-adapter.dir/tree/downloaded_tools/pico/pico-sdk/src/rp2_common/pico_stdio/stdio.c.obj
                0x0000000010004e20                stdout_serialize_end
 .text.stdio_put_string
                0x0000000010004e30       0x84 CMakeFiles/org2-bluetooth-adapter.dir/tree/downloaded_tools/pico/pico-sdk/src/rp2_common/pico_stdio/stdio.c.obj
 .text.stdio_set_driver_enabled
                0x0000000010004eb4       0x38 CMakeFiles/org2-bluetooth-adapter.dir/tree/downloaded_tools/pico/pico-sdk/src/rp2_common/pico_stdio/stdio.c.obj
                0x0000000010004eb4                stdio_set_driver_enabled
 .text.stdio_flush
                0x0000000010004eec       0x20 CMakeFiles/org2-bluetooth-adapter.dir/tree/downloaded_tools/pico/pico-sdk/src/rp2_common/pico_stdio/stdio.c.obj
                0x0000000010004eec                stdio_flush
 .text.__wrap_puts
                0x0000000010004f0c       0x1c CMakeFiles/org2-bluetooth-adapter.dir/tree/downloaded_tools/pico/pico-sdk/src/rp2_common/pico_stdio/stdio.c.obj
                0x0000000010004f0c                __wrap_puts
 .text.__wrap_vprintf
                0x0000000010004f28       0x44 CMakeFiles/org2-bluetooth-adapter.dir/tree/downloaded_tools/pico/pico-sdk/src/rp2_common/pico_stdio/stdio.c.obj
                0x0000000010004f28                __wrap_vprintf
 .text.__wrap_printf
                0x0000000010004f6c       0x18 CMakeFiles/org2-bluetooth-adapter.dir/tree/downloaded_tools/pico/pico-sdk/src/rp2_common/pico_stdio/stdio.c.obj
                0x0000000010004f6c                __wrap_printf
 .text.stdio_init_all
                0x0000000010004f84        0xc CMakeFiles/org2-bluetooth-adapter.dir/tree/downloaded_tools/pico/pico-sdk/src/rp2_common/pico_stdio/stdio.c.obj
                0x0000000010004f84                stdio_init_all
 .text.stdio_uart_out_chars
                0x0000000010004f90       0x74 CMakeFiles/org2-bluetooth-adapter.dir/tree/downloaded_tools/pico/pico-sdk/src/rp2_common/pico_stdio_uart/stdio_uart.c.obj
 .text.stdio_uart_in_chars
                0x0000000010005004       0x54 CMakeFiles/org2-bluetooth-adapter.dir/tree/downloaded_tools/pico/pico-sdk/src/rp2_common/pico_stdio_uart/stdio_uart.c.obj
                0x0000000010005004                stdio_uart_in_chars
 .text.stdio_uart_init_full
                0x0000000010005058       0x3c CMakeFiles/org2-bluetooth-adapter.dir/tree/downloaded_tools/pico/pico-sdk/src/rp2_common/pico_stdio_uart/stdio_uart.c.obj
                0x0000000010005058                stdio_uart_init_full
 .text.stdio_uart_init
                0x0000000010005094       0x28 CMakeFiles/org2-bluetooth-adapter.dir/tree/downloaded_tools/pico/pico-sdk/src/rp2_common/pico_stdio_uart/stdio_uart.c.obj
                0x0000000010005094                stdio_uart_init
 .text.resetd_init
                0x00000000100050bc        0x2 CMakeFiles/org2-bluetooth-adapter.dir/tree/downloaded_tools/pico/pico-sdk/src/rp2_common/pico_stdio_usb/reset_interface.c.obj
 *fill*         0x00000000100050be        0x2 
 .text.resetd_reset
                0x00000000100050c0        0xc CMakeFiles/org2-bluetooth-adapter.dir/tree/downloaded_tools/pico/pico-sdk/src/rp2_common/pico_stdio_usb/reset_interface.c.obj
 .text.resetd_open
                0x00000000100050cc       0x34 CMakeFiles/org2-bluetooth-adapter.dir/tree/downloaded_tools/pico/pico-sdk/src/rp2_common/pico_stdio_usb/reset_interface.c.obj
 .text.resetd_xfer_cb
                0x0000000010005100        0x4 CMakeFiles/org2-bluetooth-adapter.dir/tree/downloaded_tools/pico/pico-sdk/src/rp2_common/pico_stdio_usb/reset_interface.c.obj
 .text.resetd_control_xfer_cb
                0x0000000010005104       0x6c CMakeFiles/org2-bluetooth-adapter.dir/tree/downloaded_tools/pico/pico-sdk/src/rp2_common/pico_stdio_usb/reset_interface.c.obj
 .text.usbd_app_driver_get_cb
                0x0000000010005170        0xc CMakeFiles/org2-bluetooth-adapter.dir/tree/downloaded_tools/pico/pico-sdk/src/rp2_common/pico_stdio_usb/reset_interface.c.obj
                0x0000000010005170                usbd_app_driver_get_cb
 .text.tud_cdc_line_coding_cb
                0x000000001000517c       0x34 CMakeFiles/org2-bluetooth-adapter.dir/tree/downloaded_tools/pico/pico-sdk/src/rp2_common/pico_stdio_usb/reset_interface.c.obj
                0x000000001000517c                tud_cdc_line_coding_cb
 .text.stdio_usb_in_chars
                0x00000000100051b0       0x70 CMakeFiles/org2-bluetooth-adapter.dir/tree/downloaded_tools/pico/pico-sdk/src/rp2_common/pico_stdio_usb/stdio_usb.c.obj
                0x00000000100051b0                stdio_usb_in_chars
 .text.low_priority_worker_irq
                0x0000000010005220       0x20 CMakeFiles/org2-bluetooth-adapter.dir/tree/downloaded_tools/pico/pico-sdk/src/rp2_common/pico_stdio_usb/stdio_usb.c.obj
 .text.stdio_usb_out_chars
                0x0000000010005240       0xd4 CMakeFiles/org2-bluetooth-adapter.dir/tree/downloaded_tools/pico/pico-sdk/src/rp2_common/pico_stdio_usb/stdio_usb.c.obj
 .text.timer_task
                0x0000000010005314       0x10 CMakeFiles/org2-bluetooth-adapter.dir/tree/downloaded_tools/pico/pico-sdk/src/rp2_common/pico_stdio_usb/stdio_usb.c.obj
 .text.stdio_usb_init
                0x0000000010005324       0xb8 CMakeFiles/org2-bluetooth-adapter.dir/tree/downloaded_tools/pico/pico-sdk/src/rp2_common/pico_stdio_usb/stdio_usb.c.obj
                0x0000000010005324                stdio_usb_init
 .text.tud_descriptor_device_cb
                0x00000000100053dc        0x8 CMakeFiles/org2-bluetooth-adapter.dir/tree/downloaded_tools/pico/pico-sdk/src/rp2_common/pico_stdio_usb/stdio_usb_descriptors.c.obj
                0x00000000100053dc                tud_descriptor_device_cb
 .text.tud_descriptor_configuration_cb
                0x00000000100053e4        0x8 CMakeFiles/org2-bluetooth-adapter.dir/tree/downloaded_tools/pico/pico-sdk/src/rp2_common/pico_stdio_usb/stdio_usb_descriptors.c.obj
                0x00000000100053e4                tud_descriptor_configuration_cb
 .text.tud_descriptor_string_cb
                0x00000000100053ec       0x68 CMakeFiles/org2-bluetooth-adapter.dir/tree/downloaded_tools/pico/pico-sdk/src/rp2_common/pico_stdio_usb/stdio_usb_descriptors.c.obj
                0x00000000100053ec                tud_descriptor_string_cb
 .text.hw_endpoint_get_by_addr
                0x0000000010005454       0x18 CMakeFiles/org2-bluetooth-adapter.dir/tree/downloaded_tools/pico/pico-sdk/lib/tinyusb/src/portable/raspberrypi/rp2040/dcd_rp2040.c.obj
 .text.reset_ep0
                0x000000001000546c       0x2c CMakeFiles/org2-bluetooth-adapter.dir/tree/downloaded_tools/pico/pico-sdk/lib/tinyusb/src/portable/raspberrypi/rp2040/dcd_rp2040.c.obj
 .text._hw_endpoint_alloc
                0x0000000010005498       0x80 CMakeFiles/org2-bluetooth-adapter.dir/tree/downloaded_tools/pico/pico-sdk/lib/tinyusb/src/portable/raspberrypi/rp2040/dcd_rp2040.c.obj
 .text._hw_endpoint_init
                0x0000000010005518       0xbc CMakeFiles/org2-bluetooth-adapter.dir/tree/downloaded_tools/pico/pico-sdk/lib/tinyusb/src/portable/raspberrypi/rp2040/dcd_rp2040.c.obj
 .text.hw_endpoint_init
                0x00000000100055d4       0x18 CMakeFiles/org2-bluetooth-adapter.dir/tree/downloaded_tools/pico/pico-sdk/lib/tinyusb/src/portable/raspberrypi/rp2040/dcd_rp2040.c.obj
 .text.hw_handle_buff_status
                0x00000000100055ec       0xb4 CMakeFiles/org2-bluetooth-adapter.dir/tree/downloaded_tools/pico/pico-sdk/lib/tinyusb/src/portable/raspberrypi/rp2040/dcd_rp2040.c.obj
 .text.dcd_rp2040_irq
                0x00000000100056a0       0xa8 CMakeFiles/org2-bluetooth-adapter.dir/tree/downloaded_tools/pico/pico-sdk/lib/tinyusb/src/portable/raspberrypi/rp2040/dcd_rp2040.c.obj
 .text.hw_endpoint_xfer
                0x0000000010005748       0x18 CMakeFiles/org2-bluetooth-adapter.dir/tree/downloaded_tools/pico/pico-sdk/lib/tinyusb/src/portable/raspberrypi/rp2040/dcd_rp2040.c.obj
 .text.ep0_0len_status
                0x0000000010005760       0x14 CMakeFiles/org2-bluetooth-adapter.dir/tree/downloaded_tools/pico/pico-sdk/lib/tinyusb/src/portable/raspberrypi/rp2040/dcd_rp2040.c.obj
 .text._hw_endpoint_stall
                0x0000000010005774       0x54 CMakeFiles/org2-bluetooth-adapter.dir/tree/downloaded_tools/pico/pico-sdk/lib/tinyusb/src/portable/raspberrypi/rp2040/dcd_rp2040.c.obj
 .text.hw_endpoint_stall
                0x00000000100057c8        0xc CMakeFiles/org2-bluetooth-adapter.dir/tree/downloaded_tools/pico/pico-sdk/lib/tinyusb/src/portable/raspberrypi/rp2040/dcd_rp2040.c.obj
 .text._hw_endpoint_clear_stall
                0x00000000100057d4       0x34 CMakeFiles/org2-bluetooth-adapter.dir/tree/downloaded_tools/pico/pico-sdk/lib/tinyusb/src/portable/raspberrypi/rp2040/dcd_rp2040.c.obj
 .text.hw_endpoint_clear_stall
                0x0000000010005808        0xc CMakeFiles/org2-bluetooth-adapter.dir/tree/downloaded_tools/pico/pico-sdk/lib/tinyusb/src/portable/raspberrypi/rp2040/dcd_rp2040.c.obj
 .text.dcd_int_enable
                0x0000000010005814       0x2c CMakeFiles/org2-bluetooth-adapter.dir/tree/downloaded_tools/pico/pico-sdk/lib/tinyusb/src/portable/raspberrypi/rp2040/dcd_rp2040.c.obj
                0x0000000010005814                dcd_int_enable
 .text.dcd_set_address
                0x0000000010005840       0x28 CMakeFiles/org2-bluetooth-adapter.dir/tree/downloaded_tools/pico/pico-sdk/lib/tinyusb/src/portable/raspberrypi/rp2040/dcd_rp2040.c.obj
                0x0000000010005840                dcd_set_address
 .text.dcd_connect
                0x0000000010005868       0x30 CMakeFiles/org2-bluetooth-adapter.dir/tree/downloaded_tools/pico/pico-sdk/lib/tinyusb/src/portable/raspberrypi/rp2040/dcd_rp2040.c.obj
                0x0000000010005868                dcd_connect
 .text.dcd_init
                0x0000000010005898       0x84 CMakeFiles/org2-bluetooth-adapter.dir/tree/downloaded_tools/pico/pico-sdk/lib/tinyusb/src/portable/raspberrypi/rp2040/dcd_rp2040.c.obj
                0x0000000010005898                dcd_init
 .text.dcd_edpt0_status_complete
                0x000000001000591c       0x40 CMakeFiles/org2-bluetooth-adapter.dir/tree/downloaded_tools/pico/pico-sdk/lib/tinyusb/src/portable/raspberrypi/rp2040/dcd_rp2040.c.obj
                0x000000001000591c                dcd_edpt0_status_complete
 .text.dcd_edpt_open
                0x000000001000595c       0x40 CMakeFiles/org2-bluetooth-adapter.dir/tree/downloaded_tools/pico/pico-sdk/lib/tinyusb/src/portable/raspberrypi/rp2040/dcd_rp2040.c.obj
                0x000000001000595c                dcd_edpt_open
 .text.dcd_edpt_xfer
                0x000000001000599c       0x34 CMakeFiles/org2-bluetooth-adapter.dir/tree/downloaded_tools/pico/pico-sdk/lib/tinyusb/src/portable/raspberrypi/rp2040/dcd_rp2040.c.obj
                0x000000001000599c                dcd_edpt_xfer
 .text.dcd_edpt_stall
                0x00000000100059d0       0x28 CMakeFiles/org2-bluetooth-adapter.dir/tree/downloaded_tools/pico/pico-sdk/lib/tinyusb/src/portable/raspberrypi/rp2040/dcd_rp2040.c.obj
                0x00000000100059d0                dcd_edpt_stall
 .text.dcd_edpt_clear_stall
                0x00000000100059f8       0x2c CMakeFiles/org2-bluetooth-adapter.dir/tree/downloaded_tools/pico/pico-sdk/lib/tinyusb/src/portable/raspberrypi/rp2040/dcd_rp2040.c.obj
                0x00000000100059f8                dcd_edpt_clear_stall
 .text.rp2040_usb_init
                0x0000000010005a24       0x50 CMakeFiles/org2-bluetooth-adapter.dir/tree/downloaded_tools/pico/pico-sdk/lib/tinyusb/src/portable/raspberrypi/rp2040/rp2040_usb.c.obj
                0x0000000010005a24                rp2040_usb_init
 .text.hw_endpoint_reset_transfer
                0x0000000010005a74       0x10 CMakeFiles/org2-bluetooth-adapter.dir/tree/downloaded_tools/pico/pico-sdk/lib/tinyusb/src/portable/raspberrypi/rp2040/rp2040_usb.c.obj
                0x0000000010005a74                hw_endpoint_reset_transfer
 .text._hw_endpoint_buffer_control_update32
                0x0000000010005a84       0x58 CMakeFiles/org2-bluetooth-adapter.dir/tree/downloaded_tools/pico/pico-sdk/lib/tinyusb/src/portable/raspberrypi/rp2040/rp2040_usb.c.obj
                0x0000000010005a84                _hw_endpoint_buffer_control_update32
 .text._hw_endpoint_start_next_buffer
                0x0000000010005adc       0x50 CMakeFiles/org2-bluetooth-adapter.dir/tree/downloaded_tools/pico/pico-sdk/lib/tinyusb/src/portable/raspberrypi/rp2040/rp2040_usb.c.obj
                0x0000000010005adc                _hw_endpoint_start_next_buffer
 .text._hw_endpoint_xfer_start
                0x0000000010005b2c       0x3e CMakeFiles/org2-bluetooth-adapter.dir/tree/downloaded_tools/pico/pico-sdk/lib/tinyusb/src/portable/raspberrypi/rp2040/rp2040_usb.c.obj
                0x0000000010005b2c                _hw_endpoint_xfer_start
 *fill*         0x0000000010005b6a        0x2 
 .text._hw_endpoint_xfer_sync
                0x0000000010005b6c       0x74 CMakeFiles/org2-bluetooth-adapter.dir/tree/downloaded_tools/pico/pico-sdk/lib/tinyusb/src/portable/raspberrypi/rp2040/rp2040_usb.c.obj
                0x0000000010005b6c                _hw_endpoint_xfer_sync
 .text._hw_endpoint_xfer_continue
                0x0000000010005be0       0x60 CMakeFiles/org2-bluetooth-adapter.dir/tree/downloaded_tools/pico/pico-sdk/lib/tinyusb/src/portable/raspberrypi/rp2040/rp2040_usb.c.obj
                0x0000000010005be0                _hw_endpoint_xfer_continue
 .text._hw_endpoint_xfer
                0x0000000010005c40       0x34 CMakeFiles/org2-bluetooth-adapter.dir/tree/downloaded_tools/pico/pico-sdk/lib/tinyusb/src/portable/raspberrypi/rp2040/rp2040_usb.c.obj
                0x0000000010005c40                _hw_endpoint_xfer
 .text.mark_interface_endpoint
                0x0000000010005c74       0x2a CMakeFiles/org2-bluetooth-adapter.dir/tree/downloaded_tools/pico/pico-sdk/lib/tinyusb/src/device/usbd.c.obj
 *fill*         0x0000000010005c9e        0x2 
 .text.usbd_reset
                0x0000000010005ca0       0x88 CMakeFiles/org2-bluetooth-adapter.dir/tree/downloaded_tools/pico/pico-sdk/lib/tinyusb/src/device/usbd.c.obj
 .text.invoke_class_control
                0x0000000010005d28       0x1a CMakeFiles/org2-bluetooth-adapter.dir/tree/downloaded_tools/pico/pico-sdk/lib/tinyusb/src/device/usbd.c.obj
 *fill*         0x0000000010005d42        0x2 
 .text.process_set_config
                0x0000000010005d44      0x1d0 CMakeFiles/org2-bluetooth-adapter.dir/tree/downloaded_tools/pico/pico-sdk/lib/tinyusb/src/device/usbd.c.obj
 .text.process_get_descriptor
                0x0000000010005f14       0xf8 CMakeFiles/org2-bluetooth-adapter.dir/tree/downloaded_tools/pico/pico-sdk/lib/tinyusb/src/device/usbd.c.obj
 .text.tud_mounted
                0x000000001000600c       0x10 CMakeFiles/org2-bluetooth-adapter.dir/tree/downloaded_tools/pico/pico-sdk/lib/tinyusb/src/device/usbd.c.obj
                0x000000001000600c                tud_mounted
 .text.tud_suspended
                0x000000001000601c       0x10 CMakeFiles/org2-bluetooth-adapter.dir/tree/downloaded_tools/pico/pico-sdk/lib/tinyusb/src/device/usbd.c.obj
                0x000000001000601c                tud_suspended
 .text.tud_inited
                0x000000001000602c        0xc CMakeFiles/org2-bluetooth-adapter.dir/tree/downloaded_tools/pico/pico-sdk/lib/tinyusb/src/device/usbd.c.obj
                0x000000001000602c                tud_inited
 .text.tud_init
                0x0000000010006038       0xcc CMakeFiles/org2-bluetooth-adapter.dir/tree/downloaded_tools/pico/pico-sdk/lib/tinyusb/src/device/usbd.c.obj
                0x0000000010006038                tud_init
 .text.dcd_event_handler
                0x0000000010006104      0x174 CMakeFiles/org2-bluetooth-adapter.dir/tree/downloaded_tools/pico/pico-sdk/lib/tinyusb/src/device/usbd.c.obj
                0x0000000010006104                dcd_event_handler
 .text.dcd_event_bus_signal
                0x0000000010006278       0x26 CMakeFiles/org2-bluetooth-adapter.dir/tree/downloaded_tools/pico/pico-sdk/lib/tinyusb/src/device/usbd.c.obj
                0x0000000010006278                dcd_event_bus_signal
 .text.dcd_event_bus_reset
                0x000000001000629e       0x2a CMakeFiles/org2-bluetooth-adapter.dir/tree/downloaded_tools/pico/pico-sdk/lib/tinyusb/src/device/usbd.c.obj
                0x000000001000629e                dcd_event_bus_reset
 .text.dcd_event_setup_received
                0x00000000100062c8       0x34 CMakeFiles/org2-bluetooth-adapter.dir/tree/downloaded_tools/pico/pico-sdk/lib/tinyusb/src/device/usbd.c.obj
                0x00000000100062c8                dcd_event_setup_received
 .text.dcd_event_xfer_complete
                0x00000000100062fc       0x44 CMakeFiles/org2-bluetooth-adapter.dir/tree/downloaded_tools/pico/pico-sdk/lib/tinyusb/src/device/usbd.c.obj
                0x00000000100062fc                dcd_event_xfer_complete
 .text.usbd_edpt_open
                0x0000000010006340       0xe0 CMakeFiles/org2-bluetooth-adapter.dir/tree/downloaded_tools/pico/pico-sdk/lib/tinyusb/src/device/usbd.c.obj
                0x0000000010006340                usbd_edpt_open
 .text.usbd_open_edpt_pair
                0x0000000010006420       0x8c CMakeFiles/org2-bluetooth-adapter.dir/tree/downloaded_tools/pico/pico-sdk/lib/tinyusb/src/device/usbd.c.obj
                0x0000000010006420                usbd_open_edpt_pair
 .text.usbd_edpt_claim
                0x00000000100064ac       0x8c CMakeFiles/org2-bluetooth-adapter.dir/tree/downloaded_tools/pico/pico-sdk/lib/tinyusb/src/device/usbd.c.obj
                0x00000000100064ac                usbd_edpt_claim
 .text.usbd_edpt_release
                0x0000000010006538       0x68 CMakeFiles/org2-bluetooth-adapter.dir/tree/downloaded_tools/pico/pico-sdk/lib/tinyusb/src/device/usbd.c.obj
                0x0000000010006538                usbd_edpt_release
 .text.usbd_edpt_xfer
                0x00000000100065a0       0x80 CMakeFiles/org2-bluetooth-adapter.dir/tree/downloaded_tools/pico/pico-sdk/lib/tinyusb/src/device/usbd.c.obj
                0x00000000100065a0                usbd_edpt_xfer
 .text.usbd_edpt_stall
                0x0000000010006620       0x2c CMakeFiles/org2-bluetooth-adapter.dir/tree/downloaded_tools/pico/pico-sdk/lib/tinyusb/src/device/usbd.c.obj
                0x0000000010006620                usbd_edpt_stall
 .text.usbd_edpt_clear_stall
                0x000000001000664c       0x2c CMakeFiles/org2-bluetooth-adapter.dir/tree/downloaded_tools/pico/pico-sdk/lib/tinyusb/src/device/usbd.c.obj
                0x000000001000664c                usbd_edpt_clear_stall
 .text.usbd_edpt_stalled
                0x0000000010006678       0x1c CMakeFiles/org2-bluetooth-adapter.dir/tree/downloaded_tools/pico/pico-sdk/lib/tinyusb/src/device/usbd.c.obj
                0x0000000010006678                usbd_edpt_stalled
 .text.process_control_request
                0x0000000010006694      0x380 CMakeFiles/org2-bluetooth-adapter.dir/tree/downloaded_tools/pico/pico-sdk/lib/tinyusb/src/device/usbd.c.obj
 .text.tud_task
                0x0000000010006a14      0x204 CMakeFiles/org2-bluetooth-adapter.dir/tree/downloaded_tools/pico/pico-sdk/lib/tinyusb/src/device/usbd.c.obj
                0x0000000010006a14                tud_task
 .text._data_stage_xact
                0x0000000010006c18       0x58 CMakeFiles/org2-bluetooth-adapter.dir/tree/downloaded_tools/pico/pico-sdk/lib/tinyusb/src/device/usbd_control.c.obj
 .text.tud_control_status
                0x0000000010006c70       0x38 CMakeFiles/org2-bluetooth-adapter.dir/tree/downloaded_tools/pico/pico-sdk/lib/tinyusb/src/device/usbd_control.c.obj
                0x0000000010006c70                tud_control_status
 .text.tud_control_xfer
                0x0000000010006ca8       0xa8 CMakeFiles/org2-bluetooth-adapter.dir/tree/downloaded_tools/pico/pico-sdk/lib/tinyusb/src/device/usbd_control.c.obj
                0x0000000010006ca8                tud_control_xfer
 .text.usbd_control_reset
                0x0000000010006d50       0x14 CMakeFiles/org2-bluetooth-adapter.dir/tree/downloaded_tools/pico/pico-sdk/lib/tinyusb/src/device/usbd_control.c.obj
                0x0000000010006d50                usbd_control_reset
 .text.usbd_control_set_complete_callback
                0x0000000010006d64        0xc CMakeFiles/org2-bluetooth-adapter.dir/tree/downloaded_tools/pico/pico-sdk/lib/tinyusb/src/device/usbd_control.c.obj
                0x0000000010006d64                usbd_control_set_complete_callback
 .text.usbd_control_set_request
                0x0000000010006d70       0x1c CMakeFiles/org2-bluetooth-adapter.dir/tree/downloaded_tools/pico/pico-sdk/lib/tinyusb/src/device/usbd_control.c.obj
                0x0000000010006d70                usbd_control_set_request
 .text.usbd_control_xfer_cb
                0x0000000010006d8c       0xfc CMakeFiles/org2-bluetooth-adapter.dir/tree/downloaded_tools/pico/pico-sdk/lib/tinyusb/src/device/usbd_control.c.obj
                0x0000000010006d8c                usbd_control_xfer_cb
 .text._prep_out_transaction
                0x0000000010006e88       0x46 CMakeFiles/org2-bluetooth-adapter.dir/tree/downloaded_tools/pico/pico-sdk/lib/tinyusb/src/class/cdc/cdc_device.c.obj
 *fill*         0x0000000010006ece        0x2 
 .text.tud_cdc_n_connected
                0x0000000010006ed0       0x44 CMakeFiles/org2-bluetooth-adapter.dir/tree/downloaded_tools/pico/pico-sdk/lib/tinyusb/src/class/cdc/cdc_device.c.obj
                0x0000000010006ed0                tud_cdc_n_connected
 .text.tud_cdc_n_available
                0x0000000010006f14       0x18 CMakeFiles/org2-bluetooth-adapter.dir/tree/downloaded_tools/pico/pico-sdk/lib/tinyusb/src/class/cdc/cdc_device.c.obj
                0x0000000010006f14                tud_cdc_n_available
 .text.tud_cdc_n_read
                0x0000000010006f2c       0x28 CMakeFiles/org2-bluetooth-adapter.dir/tree/downloaded_tools/pico/pico-sdk/lib/tinyusb/src/class/cdc/cdc_device.c.obj
                0x0000000010006f2c                tud_cdc_n_read
 .text.tud_cdc_n_write_flush
                0x0000000010006f54       0xcc CMakeFiles/org2-bluetooth-adapter.dir/tree/downloaded_tools/pico/pico-sdk/lib/tinyusb/src/class/cdc/cdc_device.c.obj
                0x0000000010006f54                tud_cdc_n_write_flush
 .text.tud_cdc_n_write
                0x0000000010007020       0x38 CMakeFiles/org2-bluetooth-adapter.dir/tree/downloaded_tools/pico/pico-sdk/lib/tinyusb/src/class/cdc/cdc_device.c.obj
                0x0000000010007020                tud_cdc_n_write
 .text.tud_cdc_n_write_available
                0x0000000010007058       0x1c CMakeFiles/org2-bluetooth-adapter.dir/tree/downloaded_tools/pico/pico-sdk/lib/tinyusb/src/class/cdc/cdc_device.c.obj
                0x0000000010007058                tud_cdc_n_write_available
 .text.cdcd_init
                0x0000000010007074       0xbc CMakeFiles/org2-bluetooth-adapter.dir/tree/downloaded_tools/pico/pico-sdk/lib/tinyusb/src/class/cdc/cdc_device.c.obj
                0x0000000010007074                cdcd_init
 .text.cdcd_reset
                0x0000000010007130       0x44 CMakeFiles/org2-bluetooth-adapter.dir/tree/downloaded_tools/pico/pico-sdk/lib/tinyusb/src/class/cdc/cdc_device.c.obj
                0x0000000010007130                cdcd_reset
 .text.cdcd_open
                0x0000000010007174      0x10c CMakeFiles/org2-bluetooth-adapter.dir/tree/downloaded_tools/pico/pico-sdk/lib/tinyusb/src/class/cdc/cdc_device.c.obj
                0x0000000010007174                cdcd_open
 .text.cdcd_control_xfer_cb
                0x0000000010007280      0x134 CMakeFiles/org2-bluetooth-adapter.dir/tree/downloaded_tools/pico/pico-sdk/lib/tinyusb/src/class/cdc/cdc_device.c.obj
                0x0000000010007280                cdcd_control_xfer_cb
 .text.cdcd_xfer_cb
                0x00000000100073b4      0x144 CMakeFiles/org2-bluetooth-adapter.dir/tree/downloaded_tools/pico/pico-sdk/lib/tinyusb/src/class/cdc/cdc_device.c.obj
                0x00000000100073b4                cdcd_xfer_cb
 .text.tusb_init
                0x00000000100074f8       0x24 CMakeFiles/org2-bluetooth-adapter.dir/tree/downloaded_tools/pico/pico-sdk/lib/tinyusb/src/tusb.c.obj
                0x00000000100074f8                tusb_init
 .text.tusb_inited
                0x000000001000751c        0xe CMakeFiles/org2-bluetooth-adapter.dir/tree/downloaded_tools/pico/pico-sdk/lib/tinyusb/src/tusb.c.obj
                0x000000001000751c                tusb_inited
 .text.advance_pointer
                0x000000001000752a       0x1e CMakeFiles/org2-bluetooth-adapter.dir/tree/downloaded_tools/pico/pico-sdk/lib/tinyusb/src/common/tusb_fifo.c.obj
 .text.backward_pointer
                0x0000000010007548       0x1a CMakeFiles/org2-bluetooth-adapter.dir/tree/downloaded_tools/pico/pico-sdk/lib/tinyusb/src/common/tusb_fifo.c.obj
 .text.get_relative_pointer
                0x0000000010007562       0x10 CMakeFiles/org2-bluetooth-adapter.dir/tree/downloaded_tools/pico/pico-sdk/lib/tinyusb/src/common/tusb_fifo.c.obj
 .text._tu_fifo_peek
                0x0000000010007572       0x50 CMakeFiles/org2-bluetooth-adapter.dir/tree/downloaded_tools/pico/pico-sdk/lib/tinyusb/src/common/tusb_fifo.c.obj
 .text._ff_pull_const_addr
                0x00000000100075c2       0x4c CMakeFiles/org2-bluetooth-adapter.dir/tree/downloaded_tools/pico/pico-sdk/lib/tinyusb/src/common/tusb_fifo.c.obj
 .text._ff_pull_n
                0x000000001000760e      0x10c CMakeFiles/org2-bluetooth-adapter.dir/tree/downloaded_tools/pico/pico-sdk/lib/tinyusb/src/common/tusb_fifo.c.obj
 .text._tu_fifo_peek_n
                0x000000001000771a       0x5e CMakeFiles/org2-bluetooth-adapter.dir/tree/downloaded_tools/pico/pico-sdk/lib/tinyusb/src/common/tusb_fifo.c.obj
 .text._tu_fifo_read_n
                0x0000000010007778       0x4e CMakeFiles/org2-bluetooth-adapter.dir/tree/downloaded_tools/pico/pico-sdk/lib/tinyusb/src/common/tusb_fifo.c.obj
 .text._ff_push_const_addr
                0x00000000100077c6       0x40 CMakeFiles/org2-bluetooth-adapter.dir/tree/downloaded_tools/pico/pico-sdk/lib/tinyusb/src/common/tusb_fifo.c.obj
 .text._ff_push_n
                0x0000000010007806      0x106 CMakeFiles/org2-bluetooth-adapter.dir/tree/downloaded_tools/pico/pico-sdk/lib/tinyusb/src/common/tusb_fifo.c.obj
 .text._tu_fifo_write_n
                0x000000001000790c       0x9e CMakeFiles/org2-bluetooth-adapter.dir/tree/downloaded_tools/pico/pico-sdk/lib/tinyusb/src/common/tusb_fifo.c.obj
 .text.tu_fifo_config
                0x00000000100079aa       0x72 CMakeFiles/org2-bluetooth-adapter.dir/tree/downloaded_tools/pico/pico-sdk/lib/tinyusb/src/common/tusb_fifo.c.obj
                0x00000000100079aa                tu_fifo_config
 .text.tu_fifo_count
                0x0000000010007a1c       0x26 CMakeFiles/org2-bluetooth-adapter.dir/tree/downloaded_tools/pico/pico-sdk/lib/tinyusb/src/common/tusb_fifo.c.obj
                0x0000000010007a1c                tu_fifo_count
 .text.tu_fifo_empty
                0x0000000010007a42        0xe CMakeFiles/org2-bluetooth-adapter.dir/tree/downloaded_tools/pico/pico-sdk/lib/tinyusb/src/common/tusb_fifo.c.obj
                0x0000000010007a42                tu_fifo_empty
 .text.tu_fifo_remaining
                0x0000000010007a50       0x20 CMakeFiles/org2-bluetooth-adapter.dir/tree/downloaded_tools/pico/pico-sdk/lib/tinyusb/src/common/tusb_fifo.c.obj
                0x0000000010007a50                tu_fifo_remaining
 .text.tu_fifo_read
                0x0000000010007a70       0x42 CMakeFiles/org2-bluetooth-adapter.dir/tree/downloaded_tools/pico/pico-sdk/lib/tinyusb/src/common/tusb_fifo.c.obj
                0x0000000010007a70                tu_fifo_read
 .text.tu_fifo_read_n
                0x0000000010007ab2        0xa CMakeFiles/org2-bluetooth-adapter.dir/tree/downloaded_tools/pico/pico-sdk/lib/tinyusb/src/common/tusb_fifo.c.obj
                0x0000000010007ab2                tu_fifo_read_n
 .text.tu_fifo_write
                0x0000000010007abc       0x6c CMakeFiles/org2-bluetooth-adapter.dir/tree/downloaded_tools/pico/pico-sdk/lib/tinyusb/src/common/tusb_fifo.c.obj
                0x0000000010007abc                tu_fifo_write
 .text.tu_fifo_write_n
                0x0000000010007b28        0xa CMakeFiles/org2-bluetooth-adapter.dir/tree/downloaded_tools/pico/pico-sdk/lib/tinyusb/src/common/tusb_fifo.c.obj
                0x0000000010007b28                tu_fifo_write_n
 .text.tu_fifo_clear
                0x0000000010007b32       0x4c CMakeFiles/org2-bluetooth-adapter.dir/tree/downloaded_tools/pico/pico-sdk/lib/tinyusb/src/common/tusb_fifo.c.obj
                0x0000000010007b32                tu_fifo_clear
 .text.tu_fifo_set_overwritable
                0x0000000010007b7e       0x3c CMakeFiles/org2-bluetooth-adapter.dir/tree/downloaded_tools/pico/pico-sdk/lib/tinyusb/src/common/tusb_fifo.c.obj
                0x0000000010007b7e                tu_fifo_set_overwritable
 *fill*         0x0000000010007bba        0x2 
 .text._retrieve_unique_id_on_boot
                0x0000000010007bbc       0x10 CMakeFiles/org2-bluetooth-adapter.dir/tree/downloaded_tools/pico/pico-sdk/src/rp2_common/pico_unique_id/unique_id.c.obj
 .text.pico_get_unique_board_id_string
                0x0000000010007bcc       0x60 CMakeFiles/org2-bluetooth-adapter.dir/tree/downloaded_tools/pico/pico-sdk/src/rp2_common/pico_unique_id/unique_id.c.obj
                0x0000000010007bcc                pico_get_unique_board_id_string
 .text.flash_get_unique_id
                0x0000000010007c2c       0x46 CMakeFiles/org2-bluetooth-adapter.dir/tree/downloaded_tools/pico/pico-sdk/src/rp2_common/hardware_flash/flash.c.obj
                0x0000000010007c2c                flash_get_unique_id
 .text.core1_trampoline
                0x0000000010007c72        0x2 CMakeFiles/org2-bluetooth-adapter.dir/tree/downloaded_tools/pico/pico-sdk/src/rp2_common/pico_multicore/multicore.c.obj
 .text.core1_wrapper
                0x0000000010007c74        0xc CMakeFiles/org2-bluetooth-adapter.dir/tree/downloaded_tools/pico/pico-sdk/src/rp2_common/pico_multicore/multicore.c.obj
                0x0000000010007c74                core1_wrapper
 .text.multicore_fifo_push_blocking
                0x0000000010007c80       0x14 CMakeFiles/org2-bluetooth-adapter.dir/tree/downloaded_tools/pico/pico-sdk/src/rp2_common/pico_multicore/multicore.c.obj
                0x0000000010007c80                multicore_fifo_push_blocking
 .text.multicore_fifo_pop_blocking
                0x0000000010007c94       0x16 CMakeFiles/org2-bluetooth-adapter.dir/tree/downloaded_tools/pico/pico-sdk/src/rp2_common/pico_multicore/multicore.c.obj
                0x0000000010007c94                multicore_fifo_pop_blocking
 .text.multicore_launch_core1_raw
                0x0000000010007caa       0x6a CMakeFiles/org2-bluetooth-adapter.dir/tree/downloaded_tools/pico/pico-sdk/src/rp2_common/pico_multicore/multicore.c.obj
                0x0000000010007caa                multicore_launch_core1_raw
 .text.multicore_launch_core1_with_stack
                0x0000000010007d14       0x50 CMakeFiles/org2-bluetooth-adapter.dir/tree/downloaded_tools/pico/pico-sdk/src/rp2_common/pico_multicore/multicore.c.obj
                0x0000000010007d14                multicore_launch_core1_with_stack
 .text.multicore_launch_core1
                0x0000000010007d64       0x24 CMakeFiles/org2-bluetooth-adapter.dir/tree/downloaded_tools/pico/pico-sdk/src/rp2_common/pico_multicore/multicore.c.obj
                0x0000000010007d64                multicore_launch_core1
 .text          0x0000000010007d88       0x68 /usr/lib/gcc/arm-none-eabi/9.2.1/../../../arm-none-eabi/lib/thumb/v6-m/nofp/libg.a(lib_a-strlen-stub.o)
                0x0000000010007d88                strlen
 *(.fini)
 .fini          0x0000000010007df0        0x4 /usr/lib/gcc/arm-none-eabi/9.2.1/thumb/v6-m/nofp/crti.o
                0x0000000010007df0                _fini
 *fill*         0x0000000010007df4        0x4 
 .fini.__stub   0x0000000010007df8       0x70 linker stubs
 *crtbegin.o(.ctors)
 *crtbegin?.o(.ctors)
 *(EXCLUDE_FILE(*crtend.o *crtend?.o) .ctors)
 *(SORT_BY_NAME(.ctors.*))
 *(.ctors)
 *crtbegin.o(.dtors)
 *crtbegin?.o(.dtors)
 *(EXCLUDE_FILE(*crtend.o *crtend?.o) .dtors)
 *(SORT_BY_NAME(.dtors.*))
 *(.dtors)
 *(.eh_frame*)
 .eh_frame      0x0000000010007e68        0x0 /usr/lib/gcc/arm-none-eabi/9.2.1/thumb/v6-m/nofp/crtbegin.o
                0x0000000010007e68                . = ALIGN (0x4)

.glue_7         0x0000000010007e68        0x0
 .glue_7        0x0000000010007e68        0x0 linker stubs

.glue_7t        0x0000000010007e68        0x0
 .glue_7t       0x0000000010007e68        0x0 linker stubs

.vfp11_veneer   0x0000000010007e68        0x0
 .vfp11_veneer  0x0000000010007e68        0x0 linker stubs

.v4_bx          0x0000000010007e68        0x0
 .v4_bx         0x0000000010007e68        0x0 linker stubs

.iplt           0x0000000010007e68        0x0
 .iplt          0x0000000010007e68        0x0 /usr/lib/gcc/arm-none-eabi/9.2.1/thumb/v6-m/nofp/crtbegin.o

.rodata         0x0000000010007e68     0x1a10
 *(EXCLUDE_FILE(*libm.a: *libc.a:*lib_a-mem*.o *libgcc.a:) .rodata*)
 .rodata.main.str1.4
                0x0000000010007e68       0x58 CMakeFiles/org2-bluetooth-adapter.dir/org2-bluetooth-adapter.c.obj
 .rodata.font_5x7_letters
                0x0000000010007ec0      0x1e0 CMakeFiles/org2-bluetooth-adapter.dir/org2-bluetooth-adapter.c.obj
                0x0000000010007ec0                font_5x7_letters
 .rodata.init_seq2
                0x00000000100080a0       0x1e CMakeFiles/org2-bluetooth-adapter.dir/org2-bluetooth-adapter.c.obj
                0x00000000100080a0                init_seq2
 *fill*         0x00000000100080be        0x2 
 .rodata.spin_lock_claim_unused.str1.4
                0x00000000100080c0       0x1b CMakeFiles/org2-bluetooth-adapter.dir/tree/downloaded_tools/pico/pico-sdk/src/rp2_common/hardware_sync/sync.c.obj
 *fill*         0x00000000100080db        0x1 
 .rodata.repeating_timer_callback.str1.4
                0x00000000100080dc       0x55 CMakeFiles/org2-bluetooth-adapter.dir/tree/downloaded_tools/pico/pico-sdk/src/common/pico_time/time.c.obj
 *fill*         0x0000000010008131        0x3 
 .rodata.alarm_pool_dump_key.str1.4
                0x0000000010008134       0x33 CMakeFiles/org2-bluetooth-adapter.dir/tree/downloaded_tools/pico/pico-sdk/src/common/pico_time/time.c.obj
 *fill*         0x0000000010008167        0x1 
 .rodata.ph_add_child_node.str1.4
                0x0000000010008168       0x9e CMakeFiles/org2-bluetooth-adapter.dir/tree/downloaded_tools/pico/pico-sdk/src/common/pico_time/time.c.obj
 *fill*         0x0000000010008206        0x2 
 .rodata.add_alarm_under_lock.str1.4
                0x0000000010008208       0x28 CMakeFiles/org2-bluetooth-adapter.dir/tree/downloaded_tools/pico/pico-sdk/src/common/pico_time/time.c.obj
                                         0x2b (size before relaxing)
 .rodata.alarm_pool_alarm_callback.str1.4
                0x0000000010008230       0xee CMakeFiles/org2-bluetooth-adapter.dir/tree/downloaded_tools/pico/pico-sdk/src/common/pico_time/time.c.obj
 *fill*         0x000000001000831e        0x2 
 .rodata.alarm_pool_get_default.str1.4
                0x0000000010008320       0x21 CMakeFiles/org2-bluetooth-adapter.dir/tree/downloaded_tools/pico/pico-sdk/src/common/pico_time/time.c.obj
 *fill*         0x0000000010008341        0x3 
 .rodata.alarm_pool_cancel_alarm.str1.4
                0x0000000010008344       0x27 CMakeFiles/org2-bluetooth-adapter.dir/tree/downloaded_tools/pico/pico-sdk/src/common/pico_time/time.c.obj
 *fill*         0x000000001000836b        0x1 
 .rodata.sleep_until.str1.4
                0x000000001000836c       0x4d CMakeFiles/org2-bluetooth-adapter.dir/tree/downloaded_tools/pico/pico-sdk/src/common/pico_time/time.c.obj
 *fill*         0x00000000100083b9        0x3 
 .rodata.__func__.5701
                0x00000000100083bc       0x15 CMakeFiles/org2-bluetooth-adapter.dir/tree/downloaded_tools/pico/pico-sdk/src/common/pico_time/time.c.obj
 *fill*         0x00000000100083d1        0x3 
 .rodata.__func__.6002
                0x00000000100083d4        0xc CMakeFiles/org2-bluetooth-adapter.dir/tree/downloaded_tools/pico/pico-sdk/src/common/pico_time/time.c.obj
 .rodata.__func__.6009
                0x00000000100083e0       0x12 CMakeFiles/org2-bluetooth-adapter.dir/tree/downloaded_tools/pico/pico-sdk/src/common/pico_time/time.c.obj
 *fill*         0x00000000100083f2        0x2 
 .rodata.__func__.6025
                0x00000000100083f4        0xf CMakeFiles/org2-bluetooth-adapter.dir/tree/downloaded_tools/pico/pico-sdk/src/common/pico_time/time.c.obj
 *fill*         0x0000000010008403        0x1 
 .rodata.__func__.6047
                0x0000000010008404        0xd CMakeFiles/org2-bluetooth-adapter.dir/tree/downloaded_tools/pico/pico-sdk/src/common/pico_time/time.c.obj
 *fill*         0x0000000010008411        0x3 
 .rodata.__func__.6248
                0x0000000010008414        0xa CMakeFiles/org2-bluetooth-adapter.dir/tree/downloaded_tools/pico/pico-sdk/src/common/pico_time/time.c.obj
 *fill*         0x000000001000841e        0x2 
 .rodata.__func__.6253
                0x0000000010008420       0x12 CMakeFiles/org2-bluetooth-adapter.dir/tree/downloaded_tools/pico/pico-sdk/src/common/pico_time/time.c.obj
 *fill*         0x0000000010008432        0x2 
 .rodata.__func__.6268
                0x0000000010008434       0x17 CMakeFiles/org2-bluetooth-adapter.dir/tree/downloaded_tools/pico/pico-sdk/src/common/pico_time/time.c.obj
 *fill*         0x000000001000844b        0x1 
 .rodata.__func__.6279
                0x000000001000844c       0x15 CMakeFiles/org2-bluetooth-adapter.dir/tree/downloaded_tools/pico/pico-sdk/src/common/pico_time/time.c.obj
 *fill*         0x0000000010008461        0x3 
 .rodata.__func__.6296
                0x0000000010008464       0x1a CMakeFiles/org2-bluetooth-adapter.dir/tree/downloaded_tools/pico/pico-sdk/src/common/pico_time/time.c.obj
 *fill*         0x000000001000847e        0x2 
 .rodata.__func__.6335
                0x0000000010008480       0x18 CMakeFiles/org2-bluetooth-adapter.dir/tree/downloaded_tools/pico/pico-sdk/src/common/pico_time/time.c.obj
 .rodata.hardware_alarm_claim.str1.4
                0x0000000010008498       0x22 CMakeFiles/org2-bluetooth-adapter.dir/tree/downloaded_tools/pico/pico-sdk/src/rp2_common/hardware_timer/timer.c.obj
 *fill*         0x00000000100084ba        0x2 
 .rodata.hardware_alarm_set_target.str1.4
                0x00000000100084bc       0x6f CMakeFiles/org2-bluetooth-adapter.dir/tree/downloaded_tools/pico/pico-sdk/src/rp2_common/hardware_timer/timer.c.obj
 *fill*         0x000000001000852b        0x1 
 .rodata.__func__.4548
                0x000000001000852c       0x1a CMakeFiles/org2-bluetooth-adapter.dir/tree/downloaded_tools/pico/pico-sdk/src/rp2_common/hardware_timer/timer.c.obj
 *fill*         0x0000000010008546        0x2 
 .rodata.str1.4
                0x0000000010008548       0xbd CMakeFiles/org2-bluetooth-adapter.dir/tree/downloaded_tools/pico/pico-sdk/src/common/pico_sync/mutex.c.obj
                                        0x129 (size before relaxing)
 *fill*         0x0000000010008605        0x3 
 .rodata.__func__.4193
                0x0000000010008608       0x15 CMakeFiles/org2-bluetooth-adapter.dir/tree/downloaded_tools/pico/pico-sdk/src/common/pico_sync/mutex.c.obj
 *fill*         0x000000001000861d        0x3 
 .rodata.__func__.4610
                0x0000000010008620       0x15 CMakeFiles/org2-bluetooth-adapter.dir/tree/downloaded_tools/pico/pico-sdk/src/common/pico_sync/mutex.c.obj
 *fill*         0x0000000010008635        0x3 
 .rodata.__func__.4635
                0x0000000010008638       0x18 CMakeFiles/org2-bluetooth-adapter.dir/tree/downloaded_tools/pico/pico-sdk/src/common/pico_sync/mutex.c.obj
 .rodata.__func__.4645
                0x0000000010008650        0xb CMakeFiles/org2-bluetooth-adapter.dir/tree/downloaded_tools/pico/pico-sdk/src/common/pico_sync/mutex.c.obj
 .rodata.ph_add_child_node.str1.4
                0x000000001000865b       0x9e CMakeFiles/org2-bluetooth-adapter.dir/tree/downloaded_tools/pico/pico-sdk/src/common/pico_util/pheap.c.obj
 *fill*         0x000000001000865b        0x1 
 .rodata.ph_remove_any_head.str1.4
                0x000000001000865c       0x98 CMakeFiles/org2-bluetooth-adapter.dir/tree/downloaded_tools/pico/pico-sdk/src/common/pico_util/pheap.c.obj
 .rodata.ph_remove_and_free_node.str1.4
                0x00000000100086f4       0x26 CMakeFiles/org2-bluetooth-adapter.dir/tree/downloaded_tools/pico/pico-sdk/src/common/pico_util/pheap.c.obj
 *fill*         0x000000001000871a        0x2 
 .rodata.__func__.5708
                0x000000001000871c        0xc CMakeFiles/org2-bluetooth-adapter.dir/tree/downloaded_tools/pico/pico-sdk/src/common/pico_util/pheap.c.obj
 .rodata.__func__.5715
                0x0000000010008728       0x12 CMakeFiles/org2-bluetooth-adapter.dir/tree/downloaded_tools/pico/pico-sdk/src/common/pico_util/pheap.c.obj
 *fill*         0x000000001000873a        0x2 
 .rodata.__func__.5801
                0x000000001000873c       0x13 CMakeFiles/org2-bluetooth-adapter.dir/tree/downloaded_tools/pico/pico-sdk/src/common/pico_util/pheap.c.obj
 *fill*         0x000000001000874f        0x1 
 .rodata.__func__.5819
                0x0000000010008750       0x18 CMakeFiles/org2-bluetooth-adapter.dir/tree/downloaded_tools/pico/pico-sdk/src/common/pico_util/pheap.c.obj
 .rodata.__assert_func.str1.4
                0x0000000010008768       0x3f CMakeFiles/org2-bluetooth-adapter.dir/tree/downloaded_tools/pico/pico-sdk/src/rp2_common/pico_runtime/runtime.c.obj
                                         0x43 (size before relaxing)
 *fill*         0x00000000100087a7        0x1 
 .rodata.panic.str1.4
                0x00000000100087a8       0x12 CMakeFiles/org2-bluetooth-adapter.dir/tree/downloaded_tools/pico/pico-sdk/src/rp2_common/pico_runtime/runtime.c.obj
 *fill*         0x00000000100087ba        0x2 
 .rodata.clock_configure.str1.4
                0x00000000100087bc       0x61 CMakeFiles/org2-bluetooth-adapter.dir/tree/downloaded_tools/pico/pico-sdk/src/rp2_common/hardware_clocks/clocks.c.obj
 *fill*         0x000000001000881d        0x3 
 .rodata.__func__.4667
                0x0000000010008820       0x10 CMakeFiles/org2-bluetooth-adapter.dir/tree/downloaded_tools/pico/pico-sdk/src/rp2_common/hardware_clocks/clocks.c.obj
 .rodata.make_branch.str1.4
                0x0000000010008830       0x57 CMakeFiles/org2-bluetooth-adapter.dir/tree/downloaded_tools/pico/pico-sdk/src/rp2_common/hardware_irq/irq.c.obj
 *fill*         0x0000000010008887        0x1 
 .rodata.irq_set_exclusive_handler.str1.4
                0x0000000010008888       0x36 CMakeFiles/org2-bluetooth-adapter.dir/tree/downloaded_tools/pico/pico-sdk/src/rp2_common/hardware_irq/irq.c.obj
 *fill*         0x00000000100088be        0x2 
 .rodata.irq_add_shared_handler.str1.4
                0x00000000100088c0       0xd9 CMakeFiles/org2-bluetooth-adapter.dir/tree/downloaded_tools/pico/pico-sdk/src/rp2_common/hardware_irq/irq.c.obj
 *fill*         0x0000000010008999        0x3 
 .rodata.irq_remove_handler.str1.4
                0x000000001000899c       0x2a CMakeFiles/org2-bluetooth-adapter.dir/tree/downloaded_tools/pico/pico-sdk/src/rp2_common/hardware_irq/irq.c.obj
 *fill*         0x00000000100089c6        0x2 
 .rodata.irq_add_tail_to_free_list.str1.4
                0x00000000100089c8       0x32 CMakeFiles/org2-bluetooth-adapter.dir/tree/downloaded_tools/pico/pico-sdk/src/rp2_common/hardware_irq/irq.c.obj
                                         0x3a (size before relaxing)
 *fill*         0x00000000100089fa        0x2 
 .rodata.__func__.4703
                0x00000000100089fc       0x1a CMakeFiles/org2-bluetooth-adapter.dir/tree/downloaded_tools/pico/pico-sdk/src/rp2_common/hardware_irq/irq.c.obj
 *fill*         0x0000000010008a16        0x2 
 .rodata.__func__.4717
                0x0000000010008a18        0xc CMakeFiles/org2-bluetooth-adapter.dir/tree/downloaded_tools/pico/pico-sdk/src/rp2_common/hardware_irq/irq.c.obj
 .rodata.__func__.4725
                0x0000000010008a24       0x17 CMakeFiles/org2-bluetooth-adapter.dir/tree/downloaded_tools/pico/pico-sdk/src/rp2_common/hardware_irq/irq.c.obj
 *fill*         0x0000000010008a3b        0x1 
 .rodata.__func__.4729
                0x0000000010008a3c        0xf CMakeFiles/org2-bluetooth-adapter.dir/tree/downloaded_tools/pico/pico-sdk/src/rp2_common/hardware_irq/irq.c.obj
 *fill*         0x0000000010008a4b        0x1 
 .rodata.__func__.4768
                0x0000000010008a4c       0x13 CMakeFiles/org2-bluetooth-adapter.dir/tree/downloaded_tools/pico/pico-sdk/src/rp2_common/hardware_irq/irq.c.obj
 *fill*         0x0000000010008a5f        0x1 
 .rodata.__func__.4787
                0x0000000010008a60       0x1a CMakeFiles/org2-bluetooth-adapter.dir/tree/downloaded_tools/pico/pico-sdk/src/rp2_common/hardware_irq/irq.c.obj
 *fill*         0x0000000010008a7a        0x2 
 .rodata.pll_init.str1.4
                0x0000000010008a7c       0xe3 CMakeFiles/org2-bluetooth-adapter.dir/tree/downloaded_tools/pico/pico-sdk/src/rp2_common/hardware_pll/pll.c.obj
 *fill*         0x0000000010008b5f        0x1 
 .rodata.__func__.4402
                0x0000000010008b60        0x9 CMakeFiles/org2-bluetooth-adapter.dir/tree/downloaded_tools/pico/pico-sdk/src/rp2_common/hardware_pll/pll.c.obj
 *fill*         0x0000000010008b69        0x3 
 .rodata._ftoa.str1.4
                0x0000000010008b6c       0x15 CMakeFiles/org2-bluetooth-adapter.dir/tree/downloaded_tools/pico/pico-sdk/src/rp2_common/pico_printf/printf.c.obj
 *fill*         0x0000000010008b81        0x3 
 .rodata._vsnprintf
                0x0000000010008b84      0x1e0 CMakeFiles/org2-bluetooth-adapter.dir/tree/downloaded_tools/pico/pico-sdk/src/rp2_common/pico_printf/printf.c.obj
 *fill*         0x0000000010008d64        0x4 
 .rodata.pow10.5422
                0x0000000010008d68       0x50 CMakeFiles/org2-bluetooth-adapter.dir/tree/downloaded_tools/pico/pico-sdk/src/rp2_common/pico_printf/printf.c.obj
 .rodata.__aeabi_double_init.str1.4
                0x0000000010008db8       0xb2 CMakeFiles/org2-bluetooth-adapter.dir/tree/downloaded_tools/pico/pico-sdk/src/rp2_common/pico_double/double_init_rom.c.obj
 *fill*         0x0000000010008e6a        0x2 
 .rodata.__func__.4668
                0x0000000010008e6c       0x14 CMakeFiles/org2-bluetooth-adapter.dir/tree/downloaded_tools/pico/pico-sdk/src/rp2_common/pico_double/double_init_rom.c.obj
 .rodata.__aeabi_float_init.str1.4
                0x0000000010008e80       0x84 CMakeFiles/org2-bluetooth-adapter.dir/tree/downloaded_tools/pico/pico-sdk/src/rp2_common/pico_float/float_init_rom.c.obj
                                         0x88 (size before relaxing)
 .rodata.__func__.4670
                0x0000000010008f04       0x13 CMakeFiles/org2-bluetooth-adapter.dir/tree/downloaded_tools/pico/pico-sdk/src/rp2_common/pico_float/float_init_rom.c.obj
 *fill*         0x0000000010008f17        0x1 
 .rodata.str1.4
                0x0000000010008f18       0x50 CMakeFiles/org2-bluetooth-adapter.dir/tree/downloaded_tools/pico/pico-sdk/src/rp2_common/pico_standard_link/binary_info.c.obj
 .rodata.__bi_44
                0x0000000010008f68        0xc CMakeFiles/org2-bluetooth-adapter.dir/tree/downloaded_tools/pico/pico-sdk/src/rp2_common/pico_standard_link/binary_info.c.obj
 .rodata.__bi_56
                0x0000000010008f74        0xc CMakeFiles/org2-bluetooth-adapter.dir/tree/downloaded_tools/pico/pico-sdk/src/rp2_common/pico_standard_link/binary_info.c.obj
 .rodata.__bi_75
                0x0000000010008f80        0xc CMakeFiles/org2-bluetooth-adapter.dir/tree/downloaded_tools/pico/pico-sdk/src/rp2_common/pico_standard_link/binary_info.c.obj
 .rodata.__bi_81
                0x0000000010008f8c        0xc CMakeFiles/org2-bluetooth-adapter.dir/tree/downloaded_tools/pico/pico-sdk/src/rp2_common/pico_standard_link/binary_info.c.obj
 .rodata.crlf_str.6013
                0x0000000010008f98        0x2 CMakeFiles/org2-bluetooth-adapter.dir/tree/downloaded_tools/pico/pico-sdk/src/rp2_common/pico_stdio/stdio.c.obj
 *fill*         0x0000000010008f9a        0x2 
 .rodata.str1.4
                0x0000000010008f9c       0x2c CMakeFiles/org2-bluetooth-adapter.dir/tree/downloaded_tools/pico/pico-sdk/src/rp2_common/pico_stdio_uart/stdio_uart.c.obj
 .rodata.__bi_28.4739
                0x0000000010008fc8        0xc CMakeFiles/org2-bluetooth-adapter.dir/tree/downloaded_tools/pico/pico-sdk/src/rp2_common/pico_stdio_uart/stdio_uart.c.obj
 .rodata.__bi_29.4743
                0x0000000010008fd4        0x8 CMakeFiles/org2-bluetooth-adapter.dir/tree/downloaded_tools/pico/pico-sdk/src/rp2_common/pico_stdio_uart/stdio_uart.c.obj
 .rodata._resetd_driver
                0x0000000010008fdc       0x18 CMakeFiles/org2-bluetooth-adapter.dir/tree/downloaded_tools/pico/pico-sdk/src/rp2_common/pico_stdio_usb/reset_interface.c.obj
 .rodata.stdio_usb_init.str1.4
                0x0000000010008ff4       0x6b CMakeFiles/org2-bluetooth-adapter.dir/tree/downloaded_tools/pico/pico-sdk/src/rp2_common/pico_stdio_usb/stdio_usb.c.obj
 .rodata.str1.4
                0x0000000010008ff4       0x13 CMakeFiles/org2-bluetooth-adapter.dir/tree/downloaded_tools/pico/pico-sdk/src/rp2_common/pico_stdio_usb/stdio_usb.c.obj
 *fill*         0x0000000010009007        0x1 
 .rodata.__bi_93.7154
                0x0000000010009008        0xc CMakeFiles/org2-bluetooth-adapter.dir/tree/downloaded_tools/pico/pico-sdk/src/rp2_common/pico_stdio_usb/stdio_usb.c.obj
 .rodata.__func__.5424
                0x0000000010009014       0x15 CMakeFiles/org2-bluetooth-adapter.dir/tree/downloaded_tools/pico/pico-sdk/src/rp2_common/pico_stdio_usb/stdio_usb.c.obj
 *fill*         0x0000000010009029        0x3 
 .rodata.str1.4
                0x000000001000902c       0x2a CMakeFiles/org2-bluetooth-adapter.dir/tree/downloaded_tools/pico/pico-sdk/src/rp2_common/pico_stdio_usb/stdio_usb_descriptors.c.obj
 *fill*         0x0000000010009056        0x2 
 .rodata.usbd_desc_cfg
                0x0000000010009058       0x54 CMakeFiles/org2-bluetooth-adapter.dir/tree/downloaded_tools/pico/pico-sdk/src/rp2_common/pico_stdio_usb/stdio_usb_descriptors.c.obj
 .rodata.usbd_desc_device
                0x00000000100090ac       0x12 CMakeFiles/org2-bluetooth-adapter.dir/tree/downloaded_tools/pico/pico-sdk/src/rp2_common/pico_stdio_usb/stdio_usb_descriptors.c.obj
 *fill*         0x00000000100090be        0x2 
 .rodata.usbd_desc_str
                0x00000000100090c0       0x18 CMakeFiles/org2-bluetooth-adapter.dir/tree/downloaded_tools/pico/pico-sdk/src/rp2_common/pico_stdio_usb/stdio_usb_descriptors.c.obj
 .rodata._hw_endpoint_alloc.str1.4
                0x00000000100090d8       0xc1 CMakeFiles/org2-bluetooth-adapter.dir/tree/downloaded_tools/pico/pico-sdk/lib/tinyusb/src/portable/raspberrypi/rp2040/dcd_rp2040.c.obj
 *fill*         0x0000000010009199        0x3 
 .rodata._hw_endpoint_init.str1.4
                0x000000001000919c       0x28 CMakeFiles/org2-bluetooth-adapter.dir/tree/downloaded_tools/pico/pico-sdk/lib/tinyusb/src/portable/raspberrypi/rp2040/dcd_rp2040.c.obj
 .rodata.hw_handle_buff_status.str1.4
                0x00000000100091c4        0xb CMakeFiles/org2-bluetooth-adapter.dir/tree/downloaded_tools/pico/pico-sdk/lib/tinyusb/src/portable/raspberrypi/rp2040/dcd_rp2040.c.obj
 *fill*         0x00000000100091cf        0x1 
 .rodata.dcd_rp2040_irq.str1.4
                0x00000000100091d0       0x14 CMakeFiles/org2-bluetooth-adapter.dir/tree/downloaded_tools/pico/pico-sdk/lib/tinyusb/src/portable/raspberrypi/rp2040/dcd_rp2040.c.obj
 .rodata._hw_endpoint_stall.str1.4
                0x00000000100091e4        0xd CMakeFiles/org2-bluetooth-adapter.dir/tree/downloaded_tools/pico/pico-sdk/lib/tinyusb/src/portable/raspberrypi/rp2040/dcd_rp2040.c.obj
 *fill*         0x00000000100091f1        0x3 
 .rodata.dcd_int_enable.str1.4
                0x00000000100091f4        0xc CMakeFiles/org2-bluetooth-adapter.dir/tree/downloaded_tools/pico/pico-sdk/lib/tinyusb/src/portable/raspberrypi/rp2040/dcd_rp2040.c.obj
 .rodata.__func__.6859
                0x0000000010009200       0x13 CMakeFiles/org2-bluetooth-adapter.dir/tree/downloaded_tools/pico/pico-sdk/lib/tinyusb/src/portable/raspberrypi/rp2040/dcd_rp2040.c.obj
 *fill*         0x0000000010009213        0x1 
 .rodata.__func__.6890
                0x0000000010009214       0x16 CMakeFiles/org2-bluetooth-adapter.dir/tree/downloaded_tools/pico/pico-sdk/lib/tinyusb/src/portable/raspberrypi/rp2040/dcd_rp2040.c.obj
 *fill*         0x000000001000922a        0x2 
 .rodata.__func__.6911
                0x000000001000922c       0x13 CMakeFiles/org2-bluetooth-adapter.dir/tree/downloaded_tools/pico/pico-sdk/lib/tinyusb/src/portable/raspberrypi/rp2040/dcd_rp2040.c.obj
 *fill*         0x000000001000923f        0x1 
 .rodata.__func__.6932
                0x0000000010009240        0x9 CMakeFiles/org2-bluetooth-adapter.dir/tree/downloaded_tools/pico/pico-sdk/lib/tinyusb/src/portable/raspberrypi/rp2040/dcd_rp2040.c.obj
 *fill*         0x0000000010009249        0x3 
 .rodata.__func__.6936
                0x000000001000924c        0xf CMakeFiles/org2-bluetooth-adapter.dir/tree/downloaded_tools/pico/pico-sdk/lib/tinyusb/src/portable/raspberrypi/rp2040/dcd_rp2040.c.obj
 *fill*         0x000000001000925b        0x1 
 .rodata.__func__.6945
                0x000000001000925c       0x10 CMakeFiles/org2-bluetooth-adapter.dir/tree/downloaded_tools/pico/pico-sdk/lib/tinyusb/src/portable/raspberrypi/rp2040/dcd_rp2040.c.obj
 .rodata.__func__.6957