Archive member included to satisfy reference by file (symbol)

/usr/lib/gcc/arm-none-eabi/9.2.1/thumb/v6-m/nofp/libgcc.a(_dvmd_tls.o)
                              CMakeFiles/org2-bluetooth-adapter.dir/tree/downloaded_tools/pico/pico-sdk/src/rp2_common/pico_divider/divider.S.obj (__aeabi_idiv0)
/usr/lib/gcc/arm-none-eabi/9.2.1/../../../arm-none-eabi/lib/thumb/v6-m/nofp/libg.a(lib_a-atexit.o)
                              /usr/lib/gcc/arm-none-eabi/9.2.1/../../../arm-none-eabi/lib/thumb/v6-m/nofp/crt0.o (atexit)
/usr/lib/gcc/arm-none-eabi/9.2.1/../../../arm-none-eabi/lib/thumb/v6-m/nofp/libg.a(lib_a-atoi.o)
                              CMakeFiles/org2-bluetooth-adapter.dir/match.c.obj (atoi)
/usr/lib/gcc/arm-none-eabi/9.2.1/../../../arm-none-eabi/lib/thumb/v6-m/nofp/libg.a(lib_a-calloc.o)
                              CMakeFiles/org2-bluetooth-adapter.dir/tree/downloaded_tools/pico/pico-sdk/src/rp2_common/pico_malloc/pico_malloc.c.obj (calloc)
/usr/lib/gcc/arm-none-eabi/9.2.1/../../../arm-none-eabi/lib/thumb/v6-m/nofp/libg.a(lib_a-callocr.o)
                              /usr/lib/gcc/arm-none-eabi/9.2.1/../../../arm-none-eabi/lib/thumb/v6-m/nofp/libg.a(lib_a-calloc.o) (_calloc_r)
/usr/lib/gcc/arm-none-eabi/9.2.1/../../../arm-none-eabi/lib/thumb/v6-m/nofp/libg.a(lib_a-ctype_.o)
                              CMakeFiles/org2-bluetooth-adapter.dir/org2-bluetooth-adapter.c.obj (_ctype_)
/usr/lib/gcc/arm-none-eabi/9.2.1/../../../arm-none-eabi/lib/thumb/v6-m/nofp/libg.a(lib_a-errno.o)
                              CMakeFiles/org2-bluetooth-adapter.dir/tree/downloaded_tools/pico/no-OS-FatFS-SD-SPI-RPi-Pico/FatFs_SPI/src/ff_stdio.c.obj (__errno)
/usr/lib/gcc/arm-none-eabi/9.2.1/../../../arm-none-eabi/lib/thumb/v6-m/nofp/libg.a(lib_a-fflush.o)
                              CMakeFiles/org2-bluetooth-adapter.dir/tree/downloaded_tools/pico/no-OS-FatFS-SD-SPI-RPi-Pico/FatFs_SPI/sd_driver/demo_logging.c.obj (fflush)
/usr/lib/gcc/arm-none-eabi/9.2.1/../../../arm-none-eabi/lib/thumb/v6-m/nofp/libg.a(lib_a-findfp.o)
                              /usr/lib/gcc/arm-none-eabi/9.2.1/../../../arm-none-eabi/lib/thumb/v6-m/nofp/libg.a(lib_a-fflush.o) (__sinit)
/usr/lib/gcc/arm-none-eabi/9.2.1/../../../arm-none-eabi/lib/thumb/v6-m/nofp/libg.a(lib_a-fini.o)
                              /usr/lib/gcc/arm-none-eabi/9.2.1/../../../arm-none-eabi/lib/thumb/v6-m/nofp/crt0.o (__libc_fini_array)
/usr/lib/gcc/arm-none-eabi/9.2.1/../../../arm-none-eabi/lib/thumb/v6-m/nofp/libg.a(lib_a-freer.o)
                              /usr/lib/gcc/arm-none-eabi/9.2.1/../../../arm-none-eabi/lib/thumb/v6-m/nofp/libg.a(lib_a-fflush.o) (_free_r)
/usr/lib/gcc/arm-none-eabi/9.2.1/../../../arm-none-eabi/lib/thumb/v6-m/nofp/libg.a(lib_a-fwalk.o)
                              /usr/lib/gcc/arm-none-eabi/9.2.1/../../../arm-none-eabi/lib/thumb/v6-m/nofp/libg.a(lib_a-findfp.o) (_fwalk)
/usr/lib/gcc/arm-none-eabi/9.2.1/../../../arm-none-eabi/lib/thumb/v6-m/nofp/libg.a(lib_a-impure.o)
                              /usr/lib/gcc/arm-none-eabi/9.2.1/../../../arm-none-eabi/lib/thumb/v6-m/nofp/libg.a(lib_a-fflush.o) (_global_impure_ptr)
/usr/lib/gcc/arm-none-eabi/9.2.1/../../../arm-none-eabi/lib/thumb/v6-m/nofp/libg.a(lib_a-init.o)
                              /usr/lib/gcc/arm-none-eabi/9.2.1/../../../arm-none-eabi/lib/thumb/v6-m/nofp/crt0.o (__libc_init_array)
/usr/lib/gcc/arm-none-eabi/9.2.1/../../../arm-none-eabi/lib/thumb/v6-m/nofp/libg.a(lib_a-malloc.o)
                              CMakeFiles/org2-bluetooth-adapter.dir/tree/downloaded_tools/pico/pico-sdk/src/rp2_common/pico_malloc/pico_malloc.c.obj (malloc)
/usr/lib/gcc/arm-none-eabi/9.2.1/../../../arm-none-eabi/lib/thumb/v6-m/nofp/libg.a(lib_a-mallocr.o)
                              /usr/lib/gcc/arm-none-eabi/9.2.1/../../../arm-none-eabi/lib/thumb/v6-m/nofp/libg.a(lib_a-callocr.o) (_malloc_r)
/usr/lib/gcc/arm-none-eabi/9.2.1/../../../arm-none-eabi/lib/thumb/v6-m/nofp/libg.a(lib_a-mktime.o)
                              CMakeFiles/org2-bluetooth-adapter.dir/tree/downloaded_tools/pico/no-OS-FatFS-SD-SPI-RPi-Pico/FatFs_SPI/src/rtc.c.obj (mktime)
/usr/lib/gcc/arm-none-eabi/9.2.1/../../../arm-none-eabi/lib/thumb/v6-m/nofp/libg.a(lib_a-mlock.o)
                              /usr/lib/gcc/arm-none-eabi/9.2.1/../../../arm-none-eabi/lib/thumb/v6-m/nofp/libg.a(lib_a-freer.o) (__malloc_lock)
/usr/lib/gcc/arm-none-eabi/9.2.1/../../../arm-none-eabi/lib/thumb/v6-m/nofp/libg.a(lib_a-sbrkr.o)
                              /usr/lib/gcc/arm-none-eabi/9.2.1/../../../arm-none-eabi/lib/thumb/v6-m/nofp/libg.a(lib_a-freer.o) (_sbrk_r)
/usr/lib/gcc/arm-none-eabi/9.2.1/../../../arm-none-eabi/lib/thumb/v6-m/nofp/libg.a(lib_a-sscanf.o)
                              CMakeFiles/org2-bluetooth-adapter.dir/wireless-bluetooth-adapter.c.obj (sscanf)
/usr/lib/gcc/arm-none-eabi/9.2.1/../../../arm-none-eabi/lib/thumb/v6-m/nofp/libg.a(lib_a-stdio.o)
[...]
Memory Configuration

Name             Origin             Length             Attributes
FLASH            0x0000000010000000 0x0000000000200000 xr
RAM              0x0000000020000000 0x0000000000040000 xrw
SCRATCH_X        0x0000000020040000 0x0000000000001000 xrw
SCRATCH_Y        0x0000000020041000 0x0000000000001000 xrw
*default*        0x0000000000000000 0xffffffffffffffff

Linker script and memory map

LOAD /usr/lib/gcc/arm-none-eabi/9.2.1/thumb/v6-m/nofp/crti.o
LOAD /usr/lib/gcc/arm-none-eabi/9.2.1/thumb/v6-m/nofp/crtbegin.o
LOAD /usr/lib/gcc/arm-none-eabi/9.2.1/../../../arm-none-eabi/lib/thumb/v6-m/nofp/crt0.o

.flash_begin    0x0000000010000000        0x0
                0x0000000010000000                __flash_binary_start = .

.boot2          0x0000000010000000      0x100
                0x0000000010000000                __boot2_start__ = .
 *(.boot2)
 .boot2         0x0000000010000000      0x100 /tmp/ccRaNXu3.o
                0x0000000010000100                __boot2_end__ = .
                0x0000000000000001                ASSERT (((__boot2_end__ - __boot2_start__) == 0x100), ERROR: Pico second stage bootloader must be 256 bytes in size)

.text           0x0000000010000100     0xc6a0
                0x0000000010000100                __logical_binary_start = .
 *(.vectors)
 .vectors       0x0000000010000100       0xd4 CMakeFiles/org2-bluetooth-adapter.dir/tree/downloaded_tools/pico/pico-sdk/src/rp2_common/pico_standard_link/crt0.S.obj
                0x0000000010000100                __vectors
                0x0000000010000100                __VECTOR_TABLE
                0x00000000100001c0                isr_invalid
                0x00000000100001c0                __default_isrs_start
                0x00000000100001c2                isr_nmi
                0x00000000100001c4                isr_hardfault
                0x00000000100001c6                isr_svcall
                0x00000000100001c8                isr_pendsv
                0x00000000100001ca                isr_systick
                0x00000000100001cc                isr_irq30
                0x00000000100001cc                __unhandled_user_irq
                0x00000000100001cc                isr_irq13
                0x00000000100001cc                isr_irq27
                0x00000000100001cc                isr_irq31
                0x00000000100001cc                isr_irq5
                0x00000000100001cc                isr_irq11
                0x00000000100001cc                isr_irq23
                0x00000000100001cc                isr_irq18
                0x00000000100001cc                isr_irq28
                0x00000000100001cc                isr_irq19
                0x00000000100001cc                isr_irq0
                0x00000000100001cc                isr_irq6
                0x00000000100001cc                isr_irq22
                0x00000000100001cc                isr_irq17
                0x00000000100001cc                isr_irq14
                0x00000000100001cc                isr_irq2
                0x00000000100001cc                isr_irq10
                0x00000000100001cc                isr_irq8
                0x00000000100001cc                isr_irq24
                0x00000000100001cc                isr_irq1
                0x00000000100001cc                isr_irq7
                0x00000000100001cc                isr_irq21
                0x00000000100001cc                isr_irq20
                0x00000000100001cc                isr_irq15
                0x00000000100001cc                isr_irq25
                0x00000000100001cc                isr_irq4
                0x00000000100001cc                isr_irq16
                0x00000000100001cc                isr_irq29
                0x00000000100001cc                isr_irq26
                0x00000000100001cc                __default_isrs_end
                0x00000000100001cc                isr_irq3
                0x00000000100001cc                isr_irq12
                0x00000000100001cc                isr_irq9
                0x00000000100001d2                unhandled_user_irq_num_in_r0
 *(.binary_info_header)
 .binary_info_header
                0x00000000100001d4       0x14 CMakeFiles/org2-bluetooth-adapter.dir/tree/downloaded_tools/pico/pico-sdk/src/rp2_common/pico_standard_link/crt0.S.obj
                0x00000000100001e8                __binary_info_header_end = .
 *(.reset)
 .reset         0x00000000100001e8       0xa8 CMakeFiles/org2-bluetooth-adapter.dir/tree/downloaded_tools/pico/pico-sdk/src/rp2_common/pico_standard_link/crt0.S.obj
                0x00000000100001e8                _entry_point
                0x0000000010000266                __get_current_exception
 .reset         0x0000000010000290       0x30 CMakeFiles/org2-bluetooth-adapter.dir/tree/downloaded_tools/pico/pico-sdk/src/rp2_common/pico_standard_link/binary_info.c.obj
 *(.init)
 .init          0x00000000100002c0        0x4 /usr/lib/gcc/arm-none-eabi/9.2.1/thumb/v6-m/nofp/crti.o
                0x00000000100002c0                _init
 *(EXCLUDE_FILE(*libm.a: *libc.a:*lib_a-mem*.o *libgcc.a:) .text*)
 .text          0x00000000100002c4       0x98 /usr/lib/gcc/arm-none-eabi/9.2.1/thumb/v6-m/nofp/crtbegin.o
 .text.core1_main
                0x000000001000035c        0x8 CMakeFiles/org2-bluetooth-adapter.dir/org2-bluetooth-adapter.c.obj
                0x000000001000035c                core1_main
 .text.i2c_release
                0x0000000010000364       0x16 CMakeFiles/org2-bluetooth-adapter.dir/org2-bluetooth-adapter.c.obj
                0x0000000010000364                i2c_release
 .text.i2c_delay
                0x000000001000037a        0xc CMakeFiles/org2-bluetooth-adapter.dir/org2-bluetooth-adapter.c.obj
                0x000000001000037a                i2c_delay
 .text.i2c_sda_low
                0x0000000010000386        0xe CMakeFiles/org2-bluetooth-adapter.dir/org2-bluetooth-adapter.c.obj
                0x0000000010000386                i2c_sda_low
 .text.i2c_sda_high
                0x0000000010000394        0xc CMakeFiles/org2-bluetooth-adapter.dir/org2-bluetooth-adapter.c.obj
                0x0000000010000394                i2c_sda_high
 .text.i2c_scl_low
                0x00000000100003a0        0xe CMakeFiles/org2-bluetooth-adapter.dir/org2-bluetooth-adapter.c.obj
                0x00000000100003a0                i2c_scl_low
 .text.i2c_scl_high
                0x00000000100003ae        0xc CMakeFiles/org2-bluetooth-adapter.dir/org2-bluetooth-adapter.c.obj
                0x00000000100003ae                i2c_scl_high
 .text.i2c_read_sda
                0x00000000100003ba        0xe CMakeFiles/org2-bluetooth-adapter.dir/org2-bluetooth-adapter.c.obj
                0x00000000100003ba                i2c_read_sda
 .text.i2c_start
                0x00000000100003c8       0x1c CMakeFiles/org2-bluetooth-adapter.dir/org2-bluetooth-adapter.c.obj
                0x00000000100003c8                i2c_start
 .text.i2c_stop
                0x00000000100003e4       0x1c CMakeFiles/org2-bluetooth-adapter.dir/org2-bluetooth-adapter.c.obj
                0x00000000100003e4                i2c_stop
 .text.i2c_send_byte
                0x0000000010000400       0x7e CMakeFiles/org2-bluetooth-adapter.dir/org2-bluetooth-adapter.c.obj
                0x0000000010000400                i2c_send_byte
 .text.i2c_init
                0x000000001000047e       0x10 CMakeFiles/org2-bluetooth-adapter.dir/org2-bluetooth-adapter.c.obj
                0x000000001000047e                i2c_init
 .text.oled_send_cmd
                0x000000001000048e       0x70 CMakeFiles/org2-bluetooth-adapter.dir/org2-bluetooth-adapter.c.obj
                0x000000001000048e                oled_send_cmd
 .text.oled_set_xy
                0x00000000100004fe       0x54 CMakeFiles/org2-bluetooth-adapter.dir/org2-bluetooth-adapter.c.obj
                0x00000000100004fe                oled_set_xy
 .text.oled_gap
                0x0000000010000552       0x18 CMakeFiles/org2-bluetooth-adapter.dir/org2-bluetooth-adapter.c.obj
                0x0000000010000552                oled_gap
 *fill*         0x000000001000056a        0x2 
 .text.oled_display_string
                0x000000001000056c       0x50 CMakeFiles/org2-bluetooth-adapter.dir/org2-bluetooth-adapter.c.obj
                0x000000001000056c                oled_display_string
 .text.oled_clear_display
                0x00000000100005bc       0x34 CMakeFiles/org2-bluetooth-adapter.dir/org2-bluetooth-adapter.c.obj
                0x00000000100005bc                oled_clear_display
 .text.oled_setup
                0x00000000100005f0       0x48 CMakeFiles/org2-bluetooth-adapter.dir/org2-bluetooth-adapter.c.obj
                0x00000000100005f0                oled_setup
 .text.main     0x0000000010000638      0x8f4 CMakeFiles/org2-bluetooth-adapter.dir/org2-bluetooth-adapter.c.obj
                0x0000000010000638                main
 .text.ifm_null
                0x0000000010000f2c        0x4 CMakeFiles/org2-bluetooth-adapter.dir/wireless-bluetooth-adapter.c.obj
                0x0000000010000f2c                ifm_null
 .text.rfn_null
                0x0000000010000f30        0x2 CMakeFiles/org2-bluetooth-adapter.dir/wireless-bluetooth-adapter.c.obj
                0x0000000010000f30                rfn_null
 *fill*         0x0000000010000f32        0x2 
 .text.rfn_send_done
                0x0000000010000f34        0xc CMakeFiles/org2-bluetooth-adapter.dir/wireless-bluetooth-adapter.c.obj
                0x0000000010000f34                rfn_send_done
 .text.rfn_set_link_up
                0x0000000010000f40        0x2 CMakeFiles/org2-bluetooth-adapter.dir/wireless-bluetooth-adapter.c.obj
                0x0000000010000f40                rfn_set_link_up
 *fill*         0x0000000010000f42        0x2 
 .text.ifn_disconnect
                0x0000000010000f44        0xc CMakeFiles/org2-bluetooth-adapter.dir/wireless-bluetooth-adapter.c.obj
                0x0000000010000f44                ifn_disconnect
 .text.ufn_index
                0x0000000010000f50        0x2 CMakeFiles/org2-bluetooth-adapter.dir/wireless-bluetooth-adapter.c.obj
                0x0000000010000f50                ufn_index
 .text.ufn_memory_0
                0x0000000010000f52        0x2 CMakeFiles/org2-bluetooth-adapter.dir/wireless-bluetooth-adapter.c.obj
                0x0000000010000f52                ufn_memory_0
 .text.ufn_memory_at
                0x0000000010000f54        0x2 CMakeFiles/org2-bluetooth-adapter.dir/wireless-bluetooth-adapter.c.obj
                0x0000000010000f54                ufn_memory_at
 .text.ufn_ram  0x0000000010000f56        0x2 CMakeFiles/org2-bluetooth-adapter.dir/wireless-bluetooth-adapter.c.obj
                0x0000000010000f56                ufn_ram
 .text.ufn_memory_write
                0x0000000010000f58        0x2 CMakeFiles/org2-bluetooth-adapter.dir/wireless-bluetooth-adapter.c.obj
                0x0000000010000f58                ufn_memory_write
 .text.ufn_eeprom_write
                0x0000000010000f5a        0x2 CMakeFiles/org2-bluetooth-adapter.dir/wireless-bluetooth-adapter.c.obj
                0x0000000010000f5a                ufn_eeprom_write
 .text.ufn_eeprom_read
                0x0000000010000f5c        0x2 CMakeFiles/org2-bluetooth-adapter.dir/wireless-bluetooth-adapter.c.obj
                0x0000000010000f5c                ufn_eeprom_read
 .text.btfn_mem_rd
                0x0000000010000f5e        0x2 CMakeFiles/org2-bluetooth-adapter.dir/wireless-bluetooth-adapter.c.obj
                0x0000000010000f5e                btfn_mem_rd
 .text.btfn_mem_wr
                0x0000000010000f60        0x2 CMakeFiles/org2-bluetooth-adapter.dir/wireless-bluetooth-adapter.c.obj
                0x0000000010000f60                btfn_mem_wr
 .text.btfn_eeprom_wr
                0x0000000010000f62        0x2 CMakeFiles/org2-bluetooth-adapter.dir/wireless-bluetooth-adapter.c.obj
                0x0000000010000f62                btfn_eeprom_wr
 .text.btfn_eeprom_rd
                0x0000000010000f64        0x2 CMakeFiles/org2-bluetooth-adapter.dir/wireless-bluetooth-adapter.c.obj
                0x0000000010000f64                btfn_eeprom_rd
 .text.btfn_processor_status
                0x0000000010000f66        0x2 CMakeFiles/org2-bluetooth-adapter.dir/wireless-bluetooth-adapter.c.obj
                0x0000000010000f66                btfn_processor_status
 .text.btfn_display
                0x0000000010000f68        0x2 CMakeFiles/org2-bluetooth-adapter.dir/wireless-bluetooth-adapter.c.obj
                0x0000000010000f68                btfn_display
 .text.btfn_key
                0x0000000010000f6a        0x2 CMakeFiles/org2-bluetooth-adapter.dir/wireless-bluetooth-adapter.c.obj
                0x0000000010000f6a                btfn_key
 .text.ifm_ipd  0x0000000010000f6c       0x1c CMakeFiles/org2-bluetooth-adapter.dir/wireless-bluetooth-adapter.c.obj
                0x0000000010000f6c                ifm_ipd
 .text.ifm_recv
                0x0000000010000f88       0x1c CMakeFiles/org2-bluetooth-adapter.dir/wireless-bluetooth-adapter.c.obj
                0x0000000010000f88                ifm_recv
 .text.w_uart_puts
                0x0000000010000fa4       0x2c CMakeFiles/org2-bluetooth-adapter.dir/wireless-bluetooth-adapter.c.obj
                0x0000000010000fa4                w_uart_puts
 .text.connect_to_device
                0x0000000010000fd0       0x3c CMakeFiles/org2-bluetooth-adapter.dir/wireless-bluetooth-adapter.c.obj
                0x0000000010000fd0                connect_to_device
 .text.w_uart_tasks
                0x000000001000100c       0x58 CMakeFiles/org2-bluetooth-adapter.dir/wireless-bluetooth-adapter.c.obj
                0x000000001000100c                w_uart_tasks
 .text.wireless_init
                0x0000000010001064       0x60 CMakeFiles/org2-bluetooth-adapter.dir/wireless-bluetooth-adapter.c.obj
                0x0000000010001064                wireless_init
 .text.process_uri
                0x00000000100010c4       0x30 CMakeFiles/org2-bluetooth-adapter.dir/wireless-bluetooth-adapter.c.obj
                0x00000000100010c4                process_uri
 .text.ifn2_ipd
                0x00000000100010f4       0x10 CMakeFiles/org2-bluetooth-adapter.dir/wireless-bluetooth-adapter.c.obj
                0x00000000100010f4                ifn2_ipd
 .text.process_btcmd
                0x0000000010001104       0x30 CMakeFiles/org2-bluetooth-adapter.dir/wireless-bluetooth-adapter.c.obj
                0x0000000010001104                process_btcmd
 .text.comms_link_input
                0x0000000010001134       0x40 CMakeFiles/org2-bluetooth-adapter.dir/wireless-bluetooth-adapter.c.obj
                0x0000000010001134                comms_link_input
 .text.ifn2_btdata
                0x0000000010001174       0x30 CMakeFiles/org2-bluetooth-adapter.dir/wireless-bluetooth-adapter.c.obj
                0x0000000010001174                ifn2_btdata
 .text.remove_n
                0x00000000100011a4       0x3c CMakeFiles/org2-bluetooth-adapter.dir/wireless-bluetooth-adapter.c.obj
                0x00000000100011a4                remove_n
 .text.get_n_bytes_then
                0x00000000100011e0       0x90 CMakeFiles/org2-bluetooth-adapter.dir/wireless-bluetooth-adapter.c.obj
                0x00000000100011e0                get_n_bytes_then
 .text.ifn_next_is_ok
                0x0000000010001270       0x1c CMakeFiles/org2-bluetooth-adapter.dir/wireless-bluetooth-adapter.c.obj
                0x0000000010001270                ifn_next_is_ok
 .text.ifn_check_ok
                0x000000001000128c       0x58 CMakeFiles/org2-bluetooth-adapter.dir/wireless-bluetooth-adapter.c.obj
                0x000000001000128c                ifn_check_ok
 .text.ifn_ipd  0x00000000100012e4       0x38 CMakeFiles/org2-bluetooth-adapter.dir/wireless-bluetooth-adapter.c.obj
                0x00000000100012e4                ifn_ipd
 .text.ifn_connect
                0x000000001000131c       0x48 CMakeFiles/org2-bluetooth-adapter.dir/wireless-bluetooth-adapter.c.obj
                0x000000001000131c                ifn_connect
 .text.ifn_ignore
                0x0000000010001364       0x2c CMakeFiles/org2-bluetooth-adapter.dir/wireless-bluetooth-adapter.c.obj
                0x0000000010001364                ifn_ignore
 .text.ifn_closed
                0x0000000010001390       0x28 CMakeFiles/org2-bluetooth-adapter.dir/wireless-bluetooth-adapter.c.obj
                0x0000000010001390                ifn_closed
 .text.ifn_busy
                0x00000000100013b8       0x28 CMakeFiles/org2-bluetooth-adapter.dir/wireless-bluetooth-adapter.c.obj
                0x00000000100013b8                ifn_busy
 .text.ifn_startdisc
                0x00000000100013e0       0xe4 CMakeFiles/org2-bluetooth-adapter.dir/wireless-bluetooth-adapter.c.obj
                0x00000000100013e0                ifn_startdisc
 .text.ifn_startdisc2
                0x00000000100014c4       0xe8 CMakeFiles/org2-bluetooth-adapter.dir/wireless-bluetooth-adapter.c.obj
                0x00000000100014c4                ifn_startdisc2
 .text.ifn_btdata
                0x00000000100015ac       0x38 CMakeFiles/org2-bluetooth-adapter.dir/wireless-bluetooth-adapter.c.obj
                0x00000000100015ac                ifn_btdata
 .text.send_bt_reply
                0x00000000100015e4       0x3c CMakeFiles/org2-bluetooth-adapter.dir/wireless-bluetooth-adapter.c.obj
                0x00000000100015e4                send_bt_reply
 .text.btfn_hello
                0x0000000010001620       0x1c CMakeFiles/org2-bluetooth-adapter.dir/wireless-bluetooth-adapter.c.obj
                0x0000000010001620                btfn_hello
 .text.start_task
                0x000000001000163c       0x54 CMakeFiles/org2-bluetooth-adapter.dir/wireless-bluetooth-adapter.c.obj
                0x000000001000163c                start_task
 .text.ifn_ready
                0x0000000010001690       0x44 CMakeFiles/org2-bluetooth-adapter.dir/wireless-bluetooth-adapter.c.obj
                0x0000000010001690                ifn_ready
 .text.ifn_cipsend
                0x00000000100016d4       0x38 CMakeFiles/org2-bluetooth-adapter.dir/wireless-bluetooth-adapter.c.obj
                0x00000000100016d4                ifn_cipsend
 .text.ifn_recv
                0x000000001000170c       0x38 CMakeFiles/org2-bluetooth-adapter.dir/wireless-bluetooth-adapter.c.obj
                0x000000001000170c                ifn_recv
 .text.mon_reply
                0x0000000010001744       0x2c CMakeFiles/org2-bluetooth-adapter.dir/wireless-bluetooth-adapter.c.obj
                0x0000000010001744                mon_reply
 .text.process_monitor
                0x0000000010001770       0x68 CMakeFiles/org2-bluetooth-adapter.dir/wireless-bluetooth-adapter.c.obj
                0x0000000010001770                process_monitor
 .text.wireless_taskloop
                0x00000000100017d8      0x39c CMakeFiles/org2-bluetooth-adapter.dir/wireless-bluetooth-adapter.c.obj
                0x00000000100017d8                wireless_taskloop
 .text.add_int_arg
                0x0000000010001b74       0x44 CMakeFiles/org2-bluetooth-adapter.dir/match.c.obj
                0x0000000010001b74                add_int_arg
 .text.is_space_char
                0x0000000010001bb8       0x10 CMakeFiles/org2-bluetooth-adapter.dir/match.c.obj
                0x0000000010001bb8                is_space_char
 .text.match    0x0000000010001bc8      0x450 CMakeFiles/org2-bluetooth-adapter.dir/match.c.obj
                0x0000000010001bc8                match
 .text.gpio_set_function
                0x0000000010002018       0x30 CMakeFiles/org2-bluetooth-adapter.dir/tree/downloaded_tools/pico/pico-sdk/src/rp2_common/hardware_gpio/gpio.c.obj
                0x0000000010002018                gpio_set_function
 .text.gpio_set_pulls
                0x0000000010002048       0x34 CMakeFiles/org2-bluetooth-adapter.dir/tree/downloaded_tools/pico/pico-sdk/src/rp2_common/hardware_gpio/gpio.c.obj
                0x0000000010002048                gpio_set_pulls
 .text.gpio_init
                0x000000001000207c       0x16 CMakeFiles/org2-bluetooth-adapter.dir/tree/downloaded_tools/pico/pico-sdk/src/rp2_common/hardware_gpio/gpio.c.obj
                0x000000001000207c                gpio_init
 *fill*         0x0000000010002092        0x2 
 .text.hw_claim_lock
                0x0000000010002094       0x18 CMakeFiles/org2-bluetooth-adapter.dir/tree/downloaded_tools/pico/pico-sdk/src/rp2_common/hardware_claim/claim.c.obj
                0x0000000010002094                hw_claim_lock
 .text.hw_claim_unlock
                0x00000000100020ac       0x14 CMakeFiles/org2-bluetooth-adapter.dir/tree/downloaded_tools/pico/pico-sdk/src/rp2_common/hardware_claim/claim.c.obj
                0x00000000100020ac                hw_claim_unlock
 .text.hw_claim_or_assert
                0x00000000100020c0       0x32 CMakeFiles/org2-bluetooth-adapter.dir/tree/downloaded_tools/pico/pico-sdk/src/rp2_common/hardware_claim/claim.c.obj
                0x00000000100020c0                hw_claim_or_assert
 *fill*         0x00000000100020f2        0x2 
 .text.running_on_fpga
                0x00000000100020f4       0x14 CMakeFiles/org2-bluetooth-adapter.dir/tree/downloaded_tools/pico/pico-sdk/src/rp2_common/pico_platform/platform.c.obj
                0x00000000100020f4                running_on_fpga
 .text.spin_locks_reset
                0x0000000010002108       0x20 CMakeFiles/org2-bluetooth-adapter.dir/tree/downloaded_tools/pico/pico-sdk/src/rp2_common/hardware_sync/sync.c.obj
                0x0000000010002108                spin_locks_reset
 .text.next_striped_spin_lock_num
                0x0000000010002128       0x1c CMakeFiles/org2-bluetooth-adapter.dir/tree/downloaded_tools/pico/pico-sdk/src/rp2_common/hardware_sync/sync.c.obj
                0x0000000010002128                next_striped_spin_lock_num
 .text.uart_set_baudrate
                0x0000000010002144       0x5c CMakeFiles/org2-bluetooth-adapter.dir/tree/downloaded_tools/pico/pico-sdk/src/rp2_common/hardware_uart/uart.c.obj
                0x0000000010002144                uart_set_baudrate
 .text.uart_set_translate_crlf
                0x00000000100021a0       0x28 CMakeFiles/org2-bluetooth-adapter.dir/tree/downloaded_tools/pico/pico-sdk/src/rp2_common/hardware_uart/uart.c.obj
                0x00000000100021a0                uart_set_translate_crlf
 .text.uart_init
                0x00000000100021c8       0x80 CMakeFiles/org2-bluetooth-adapter.dir/tree/downloaded_tools/pico/pico-sdk/src/rp2_common/hardware_uart/uart.c.obj
                0x00000000100021c8                uart_init
 .text.alarm_pool_post_alloc_init
                0x0000000010002248       0x40 CMakeFiles/org2-bluetooth-adapter.dir/tree/downloaded_tools/pico/pico-sdk/src/common/pico_time/time.c.obj
 .text.sleep_until_callback
                0x0000000010002288       0x30 CMakeFiles/org2-bluetooth-adapter.dir/tree/downloaded_tools/pico/pico-sdk/src/common/pico_time/time.c.obj
 .text.timer_pool_entry_comparator
                0x00000000100022b8       0x7c CMakeFiles/org2-bluetooth-adapter.dir/tree/downloaded_tools/pico/pico-sdk/src/common/pico_time/time.c.obj
                0x00000000100022b8                timer_pool_entry_comparator
 .text.ph_add_child_node
                0x0000000010002334       0xa4 CMakeFiles/org2-bluetooth-adapter.dir/tree/downloaded_tools/pico/pico-sdk/src/common/pico_time/time.c.obj
 .text.ph_merge_nodes
                0x00000000100023d8       0x3e CMakeFiles/org2-bluetooth-adapter.dir/tree/downloaded_tools/pico/pico-sdk/src/common/pico_time/time.c.obj
 *fill*         0x0000000010002416        0x2 
 .text.add_alarm_under_lock
                0x0000000010002418      0x174 CMakeFiles/org2-bluetooth-adapter.dir/tree/downloaded_tools/pico/pico-sdk/src/common/pico_time/time.c.obj
 .text.alarm_pool_alarm_callback
                0x000000001000258c      0x32c CMakeFiles/org2-bluetooth-adapter.dir/tree/downloaded_tools/pico/pico-sdk/src/common/pico_time/time.c.obj
 .text.alarm_pool_init_default
                0x00000000100028b8       0x38 CMakeFiles/org2-bluetooth-adapter.dir/tree/downloaded_tools/pico/pico-sdk/src/common/pico_time/time.c.obj
                0x00000000100028b8                alarm_pool_init_default
 .text.alarm_pool_get_default
                0x00000000100028f0       0x2c CMakeFiles/org2-bluetooth-adapter.dir/tree/downloaded_tools/pico/pico-sdk/src/common/pico_time/time.c.obj
                0x00000000100028f0                alarm_pool_get_default
 .text.alarm_pool_add_alarm_at
                0x000000001000291c      0x170 CMakeFiles/org2-bluetooth-adapter.dir/tree/downloaded_tools/pico/pico-sdk/src/common/pico_time/time.c.obj
                0x000000001000291c                alarm_pool_add_alarm_at
 .text.sleep_until
                0x0000000010002a8c       0xfc CMakeFiles/org2-bluetooth-adapter.dir/tree/downloaded_tools/pico/pico-sdk/src/common/pico_time/time.c.obj
                0x0000000010002a8c                sleep_until
 .text.sleep_us
                0x0000000010002b88       0x58 CMakeFiles/org2-bluetooth-adapter.dir/tree/downloaded_tools/pico/pico-sdk/src/common/pico_time/time.c.obj
                0x0000000010002b88                sleep_us
 .text.hardware_alarm_irq_handler
                0x0000000010002be0       0x8c CMakeFiles/org2-bluetooth-adapter.dir/tree/downloaded_tools/pico/pico-sdk/src/rp2_common/hardware_timer/timer.c.obj
 .text.hardware_alarm_claim
                0x0000000010002c6c       0x18 CMakeFiles/org2-bluetooth-adapter.dir/tree/downloaded_tools/pico/pico-sdk/src/rp2_common/hardware_timer/timer.c.obj
                0x0000000010002c6c                hardware_alarm_claim
 .text.time_us_64
                0x0000000010002c84       0x18 CMakeFiles/org2-bluetooth-adapter.dir/tree/downloaded_tools/pico/pico-sdk/src/rp2_common/hardware_timer/timer.c.obj
                0x0000000010002c84                time_us_64
 .text.busy_wait_until
                0x0000000010002c9c       0x24 CMakeFiles/org2-bluetooth-adapter.dir/tree/downloaded_tools/pico/pico-sdk/src/rp2_common/hardware_timer/timer.c.obj
                0x0000000010002c9c                busy_wait_until
 .text.busy_wait_us
                0x0000000010002cc0       0x48 CMakeFiles/org2-bluetooth-adapter.dir/tree/downloaded_tools/pico/pico-sdk/src/rp2_common/hardware_timer/timer.c.obj
                0x0000000010002cc0                busy_wait_us
 .text.hardware_alarm_set_callback
                0x0000000010002d08       0x90 CMakeFiles/org2-bluetooth-adapter.dir/tree/downloaded_tools/pico/pico-sdk/src/rp2_common/hardware_timer/timer.c.obj
                0x0000000010002d08                hardware_alarm_set_callback
 .text.hardware_alarm_set_target
                0x0000000010002d98       0xe8 CMakeFiles/org2-bluetooth-adapter.dir/tree/downloaded_tools/pico/pico-sdk/src/rp2_common/hardware_timer/timer.c.obj
                0x0000000010002d98                hardware_alarm_set_target
 .text.hardware_alarm_cancel
                0x0000000010002e80       0x40 CMakeFiles/org2-bluetooth-adapter.dir/tree/downloaded_tools/pico/pico-sdk/src/rp2_common/hardware_timer/timer.c.obj
                0x0000000010002e80                hardware_alarm_cancel
 .text.lock_init
                0x0000000010002ec0       0x10 CMakeFiles/org2-bluetooth-adapter.dir/tree/downloaded_tools/pico/pico-sdk/src/common/pico_sync/lock_core.c.obj
                0x0000000010002ec0                lock_init
 .text.mutex_init_internal
                0x0000000010002ed0       0x1e CMakeFiles/org2-bluetooth-adapter.dir/tree/downloaded_tools/pico/pico-sdk/src/common/pico_sync/mutex.c.obj
 .text.mutex_init
                0x0000000010002eee        0xa CMakeFiles/org2-bluetooth-adapter.dir/tree/downloaded_tools/pico/pico-sdk/src/common/pico_sync/mutex.c.obj
                0x0000000010002eee                mutex_init
 .text.recursive_mutex_init
                0x0000000010002ef8        0xa CMakeFiles/org2-bluetooth-adapter.dir/tree/downloaded_tools/pico/pico-sdk/src/common/pico_sync/mutex.c.obj
                0x0000000010002ef8                recursive_mutex_init
 *fill*         0x0000000010002f02        0x2 
 .text.ph_add_child_node
                0x0000000010002f04       0xa4 CMakeFiles/org2-bluetooth-adapter.dir/tree/downloaded_tools/pico/pico-sdk/src/common/pico_util/pheap.c.obj
 .text.ph_merge_nodes
                0x0000000010002fa8       0x3e CMakeFiles/org2-bluetooth-adapter.dir/tree/downloaded_tools/pico/pico-sdk/src/common/pico_util/pheap.c.obj
 *fill*         0x0000000010002fe6        0x2 
 .text.ph_clear
                0x0000000010002fe8       0x70 CMakeFiles/org2-bluetooth-adapter.dir/tree/downloaded_tools/pico/pico-sdk/src/common/pico_util/pheap.c.obj
                0x0000000010002fe8                ph_clear
 .text.ph_post_alloc_init
                0x0000000010003058        0xe CMakeFiles/org2-bluetooth-adapter.dir/tree/downloaded_tools/pico/pico-sdk/src/common/pico_util/pheap.c.obj
                0x0000000010003058                ph_post_alloc_init
 *fill*         0x0000000010003066        0x2 
 .text.ph_merge_two_pass
                0x0000000010003068       0xa8 CMakeFiles/org2-bluetooth-adapter.dir/tree/downloaded_tools/pico/pico-sdk/src/common/pico_util/pheap.c.obj
                0x0000000010003068                ph_merge_two_pass
 .text.ph_remove_any_head
                0x0000000010003110      0x108 CMakeFiles/org2-bluetooth-adapter.dir/tree/downloaded_tools/pico/pico-sdk/src/common/pico_util/pheap.c.obj
 .text.ph_remove_head
                0x0000000010003218       0x14 CMakeFiles/org2-bluetooth-adapter.dir/tree/downloaded_tools/pico/pico-sdk/src/common/pico_util/pheap.c.obj
                0x0000000010003218                ph_remove_head
 .text.ph_remove_and_free_node
                0x000000001000322c       0xf8 CMakeFiles/org2-bluetooth-adapter.dir/tree/downloaded_tools/pico/pico-sdk/src/common/pico_util/pheap.c.obj
                0x000000001000322c                ph_remove_and_free_node
 .text.runtime_init
                0x0000000010003324       0xd8 CMakeFiles/org2-bluetooth-adapter.dir/tree/downloaded_tools/pico/pico-sdk/src/rp2_common/pico_runtime/runtime.c.obj
                0x0000000010003324                runtime_init
 .text._exit    0x00000000100033fc        0x4 CMakeFiles/org2-bluetooth-adapter.dir/tree/downloaded_tools/pico/pico-sdk/src/rp2_common/pico_runtime/runtime.c.obj
                0x00000000100033fc                _exit
 .text._sbrk    0x0000000010003400       0x38 CMakeFiles/org2-bluetooth-adapter.dir/tree/downloaded_tools/pico/pico-sdk/src/rp2_common/pico_runtime/runtime.c.obj
                0x0000000010003400                _sbrk
 .text.exit     0x0000000010003438        0x6 CMakeFiles/org2-bluetooth-adapter.dir/tree/downloaded_tools/pico/pico-sdk/src/rp2_common/pico_runtime/runtime.c.obj
                0x0000000010003438                exit
 *fill*         0x000000001000343e        0x2 
 .text.__assert_func
                0x0000000010003440       0x3c CMakeFiles/org2-bluetooth-adapter.dir/tree/downloaded_tools/pico/pico-sdk/src/rp2_common/pico_runtime/runtime.c.obj
                0x0000000010003440                __assert_func
 .text.panic    0x000000001000347c       0x30 CMakeFiles/org2-bluetooth-adapter.dir/tree/downloaded_tools/pico/pico-sdk/src/rp2_common/pico_runtime/runtime.c.obj
                0x000000001000347c                panic
 .text.clock_configure
                0x00000000100034ac      0x104 CMakeFiles/org2-bluetooth-adapter.dir/tree/downloaded_tools/pico/pico-sdk/src/rp2_common/hardware_clocks/clocks.c.obj
                0x00000000100034ac                clock_configure
 .text.clocks_init
                0x00000000100035b0      0x100 CMakeFiles/org2-bluetooth-adapter.dir/tree/downloaded_tools/pico/pico-sdk/src/rp2_common/hardware_clocks/clocks.c.obj
                0x00000000100035b0                clocks_init
 .text.clock_get_hz
                0x00000000100036b0        0xc CMakeFiles/org2-bluetooth-adapter.dir/tree/downloaded_tools/pico/pico-sdk/src/rp2_common/hardware_clocks/clocks.c.obj
                0x00000000100036b0                clock_get_hz
 .text.set_raw_irq_handler_and_unlock
                0x00000000100036bc       0x28 CMakeFiles/org2-bluetooth-adapter.dir/tree/downloaded_tools/pico/pico-sdk/src/rp2_common/hardware_irq/irq.c.obj
 .text.make_branch
                0x00000000100036e4       0x34 CMakeFiles/org2-bluetooth-adapter.dir/tree/downloaded_tools/pico/pico-sdk/src/rp2_common/hardware_irq/irq.c.obj
 .text.insert_branch_and_link
                0x0000000010003718       0x40 CMakeFiles/org2-bluetooth-adapter.dir/tree/downloaded_tools/pico/pico-sdk/src/rp2_common/hardware_irq/irq.c.obj
 .text.irq_is_enabled
                0x0000000010003758       0x18 CMakeFiles/org2-bluetooth-adapter.dir/tree/downloaded_tools/pico/pico-sdk/src/rp2_common/hardware_irq/irq.c.obj
                0x0000000010003758                irq_is_enabled
 .text.irq_set_mask_enabled
                0x0000000010003770       0x20 CMakeFiles/org2-bluetooth-adapter.dir/tree/downloaded_tools/pico/pico-sdk/src/rp2_common/hardware_irq/irq.c.obj
                0x0000000010003770                irq_set_mask_enabled
 .text.irq_set_enabled
                0x0000000010003790        0xe CMakeFiles/org2-bluetooth-adapter.dir/tree/downloaded_tools/pico/pico-sdk/src/rp2_common/hardware_irq/irq.c.obj
                0x0000000010003790                irq_set_enabled
 *fill*         0x000000001000379e        0x2 
 .text.irq_get_vtable_handler
                0x00000000100037a0       0x10 CMakeFiles/org2-bluetooth-adapter.dir/tree/downloaded_tools/pico/pico-sdk/src/rp2_common/hardware_irq/irq.c.obj
                0x00000000100037a0                irq_get_vtable_handler
 .text.irq_set_exclusive_handler
                0x00000000100037b0       0x54 CMakeFiles/org2-bluetooth-adapter.dir/tree/downloaded_tools/pico/pico-sdk/src/rp2_common/hardware_irq/irq.c.obj
                0x00000000100037b0                irq_set_exclusive_handler
 .text.irq_remove_handler
                0x0000000010003804      0x1ac CMakeFiles/org2-bluetooth-adapter.dir/tree/downloaded_tools/pico/pico-sdk/src/rp2_common/hardware_irq/irq.c.obj
                0x0000000010003804                irq_remove_handler
 .text.irq_set_priority
                0x00000000100039b0       0x28 CMakeFiles/org2-bluetooth-adapter.dir/tree/downloaded_tools/pico/pico-sdk/src/rp2_common/hardware_irq/irq.c.obj
                0x00000000100039b0                irq_set_priority
 .text.irq_add_tail_to_free_list
                0x00000000100039d8       0xf0 CMakeFiles/org2-bluetooth-adapter.dir/tree/downloaded_tools/pico/pico-sdk/src/rp2_common/hardware_irq/irq.c.obj
                0x00000000100039d8                irq_add_tail_to_free_list
 .text.irq_init_priorities
                0x0000000010003ac8       0x16 CMakeFiles/org2-bluetooth-adapter.dir/tree/downloaded_tools/pico/pico-sdk/src/rp2_common/hardware_irq/irq.c.obj
                0x0000000010003ac8                irq_init_priorities
 *fill*         0x0000000010003ade        0x2 
 .text.pll_init
                0x0000000010003ae0      0x118 CMakeFiles/org2-bluetooth-adapter.dir/tree/downloaded_tools/pico/pico-sdk/src/rp2_common/hardware_pll/pll.c.obj
                0x0000000010003ae0                pll_init
 .text.watchdog_start_tick
                0x0000000010003bf8       0x10 CMakeFiles/org2-bluetooth-adapter.dir/tree/downloaded_tools/pico/pico-sdk/src/rp2_common/hardware_watchdog/watchdog.c.obj
                0x0000000010003bf8                watchdog_start_tick
 .text.xosc_init
                0x0000000010003c08       0x28 CMakeFiles/org2-bluetooth-adapter.dir/tree/downloaded_tools/pico/pico-sdk/src/rp2_common/hardware_xosc/xosc.c.obj
                0x0000000010003c08                xosc_init
 .text._out_buffer
                0x0000000010003c30        0x8 CMakeFiles/org2-bluetooth-adapter.dir/tree/downloaded_tools/pico/pico-sdk/src/rp2_common/pico_printf/printf.c.obj
 .text._out_null
                0x0000000010003c38        0x2 CMakeFiles/org2-bluetooth-adapter.dir/tree/downloaded_tools/pico/pico-sdk/src/rp2_common/pico_printf/printf.c.obj
 .text._out_fct
                0x0000000010003c3a        0xe CMakeFiles/org2-bluetooth-adapter.dir/tree/downloaded_tools/pico/pico-sdk/src/rp2_common/pico_printf/printf.c.obj
 .text._atoi    0x0000000010003c48       0x24 CMakeFiles/org2-bluetooth-adapter.dir/tree/downloaded_tools/pico/pico-sdk/src/rp2_common/pico_printf/printf.c.obj
 .text._out_rev
                0x0000000010003c6c       0xae CMakeFiles/org2-bluetooth-adapter.dir/tree/downloaded_tools/pico/pico-sdk/src/rp2_common/pico_printf/printf.c.obj
 .text._ntoa_format
                0x0000000010003d1a      0x110 CMakeFiles/org2-bluetooth-adapter.dir/tree/downloaded_tools/pico/pico-sdk/src/rp2_common/pico_printf/printf.c.obj
 .text._ntoa_long
                0x0000000010003e2a       0xbc CMakeFiles/org2-bluetooth-adapter.dir/tree/downloaded_tools/pico/pico-sdk/src/rp2_common/pico_printf/printf.c.obj
 .text._ntoa_long_long
                0x0000000010003ee6       0xe2 CMakeFiles/org2-bluetooth-adapter.dir/tree/downloaded_tools/pico/pico-sdk/src/rp2_common/pico_printf/printf.c.obj
 .text._etoa    0x0000000010003fc8      0x40c CMakeFiles/org2-bluetooth-adapter.dir/tree/downloaded_tools/pico/pico-sdk/src/rp2_common/pico_printf/printf.c.obj
 .text._ftoa    0x00000000100043d4      0x354 CMakeFiles/org2-bluetooth-adapter.dir/tree/downloaded_tools/pico/pico-sdk/src/rp2_common/pico_printf/printf.c.obj
 .text._vsnprintf
                0x0000000010004728      0x628 CMakeFiles/org2-bluetooth-adapter.dir/tree/downloaded_tools/pico/pico-sdk/src/rp2_common/pico_printf/printf.c.obj
 .text.__wrap_sprintf
                0x0000000010004d50       0x28 CMakeFiles/org2-bluetooth-adapter.dir/tree/downloaded_tools/pico/pico-sdk/src/rp2_common/pico_printf/printf.c.obj
                0x0000000010004d50                __wrap_sprintf
 .text.vfctprintf
                0x0000000010004d78       0x20 CMakeFiles/org2-bluetooth-adapter.dir/tree/downloaded_tools/pico/pico-sdk/src/rp2_common/pico_printf/printf.c.obj
                0x0000000010004d78                vfctprintf
 .text          0x0000000010004d98       0x10 CMakeFiles/org2-bluetooth-adapter.dir/tree/downloaded_tools/pico/pico-sdk/src/rp2_common/pico_bit_ops/bit_ops_aeabi.S.obj
 .text.ctzsi    0x0000000010004da8        0xc CMakeFiles/org2-bluetooth-adapter.dir/tree/downloaded_tools/pico/pico-sdk/src/rp2_common/pico_bit_ops/bit_ops_aeabi.S.obj
                0x0000000010004da8                __wrap___ctzsi2
 .text.rom_func_lookup
                0x0000000010004db4       0x10 CMakeFiles/org2-bluetooth-adapter.dir/tree/downloaded_tools/pico/pico-sdk/src/rp2_common/pico_bootrom/bootrom.c.obj
                0x0000000010004db4                rom_func_lookup
 .text.rom_data_lookup
                0x0000000010004dc4       0x10 CMakeFiles/org2-bluetooth-adapter.dir/tree/downloaded_tools/pico/pico-sdk/src/rp2_common/pico_bootrom/bootrom.c.obj
                0x0000000010004dc4                rom_data_lookup
 .text.rom_funcs_lookup
                0x0000000010004dd4       0x36 CMakeFiles/org2-bluetooth-adapter.dir/tree/downloaded_tools/pico/pico-sdk/src/rp2_common/pico_bootrom/bootrom.c.obj
                0x0000000010004dd4                rom_funcs_lookup
 *fill*         0x0000000010004e0a        0x2 
 .text.__wrap___aeabi_idiv
                0x0000000010004e0c       0x50 CMakeFiles/org2-bluetooth-adapter.dir/tree/downloaded_tools/pico/pico-sdk/src/rp2_common/pico_divider/divider.S.obj
                0x0000000010004e0c                __wrap___aeabi_idivmod
                0x0000000010004e0c                divmod_s32s32
                0x0000000010004e0c                div_s32s32
                0x0000000010004e0c                __wrap___aeabi_idiv
                0x0000000010004e14                divmod_s32s32_unsafe
                0x0000000010004e40                divmod_s32s32_savestate
 .text.__wrap___aeabi_uidiv
                0x0000000010004e5c       0x4c CMakeFiles/org2-bluetooth-adapter.dir/tree/downloaded_tools/pico/pico-sdk/src/rp2_common/pico_divider/divider.S.obj
                0x0000000010004e5c                __wrap___aeabi_uidiv
                0x0000000010004e5c                __wrap___aeabi_uidivmod
                0x0000000010004e5c                div_u32u32
                0x0000000010004e5c                divmod_u32u32
                0x0000000010004e64                divmod_u32u32_unsafe
                0x0000000010004e8c                divmod_u32u32_savestate
 .text.__wrap___aeabi_ldiv
                0x0000000010004ea8      0x430 CMakeFiles/org2-bluetooth-adapter.dir/tree/downloaded_tools/pico/pico-sdk/src/rp2_common/pico_divider/divider.S.obj
                0x0000000010004ea8                div_s64s64
                0x0000000010004ea8                divmod_s64s64
                0x0000000010004ea8                __wrap___aeabi_ldivmod
                0x0000000010004ee0                div_u64u64
                0x0000000010004ee0                divmod_u64u64
                0x0000000010004ee0                __wrap___aeabi_uldivmod
                0x0000000010004ef0                divmod_u64u64_savestate
                0x0000000010004f18                divmod_s64s64_unsafe
                0x0000000010004fa0                divmod_u64u64_unsafe
 .text.__wrap___aeabi_darithmetic
                0x00000000100052d8       0x80 CMakeFiles/org2-bluetooth-adapter.dir/tree/downloaded_tools/pico/pico-sdk/src/rp2_common/pico_double/double_aeabi.S.obj
                0x00000000100052d8                __wrap___aeabi_drsub
                0x00000000100052de                __wrap___aeabi_dsub
                0x00000000100052f0                __wrap___aeabi_dadd
                0x0000000010005302                __wrap___aeabi_ddiv
                0x000000001000533e                __wrap___aeabi_dmul
 .text.__wrap___aeabi_cdcmple
                0x0000000010005358       0x6c CMakeFiles/org2-bluetooth-adapter.dir/tree/downloaded_tools/pico/pico-sdk/src/rp2_common/pico_double/double_aeabi.S.obj
                0x0000000010005358                __wrap___aeabi_cdrcmple
                0x0000000010005368                __wrap___aeabi_cdcmple
                0x0000000010005368                __wrap___aeabi_cdcmpeq
 .text.__wrap___aeabi_dcmpeq
                0x00000000100053c4       0x10 CMakeFiles/org2-bluetooth-adapter.dir/tree/downloaded_tools/pico/pico-sdk/src/rp2_common/pico_double/double_aeabi.S.obj
                0x00000000100053c4                __wrap___aeabi_dcmpeq
 .text.__wrap___aeabi_dcmplt
                0x00000000100053d4        0xc CMakeFiles/org2-bluetooth-adapter.dir/tree/downloaded_tools/pico/pico-sdk/src/rp2_common/pico_double/double_aeabi.S.obj
                0x00000000100053d4                __wrap___aeabi_dcmplt
 .text.__wrap___aeabi_dcmple
                0x00000000100053e0       0x10 CMakeFiles/org2-bluetooth-adapter.dir/tree/downloaded_tools/pico/pico-sdk/src/rp2_common/pico_double/double_aeabi.S.obj
                0x00000000100053e0                __wrap___aeabi_dcmple
 .text.__wrap___aeabi_dcmpge
                0x00000000100053f0       0x10 CMakeFiles/org2-bluetooth-adapter.dir/tree/downloaded_tools/pico/pico-sdk/src/rp2_common/pico_double/double_aeabi.S.obj
                0x00000000100053f0                __wrap___aeabi_dcmpge
 .text.__wrap___aeabi_dcmpgt
                0x0000000010005400        0xa CMakeFiles/org2-bluetooth-adapter.dir/tree/downloaded_tools/pico/pico-sdk/src/rp2_common/pico_double/double_aeabi.S.obj
                0x0000000010005400                __wrap___aeabi_dcmpgt
 .text.__wrap___aeabi_dcmpun
                0x000000001000540a       0x1c CMakeFiles/org2-bluetooth-adapter.dir/tree/downloaded_tools/pico/pico-sdk/src/rp2_common/pico_double/double_aeabi.S.obj
                0x000000001000540a                __wrap___aeabi_dcmpun
 *fill*         0x0000000010005426        0x2 
 .text.__wrap___aeabi_i2d
                0x0000000010005428       0x38 CMakeFiles/org2-bluetooth-adapter.dir/tree/downloaded_tools/pico/pico-sdk/src/rp2_common/pico_double/double_aeabi.S.obj
                0x0000000010005428                __wrap___aeabi_ui2d
                0x0000000010005430                __wrap___aeabi_i2d
 .text.__wrap___aeabi_d2iz
                0x0000000010005460       0x48 CMakeFiles/org2-bluetooth-adapter.dir/tree/downloaded_tools/pico/pico-sdk/src/rp2_common/pico_double/double_aeabi.S.obj
                0x0000000010005460                __wrap___aeabi_d2iz
                0x0000000010005460                double2int_z
 .text.__wrap___aeabi_d2uiz
                0x00000000100054a8       0x18 CMakeFiles/org2-bluetooth-adapter.dir/tree/downloaded_tools/pico/pico-sdk/src/rp2_common/pico_double/double_aeabi.S.obj
                0x00000000100054a8                double2uint
                0x00000000100054a8                __wrap___aeabi_d2uiz
 .text.__wrap___aeabi_l2d
                0x00000000100054c0       0x18 CMakeFiles/org2-bluetooth-adapter.dir/tree/downloaded_tools/pico/pico-sdk/src/rp2_common/pico_double/double_aeabi.S.obj
                0x00000000100054c0                __wrap___aeabi_l2d
 .text.__wrap___aeabi_d2lz
                0x00000000100054d8       0x26 CMakeFiles/org2-bluetooth-adapter.dir/tree/downloaded_tools/pico/pico-sdk/src/rp2_common/pico_double/double_aeabi.S.obj
                0x00000000100054d8                __wrap___aeabi_d2lz
                0x00000000100054d8                double2int64_z
 *fill*         0x00000000100054fe        0x2 
 .text.double2int64
                0x0000000010005500       0x18 CMakeFiles/org2-bluetooth-adapter.dir/tree/downloaded_tools/pico/pico-sdk/src/rp2_common/pico_double/double_aeabi.S.obj
                0x0000000010005500                double2int64
 .text.double2ufix64
                0x0000000010005518       0x18 CMakeFiles/org2-bluetooth-adapter.dir/tree/downloaded_tools/pico/pico-sdk/src/rp2_common/pico_double/double_aeabi.S.obj
                0x0000000010005518                double2ufix64
 .text.__wrap___aeabi_d2f
                0x0000000010005530       0x18 CMakeFiles/org2-bluetooth-adapter.dir/tree/downloaded_tools/pico/pico-sdk/src/rp2_common/pico_double/double_aeabi.S.obj
                0x0000000010005530                __wrap___aeabi_d2f
 .text.__aeabi_double_init
                0x0000000010005548       0xb4 CMakeFiles/org2-bluetooth-adapter.dir/tree/downloaded_tools/pico/pico-sdk/src/rp2_common/pico_double/double_init_rom.c.obj
                0x0000000010005548                __aeabi_double_init
 .text.double_table_shim_on_use_helper
                0x00000000100055fc       0x34 CMakeFiles/org2-bluetooth-adapter.dir/tree/downloaded_tools/pico/pico-sdk/src/rp2_common/pico_double/double_v1_rom_shim.S.obj
                0x00000000100055fc                double_table_shim_on_use_helper
 .text.__wrap___aeabi_dsub
                0x0000000010005630       0x10 CMakeFiles/org2-bluetooth-adapter.dir/tree/downloaded_tools/pico/pico-sdk/src/rp2_common/pico_double/double_v1_rom_shim.S.obj
                0x0000000010005630                drsub_shim
                0x0000000010005636                dsub_shim
 .text.dadd_shim
                0x0000000010005640      0x15c CMakeFiles/org2-bluetooth-adapter.dir/tree/downloaded_tools/pico/pico-sdk/src/rp2_common/pico_double/double_v1_rom_shim.S.obj
                0x0000000010005640                dadd_shim
 .text.dmul_shim
                0x000000001000579c      0x15c CMakeFiles/org2-bluetooth-adapter.dir/tree/downloaded_tools/pico/pico-sdk/src/rp2_common/pico_double/double_v1_rom_shim.S.obj
                0x000000001000579c                dmul_shim
 .text.ddiv_shim
                0x00000000100058f8      0x1b0 CMakeFiles/org2-bluetooth-adapter.dir/tree/downloaded_tools/pico/pico-sdk/src/rp2_common/pico_double/double_v1_rom_shim.S.obj
                0x00000000100058f8                ddiv_shim
 .text.dcordic_rot_step
                0x0000000010005aa8       0x7c CMakeFiles/org2-bluetooth-adapter.dir/tree/downloaded_tools/pico/pico-sdk/src/rp2_common/pico_double/double_v1_rom_shim.S.obj
                0x0000000010005aa8                dcordic_rot_step
 .text.double2uint_shim
                0x0000000010005b24        0xe CMakeFiles/org2-bluetooth-adapter.dir/tree/downloaded_tools/pico/pico-sdk/src/rp2_common/pico_double/double_v1_rom_shim.S.obj
                0x0000000010005b24                double2uint_shim
                0x0000000010005b26                double2ufix_shim
 .text.double2int64_shim
                0x0000000010005b32       0x1a CMakeFiles/org2-bluetooth-adapter.dir/tree/downloaded_tools/pico/pico-sdk/src/rp2_common/pico_double/double_v1_rom_shim.S.obj
                0x0000000010005b32                double2int64_shim
                0x0000000010005b34                double2fix64_shim
 .text.double2uint64_shim
                0x0000000010005b4c       0x6c CMakeFiles/org2-bluetooth-adapter.dir/tree/downloaded_tools/pico/pico-sdk/src/rp2_common/pico_double/double_v1_rom_shim.S.obj
                0x0000000010005b4c                double2uint64_shim
                0x0000000010005b4e                double2ufix64_shim
                0x0000000010005b68                d2fix_a
 .text.double2float_shim
                0x0000000010005bb8       0x5c CMakeFiles/org2-bluetooth-adapter.dir/tree/downloaded_tools/pico/pico-sdk/src/rp2_common/pico_double/double_v1_rom_shim.S.obj
                0x0000000010005bb8                double2float_shim
 .text.x2double_shims
                0x0000000010005c14       0x90 CMakeFiles/org2-bluetooth-adapter.dir/tree/downloaded_tools/pico/pico-sdk/src/rp2_common/pico_double/double_v1_rom_shim.S.obj
                0x0000000010005c14                uint2double_shim
                0x0000000010005c16                ufix2double_shim
                0x0000000010005c1c                int2double_shim
                0x0000000010005c1e                fix2double_shim
                0x0000000010005c24                uint642double_shim
                0x0000000010005c26                ufix642double_shim
                0x0000000010005c2c                int642double_shim
                0x0000000010005c2e                fix642double_shim
 .text.dunpacks
                0x0000000010005ca4       0x3c CMakeFiles/org2-bluetooth-adapter.dir/tree/downloaded_tools/pico/pico-sdk/src/rp2_common/pico_double/double_v1_rom_shim.S.obj
                0x0000000010005ca4                dunpacks
 .text.__aeabi_lmul
                0x0000000010005ce0       0x32 CMakeFiles/org2-bluetooth-adapter.dir/tree/downloaded_tools/pico/pico-sdk/src/rp2_common/pico_int64_ops/pico_int64_ops_aeabi.S.obj
                0x0000000010005ce0                __wrap___aeabi_lmul
 *fill*         0x0000000010005d12        0x2 
 .text.__wrap___aeabi_farithmetic
                0x0000000010005d14       0x58 CMakeFiles/org2-bluetooth-adapter.dir/tree/downloaded_tools/pico/pico-sdk/src/rp2_common/pico_float/float_aeabi.S.obj
                0x0000000010005d14                __wrap___aeabi_frsub
                0x0000000010005d1a                __wrap___aeabi_fsub
                0x0000000010005d24                __wrap___aeabi_fadd
                0x0000000010005d2e                __wrap___aeabi_fdiv
                0x0000000010005d5a                __wrap___aeabi_fmul
 .text.__wrap___aeabi_cfcmple
                0x0000000010005d6c       0x50 CMakeFiles/org2-bluetooth-adapter.dir/tree/downloaded_tools/pico/pico-sdk/src/rp2_common/pico_float/float_aeabi.S.obj
                0x0000000010005d6c                __wrap___aeabi_cfrcmple
                0x0000000010005d78                __wrap___aeabi_cfcmpeq
                0x0000000010005d78                __wrap___aeabi_cfcmple
 .text.__wrap___aeabi_fcmple
                0x0000000010005dbc       0x10 CMakeFiles/org2-bluetooth-adapter.dir/tree/downloaded_tools/pico/pico-sdk/src/rp2_common/pico_float/float_aeabi.S.obj
                0x0000000010005dbc                __wrap___aeabi_fcmple
 .text.__wrap___aeabi_fcmpun
                0x0000000010005dcc       0x18 CMakeFiles/org2-bluetooth-adapter.dir/tree/downloaded_tools/pico/pico-sdk/src/rp2_common/pico_float/float_aeabi.S.obj
                0x0000000010005dcc                __wrap___aeabi_fcmpun
 .text.__wrap___aeabi_ui2f
                0x0000000010005de4        0xa CMakeFiles/org2-bluetooth-adapter.dir/tree/downloaded_tools/pico/pico-sdk/src/rp2_common/pico_float/float_aeabi.S.obj
                0x0000000010005de4                __wrap___aeabi_ui2f
 *fill*         0x0000000010005dee        0x2 
 .text.__wrap___aeabi_i2f
                0x0000000010005df0       0x44 CMakeFiles/org2-bluetooth-adapter.dir/tree/downloaded_tools/pico/pico-sdk/src/rp2_common/pico_float/float_aeabi.S.obj
                0x0000000010005df0                __wrap___aeabi_i2f
 .text.__wrap___aeabi_f2uiz
                0x0000000010005e34       0x10 CMakeFiles/org2-bluetooth-adapter.dir/tree/downloaded_tools/pico/pico-sdk/src/rp2_common/pico_float/float_aeabi.S.obj
                0x0000000010005e34                __wrap___aeabi_f2uiz
 .text.__aeabi_float_init
                0x0000000010005e44       0xfc CMakeFiles/org2-bluetooth-adapter.dir/tree/downloaded_tools/pico/pico-sdk/src/rp2_common/pico_float/float_init_rom.c.obj
                0x0000000010005e44                __aeabi_float_init
 .text.float_table_shim_on_use_helper
                0x0000000010005f40       0x34 CMakeFiles/org2-bluetooth-adapter.dir/tree/downloaded_tools/pico/pico-sdk/src/rp2_common/pico_float/float_v1_rom_shim.S.obj
                0x0000000010005f40                float_table_shim_on_use_helper
 .text          0x0000000010005f74       0x10 CMakeFiles/org2-bluetooth-adapter.dir/tree/downloaded_tools/pico/pico-sdk/src/rp2_common/pico_mem_ops/mem_ops_aeabi.S.obj
                0x0000000010005f74                __aeabi_mem_init
 .text.memset   0x0000000010005f84        0xc CMakeFiles/org2-bluetooth-adapter.dir/tree/downloaded_tools/pico/pico-sdk/src/rp2_common/pico_mem_ops/mem_ops_aeabi.S.obj
                0x0000000010005f84                __wrap_memset
 .text.memcpy   0x0000000010005f90        0xc CMakeFiles/org2-bluetooth-adapter.dir/tree/downloaded_tools/pico/pico-sdk/src/rp2_common/pico_mem_ops/mem_ops_aeabi.S.obj
                0x0000000010005f90                __wrap___aeabi_memcpy
                0x0000000010005f90                __wrap_memcpy
 .text.stdio_out_chars_crlf
                0x0000000010005f9c       0x80 CMakeFiles/org2-bluetooth-adapter.dir/tree/downloaded_tools/pico/pico-sdk/src/rp2_common/pico_stdio/stdio.c.obj
 .text.stdio_stack_buffer_flush
                0x000000001000601c       0x44 CMakeFiles/org2-bluetooth-adapter.dir/tree/downloaded_tools/pico/pico-sdk/src/rp2_common/pico_stdio/stdio.c.obj
 .text.stdio_buffered_printer
                0x0000000010006060       0x20 CMakeFiles/org2-bluetooth-adapter.dir/tree/downloaded_tools/pico/pico-sdk/src/rp2_common/pico_stdio/stdio.c.obj
 .text.stdio_get_until
                0x0000000010006080       0x80 CMakeFiles/org2-bluetooth-adapter.dir/tree/downloaded_tools/pico/pico-sdk/src/rp2_common/pico_stdio/stdio.c.obj
 .text.stdout_serialize_begin
                0x0000000010006100       0x30 CMakeFiles/org2-bluetooth-adapter.dir/tree/downloaded_tools/pico/pico-sdk/src/rp2_common/pico_stdio/stdio.c.obj
                0x0000000010006100                stdout_serialize_begin
 .text.stdout_serialize_end
                0x0000000010006130       0x10 CMakeFiles/org2-bluetooth-adapter.dir/tree/downloaded_tools/pico/pico-sdk/src/rp2_common/pico_stdio/stdio.c.obj
                0x0000000010006130                stdout_serialize_end
 .text.stdio_put_string
                0x0000000010006140       0x84 CMakeFiles/org2-bluetooth-adapter.dir/tree/downloaded_tools/pico/pico-sdk/src/rp2_common/pico_stdio/stdio.c.obj
 .text._read    0x00000000100061c4       0x24 CMakeFiles/org2-bluetooth-adapter.dir/tree/downloaded_tools/pico/pico-sdk/src/rp2_common/pico_stdio/stdio.c.obj
                0x00000000100061c4                _read
 .text._write   0x00000000100061e8       0x1e CMakeFiles/org2-bluetooth-adapter.dir/tree/downloaded_tools/pico/pico-sdk/src/rp2_common/pico_stdio/stdio.c.obj
                0x00000000100061e8                _write
 *fill*         0x0000000010006206        0x2 
 .text.stdio_set_driver_enabled
                0x0000000010006208       0x38 CMakeFiles/org2-bluetooth-adapter.dir/tree/downloaded_tools/pico/pico-sdk/src/rp2_common/pico_stdio/stdio.c.obj
                0x0000000010006208                stdio_set_driver_enabled
 .text.stdio_flush
                0x0000000010006240       0x20 CMakeFiles/org2-bluetooth-adapter.dir/tree/downloaded_tools/pico/pico-sdk/src/rp2_common/pico_stdio/stdio.c.obj
                0x0000000010006240                stdio_flush
 .text.__wrap_puts
                0x0000000010006260       0x1c CMakeFiles/org2-bluetooth-adapter.dir/tree/downloaded_tools/pico/pico-sdk/src/rp2_common/pico_stdio/stdio.c.obj
                0x0000000010006260                __wrap_puts
 .text.__wrap_vprintf
                0x000000001000627c       0x44 CMakeFiles/org2-bluetooth-adapter.dir/tree/downloaded_tools/pico/pico-sdk/src/rp2_common/pico_stdio/stdio.c.obj
                0x000000001000627c                __wrap_vprintf
 .text.__wrap_printf
                0x00000000100062c0       0x18 CMakeFiles/org2-bluetooth-adapter.dir/tree/downloaded_tools/pico/pico-sdk/src/rp2_common/pico_stdio/stdio.c.obj
                0x00000000100062c0                __wrap_printf
 .text.stdio_init_all
                0x00000000100062d8        0x8 CMakeFiles/org2-bluetooth-adapter.dir/tree/downloaded_tools/pico/pico-sdk/src/rp2_common/pico_stdio/stdio.c.obj
                0x00000000100062d8                stdio_init_all
 .text.stdio_uart_out_chars
                0x00000000100062e0       0x74 CMakeFiles/org2-bluetooth-adapter.dir/tree/downloaded_tools/pico/pico-sdk/src/rp2_common/pico_stdio_uart/stdio_uart.c.obj
 .text.stdio_uart_in_chars
                0x0000000010006354       0x54 CMakeFiles/org2-bluetooth-adapter.dir/tree/downloaded_tools/pico/pico-sdk/src/rp2_common/pico_stdio_uart/stdio_uart.c.obj
                0x0000000010006354                stdio_uart_in_chars
 .text.stdio_uart_init_full
                0x00000000100063a8       0x3c CMakeFiles/org2-bluetooth-adapter.dir/tree/downloaded_tools/pico/pico-sdk/src/rp2_common/pico_stdio_uart/stdio_uart.c.obj
                0x00000000100063a8                stdio_uart_init_full
 .text.stdio_uart_init
                0x00000000100063e4       0x28 CMakeFiles/org2-bluetooth-adapter.dir/tree/downloaded_tools/pico/pico-sdk/src/rp2_common/pico_stdio_uart/stdio_uart.c.obj
                0x00000000100063e4                stdio_uart_init
 .text._pio_can_add_program_at_offset
                0x000000001000640c       0x3c CMakeFiles/org2-bluetooth-adapter.dir/tree/downloaded_tools/pico/pico-sdk/src/rp2_common/hardware_pio/pio.c.obj
 .text._pio_find_offset_for_program
                0x0000000010006448       0x7c CMakeFiles/org2-bluetooth-adapter.dir/tree/downloaded_tools/pico/pico-sdk/src/rp2_common/hardware_pio/pio.c.obj
 .text._pio_add_program_at_offset
                0x00000000100064c4       0x78 CMakeFiles/org2-bluetooth-adapter.dir/tree/downloaded_tools/pico/pico-sdk/src/rp2_common/hardware_pio/pio.c.obj
 .text.pio_add_program
                0x000000001000653c       0x38 CMakeFiles/org2-bluetooth-adapter.dir/tree/downloaded_tools/pico/pico-sdk/src/rp2_common/hardware_pio/pio.c.obj
                0x000000001000653c                pio_add_program
 .text.pio_sm_set_pins_with_mask
                0x0000000010006574       0x6c CMakeFiles/org2-bluetooth-adapter.dir/tree/downloaded_tools/pico/pico-sdk/src/rp2_common/hardware_pio/pio.c.obj
                0x0000000010006574                pio_sm_set_pins_with_mask
 .text.pio_sm_set_pindirs_with_mask
                0x00000000100065e0       0x70 CMakeFiles/org2-bluetooth-adapter.dir/tree/downloaded_tools/pico/pico-sdk/src/rp2_common/hardware_pio/pio.c.obj
                0x00000000100065e0                pio_sm_set_pindirs_with_mask
 .text.pio_sm_set_consecutive_pindirs
                0x0000000010006650       0x70 CMakeFiles/org2-bluetooth-adapter.dir/tree/downloaded_tools/pico/pico-sdk/src/rp2_common/hardware_pio/pio.c.obj
                0x0000000010006650                pio_sm_set_consecutive_pindirs
 .text.pio_sm_init
                0x00000000100066c0       0xa8 CMakeFiles/org2-bluetooth-adapter.dir/tree/downloaded_tools/pico/pico-sdk/src/rp2_common/hardware_pio/pio.c.obj
                0x00000000100066c0                pio_sm_init
 .text.core1_trampoline
                0x0000000010006768        0x2 CMakeFiles/org2-bluetooth-adapter.dir/tree/downloaded_tools/pico/pico-sdk/src/rp2_common/pico_multicore/multicore.c.obj
 .text.core1_wrapper
                0x000000001000676a        0xc CMakeFiles/org2-bluetooth-adapter.dir/tree/downloaded_tools/pico/pico-sdk/src/rp2_common/pico_multicore/multicore.c.obj
                0x000000001000676a                core1_wrapper
 .text.multicore_fifo_push_blocking
                0x0000000010006776       0x14 CMakeFiles/org2-bluetooth-adapter.dir/tree/downloaded_tools/pico/pico-sdk/src/rp2_common/pico_multicore/multicore.c.obj
                0x0000000010006776                multicore_fifo_push_blocking
 .text.multicore_fifo_pop_blocking
                0x000000001000678a       0x16 CMakeFiles/org2-bluetooth-adapter.dir/tree/downloaded_tools/pico/pico-sdk/src/rp2_common/pico_multicore/multicore.c.obj
                0x000000001000678a                multicore_fifo_pop_blocking
 .text.multicore_launch_core1_raw
                0x00000000100067a0       0x6a CMakeFiles/org2-bluetooth-adapter.dir/tree/downloaded_tools/pico/pico-sdk/src/rp2_common/pico_multicore/multicore.c.obj
                0x00000000100067a0                multicore_launch_core1_raw
 *fill*         0x000000001000680a        0x2 
 .text.multicore_launch_core1_with_stack
                0x000000001000680c       0x50 CMakeFiles/org2-bluetooth-adapter.dir/tree/downloaded_tools/pico/pico-sdk/src/rp2_common/pico_multicore/multicore.c.obj
                0x000000001000680c                multicore_launch_core1_with_stack
 .text.multicore_launch_core1
                0x000000001000685c       0x24 CMakeFiles/org2-bluetooth-adapter.dir/tree/downloaded_tools/pico/pico-sdk/src/rp2_common/pico_multicore/multicore.c.obj
                0x000000001000685c                multicore_launch_core1
 .text          0x0000000010006880       0x18 /usr/lib/gcc/arm-none-eabi/9.2.1/../../../arm-none-eabi/lib/thumb/v6-m/nofp/libg.a(lib_a-atoi.o)
                0x0000000010006880                atoi
                0x000000001000688c                _atoi_r
 .text          0x0000000010006898       0x5c /usr/lib/gcc/arm-none-eabi/9.2.1/../../../arm-none-eabi/lib/thumb/v6-m/nofp/libg.a(lib_a-callocr.o)
                0x0000000010006898                _calloc_r
 .text          0x00000000100068f4        0xc /usr/lib/gcc/arm-none-eabi/9.2.1/../../../arm-none-eabi/lib/thumb/v6-m/nofp/libg.a(lib_a-errno.o)
                0x00000000100068f4                __errno
 .text          0x0000000010006900      0x1b4 /usr/lib/gcc/arm-none-eabi/9.2.1/../../../arm-none-eabi/lib/thumb/v6-m/nofp/libg.a(lib_a-fflush.o)
                0x0000000010006900                __sflush_r
                0x0000000010006a60                _fflush_r
                0x0000000010006a8c                fflush
 .text          0x0000000010006ab4      0x220 /usr/lib/gcc/arm-none-eabi/9.2.1/../../../arm-none-eabi/lib/thumb/v6-m/nofp/libg.a(lib_a-findfp.o)
                0x0000000010006ab8                _cleanup_r
                0x0000000010006bb4                __sfmoreglue
                0x0000000010006be4                __sfp
                0x0000000010006c6c                _cleanup
                0x0000000010006c84                __sinit
                0x0000000010006c94                __sfp_lock_acquire
                0x0000000010006c98                __sfp_lock_release
                0x0000000010006c9c                __sinit_lock_acquire
                0x0000000010006ca0                __sinit_lock_release
                0x0000000010006ca4                __fp_lock_all
                0x0000000010006cbc                __fp_unlock_all
 .text          0x0000000010006cd4      0x27c /usr/lib/gcc/arm-none-eabi/9.2.1/../../../arm-none-eabi/lib/thumb/v6-m/nofp/libg.a(lib_a-freer.o)
                0x0000000010006cd4                _malloc_trim_r
                0x0000000010006d74                _free_r
 .text          0x0000000010006f50       0x90 /usr/lib/gcc/arm-none-eabi/9.2.1/../../../arm-none-eabi/lib/thumb/v6-m/nofp/libg.a(lib_a-fwalk.o)
                0x0000000010006f50                _fwalk
                0x0000000010006f94                _fwalk_reent
 .text          0x0000000010006fe0      0x58c /usr/lib/gcc/arm-none-eabi/9.2.1/../../../arm-none-eabi/lib/thumb/v6-m/nofp/libg.a(lib_a-mallocr.o)
                0x0000000010006fe0                _malloc_r
 .text          0x000000001000756c        0x8 /usr/lib/gcc/arm-none-eabi/9.2.1/../../../arm-none-eabi/lib/thumb/v6-m/nofp/libg.a(lib_a-mlock.o)
                0x000000001000756c                __malloc_lock
                0x0000000010007570                __malloc_unlock
 .text          0x0000000010007574       0x24 /usr/lib/gcc/arm-none-eabi/9.2.1/../../../arm-none-eabi/lib/thumb/v6-m/nofp/libg.a(lib_a-sbrkr.o)
                0x0000000010007574                _sbrk_r
 .text          0x0000000010007598       0x9c /usr/lib/gcc/arm-none-eabi/9.2.1/../../../arm-none-eabi/lib/thumb/v6-m/nofp/libg.a(lib_a-sscanf.o)
                0x0000000010007598                sscanf
                0x00000000100075e8                _sscanf_r
 .text          0x0000000010007634       0xa4 /usr/lib/gcc/arm-none-eabi/9.2.1/../../../arm-none-eabi/lib/thumb/v6-m/nofp/libg.a(lib_a-stdio.o)
                0x0000000010007634                __sread
                0x000000001000765c                __seofread
                0x0000000010007660                __swrite
                0x00000000100076a0                __sseek
                0x00000000100076cc                __sclose
 .text          0x00000000100076d8       0x50 /usr/lib/gcc/arm-none-eabi/9.2.1/../../../arm-none-eabi/lib/thumb/v6-m/nofp/libg.a(lib_a-strcat.o)
                0x00000000100076d8                strcat
 .text          0x0000000010007728       0x88 /usr/lib/gcc/arm-none-eabi/9.2.1/../../../arm-none-eabi/lib/thumb/v6-m/nofp/libg.a(lib_a-strcmp.o)
                0x0000000010007728                strcmp
 .text          0x00000000100077b0       0x10 /usr/lib/gcc/arm-none-eabi/9.2.1/../../../arm-none-eabi/lib/thumb/v6-m/nofp/libg.a(lib_a-strcpy.o)
                0x00000000100077b0                strcpy
 .text          0x00000000100077c0       0x68 /usr/lib/gcc/arm-none-eabi/9.2.1/../../../arm-none-eabi/lib/thumb/v6-m/nofp/libg.a(lib_a-strlen-stub.o)
                0x00000000100077c0                strlen
 .text          0x0000000010007828       0x94 /usr/lib/gcc/arm-none-eabi/9.2.1/../../../arm-none-eabi/lib/thumb/v6-m/nofp/libg.a(lib_a-strncmp.o)
                0x0000000010007828                strncmp
 .text          0x00000000100078bc      0x184 /usr/lib/gcc/arm-none-eabi/9.2.1/../../../arm-none-eabi/lib/thumb/v6-m/nofp/libg.a(lib_a-strtol.o)
                0x0000000010007a08                _strtol_r
                0x0000000010007a10                strtol_l
                0x0000000010007a28                strtol
 .text          0x0000000010007a40      0x180 /usr/lib/gcc/arm-none-eabi/9.2.1/../../../arm-none-eabi/lib/thumb/v6-m/nofp/libg.a(lib_a-strtoul.o)
                0x0000000010007b88                _strtoul_r
                0x0000000010007b90                strtoul_l
                0x0000000010007ba8                strtoul
 .text          0x0000000010007bc0      0xf7c /usr/lib/gcc/arm-none-eabi/9.2.1/../../../arm-none-eabi/lib/thumb/v6-m/nofp/libg.a(lib_a-svfscanf.o)
                0x0000000010007bc0                __ssvfscanf_r
 .text          0x0000000010008b3c       0x28 /usr/lib/gcc/arm-none-eabi/9.2.1/../../../arm-none-eabi/lib/thumb/v6-m/nofp/libg.a(lib_a-writer.o)
                0x0000000010008b3c                _write_r
 .text          0x0000000010008b64       0x24 /usr/lib/gcc/arm-none-eabi/9.2.1/../../../arm-none-eabi/lib/thumb/v6-m/nofp/libg.a(lib_a-closer.o)
                0x0000000010008b64                _close_r
 .text          0x0000000010008b88       0xac /usr/lib/gcc/arm-none-eabi/9.2.1/../../../arm-none-eabi/lib/thumb/v6-m/nofp/libg.a(lib_a-fclose.o)
                0x0000000010008b88                _fclose_r
                0x0000000010008c20                fclose
 .text          0x0000000010008c34        0xc /usr/lib/gcc/arm-none-eabi/9.2.1/../../../arm-none-eabi/lib/thumb/v6-m/nofp/libg.a(lib_a-iswspace.o)
                0x0000000010008c34                iswspace
 .text          0x0000000010008c40       0x18 /usr/lib/gcc/arm-none-eabi/9.2.1/../../../arm-none-eabi/lib/thumb/v6-m/nofp/libg.a(lib_a-iswspace_l.o)
                0x0000000010008c40                iswspace_l
 .text          0x0000000010008c58       0x6c /usr/lib/gcc/arm-none-eabi/9.2.1/../../../arm-none-eabi/lib/thumb/v6-m/nofp/libg.a(lib_a-locale.o)
                0x0000000010008c58                _setlocale_r
                0x0000000010008c9c                __locale_mb_cur_max
                0x0000000010008cac                setlocale
 .text          0x0000000010008cc4       0x14 /usr/lib/gcc/arm-none-eabi/9.2.1/../../../arm-none-eabi/lib/thumb/v6-m/nofp/libg.a(lib_a-localeconv.o)
                0x0000000010008cc4                __localeconv_l
                0x0000000010008cc8                _localeconv_r
                0x0000000010008cd0                localeconv
 .text          0x0000000010008cd8       0x28 /usr/lib/gcc/arm-none-eabi/9.2.1/../../../arm-none-eabi/lib/thumb/v6-m/nofp/libg.a(lib_a-lseekr.o)
                0x0000000010008cd8                _lseek_r
 .text          0x0000000010008d00       0x94 /usr/lib/gcc/arm-none-eabi/9.2.1/../../../arm-none-eabi/lib/thumb/v6-m/nofp/libg.a(lib_a-mbrtowc.o)
                0x0000000010008d00                _mbrtowc_r
                0x0000000010008d48                mbrtowc
 .text          0x0000000010008d94       0x44 /usr/lib/gcc/arm-none-eabi/9.2.1/../../../arm-none-eabi/lib/thumb/v6-m/nofp/libg.a(lib_a-mbtowc_r.o)
                0x0000000010008d94                _mbtowc_r
                0x0000000010008dac                __ascii_mbtowc
 .text          0x0000000010008dd8       0x28 /usr/lib/gcc/arm-none-eabi/9.2.1/../../../arm-none-eabi/lib/thumb/v6-m/nofp/libg.a(lib_a-readr.o)
                0x0000000010008dd8                _read_r
 .text          0x0000000010008e00       0x6c /usr/lib/gcc/arm-none-eabi/9.2.1/../../../arm-none-eabi/lib/thumb/v6-m/nofp/libg.a(lib_a-sccl.o)
                0x0000000010008e00                __sccl
 .text          0x0000000010008e6c        0x8 /usr/lib/gcc/arm-none-eabi/9.2.1/../../../arm-none-eabi/lib/thumb/v6-m/nofp/libg.a(lib_a-sf_nan.o)
                0x0000000010008e6c                nanf
 .text          0x0000000010008e74     0x10b8 /usr/lib/gcc/arm-none-eabi/9.2.1/../../../arm-none-eabi/lib/thumb/v6-m/nofp/libg.a(lib_a-strtod.o)
                0x0000000010008ea4                _strtod_l
                0x0000000010009d84                _strtod_r
                0x0000000010009d94                strtod_l
                0x0000000010009dac                strtod
                0x0000000010009dc8                strtof_l
                0x0000000010009e78                strtof
 .text          0x0000000010009f2c      0x1d8 /usr/lib/gcc/arm-none-eabi/9.2.1/../../../arm-none-eabi/lib/thumb/v6-m/nofp/libg.a(lib_a-strtoll.o)
                0x000000001000a0cc                _strtoll_r
                0x000000001000a0d4                strtoll_l
                0x000000001000a0ec                strtoll
 .text          0x000000001000a104      0x1f4 /usr/lib/gcc/arm-none-eabi/9.2.1/../../../arm-none-eabi/lib/thumb/v6-m/nofp/libg.a(lib_a-strtoull.o)
                0x000000001000a2c0                _strtoull_r
                0x000000001000a2c8                strtoull_l
                0x000000001000a2e0                strtoull
 .text          0x000000001000a2f8      0xc18 /usr/lib/gcc/arm-none-eabi/9.2.1/../../../arm-none-eabi/lib/thumb/v6-m/nofp/libg.a(lib_a-svfiscanf.o)
                0x000000001000a2f8                _sungetc_r
                0x000000001000a378                __ssrefill_r
                0x000000001000a3b8                _sfread_r
                0x000000001000a448                __ssvfiscanf_r
 .text          0x000000001000af10      0x184 /usr/lib/gcc/arm-none-eabi/9.2.1/../../../arm-none-eabi/lib/thumb/v6-m/nofp/libg.a(lib_a-ungetc.o)
                0x000000001000af10                __submore
                0x000000001000af94                _ungetc_r
                0x000000001000b07c                ungetc
 .text          0x000000001000b094       0x2c /usr/lib/gcc/arm-none-eabi/9.2.1/../../../arm-none-eabi/lib/thumb/v6-m/nofp/libg.a(lib_a-wctomb_r.o)
                0x000000001000b094                _wctomb_r
                0x000000001000b0a4                __ascii_wctomb
 .text          0x000000001000b0c0      0x634 /usr/lib/gcc/arm-none-eabi/9.2.1/../../../arm-none-eabi/lib/thumb/v6-m/nofp/libg.a(lib_a-gdtoa-gethex.o)
                0x000000001000b164                __gethex
 .text          0x000000001000b6f4      0x1d8 /usr/lib/gcc/arm-none-eabi/9.2.1/../../../arm-none-eabi/lib/thumb/v6-m/nofp/libg.a(lib_a-gdtoa-hexnan.o)
                0x000000001000b6f4                __match
                0x000000001000b720                __hexnan
 .text          0x000000001000b8cc      0xa38 /usr/lib/gcc/arm-none-eabi/9.2.1/../../../arm-none-eabi/lib/thumb/v6-m/nofp/libg.a(lib_a-mprec.o)
                0x000000001000b8cc                _Balloc
                0x000000001000b91c                _Bfree
                0x000000001000b930                __multadd
                0x000000001000b9e0                __s2b
                0x000000001000ba8c                __hi0bits
                0x000000001000bac4                __lo0bits
                0x000000001000bb20                __i2b
                0x000000001000bb4c                __multiply
                0x000000001000bcd8                __pow5mult
                0x000000001000bd8c                __lshift
                0x000000001000be70                __mcmp
                0x000000001000bea4                __mdiff
                0x000000001000bfec                __ulp
                0x000000001000c034                __b2d
                0x000000001000c0ec                __d2b
                0x000000001000c1c4                __ratio
                0x000000001000c238                _mprec_log10
                0x000000001000c26c                __copybits
                0x000000001000c2ac                __any_on
 .text          0x000000001000c304      0x35c /usr/lib/gcc/arm-none-eabi/9.2.1/../../../arm-none-eabi/lib/thumb/v6-m/nofp/libg.a(lib_a-reallocr.o)
                0x000000001000c304                _realloc_r
 .text          0x000000001000c660        0xc /usr/lib/gcc/arm-none-eabi/9.2.1/../../../arm-none-eabi/lib/thumb/v6-m/nofp/libg.a(lib_a-s_nan.o)
                0x000000001000c660                nan
 .text          0x000000001000c66c       0xbc /usr/lib/gcc/arm-none-eabi/9.2.1/../../../arm-none-eabi/lib/thumb/v6-m/nofp/libg.a(lib_a-memmove.o)
                0x000000001000c66c                memmove
 .text          0x000000001000c728       0x10 /usr/lib/gcc/arm-none-eabi/9.2.1/../../../arm-none-eabi/lib/thumb/v6-m/nofp/libnosys.a(close.o)
                0x000000001000c728                _close
 .text          0x000000001000c738       0x10 /usr/lib/gcc/arm-none-eabi/9.2.1/../../../arm-none-eabi/lib/thumb/v6-m/nofp/libnosys.a(lseek.o)
                0x000000001000c738                _lseek
 *(.fini)
 .fini          0x000000001000c748        0x4 /usr/lib/gcc/arm-none-eabi/9.2.1/thumb/v6-m/nofp/crti.o
                0x000000001000c748                _fini
 *fill*         0x000000001000c74c        0x4 
 .fini.__stub   0x000000001000c750       0x50 linker stubs
 *crtbegin.o(.ctors)
 *crtbegin?.o(.ctors)
 *(EXCLUDE_FILE(*crtend.o *crtend?.o) .ctors)
 *(SORT_BY_NAME(.ctors.*))
 *(.ctors)
 *crtbegin.o(.dtors)
 *crtbegin?.o(.dtors)
 *(EXCLUDE_FILE(*crtend.o *crtend?.o) .dtors)
 *(SORT_BY_NAME(.dtors.*))
 *(.dtors)
 *(.eh_frame*)
 .eh_frame      0x000000001000c7a0        0x0 /usr/lib/gcc/arm-none-eabi/9.2.1/thumb/v6-m/nofp/crtbegin.o
                0x000000001000c7a0                . = ALIGN (0x4)

.glue_7         0x000000001000c7a0        0x0
 .glue_7        0x000000001000c7a0        0x0 linker stubs

.glue_7t        0x000000001000c7a0        0x0
 .glue_7t       0x000000001000c7a0        0x0 linker stubs

.vfp11_veneer   0x000000001000c7a0        0x0
 .vfp11_veneer  0x000000001000c7a0        0x0 linker stubs

.v4_bx          0x000000001000c7a0        0x0
 .v4_bx         0x000000001000c7a0        0x0 linker stubs

.iplt           0x000000001000c7a0        0x0
 .iplt          0x000000001000c7a0        0x0 /usr/lib/gcc/arm-none-eabi/9.2.1/thumb/v6-m/nofp/crtbegin.o

.rodata         0x000000001000c7a0     0x28f4
 *(EXCLUDE_FILE(*libm.a: *libc.a:*lib_a-mem*.o *libgcc.a:) .rodata*)
 .rodata.main.str1.4
                0x000000001000c7a0       0x50 CMakeFiles/org2-bluetooth-adapter.dir/org2-bluetooth-adapter.c.obj
 .rodata.WROOM_ON_PIN
                0x000000001000c7f0        0x4 CMakeFiles/org2-bluetooth-adapter.dir/org2-bluetooth-adapter.c.obj
                0x000000001000c7f0                WROOM_ON_PIN
 .rodata.font_5x7_letters
                0x000000001000c7f4      0x1e0 CMakeFiles/org2-bluetooth-adapter.dir/org2-bluetooth-adapter.c.obj
                0x000000001000c7f4                font_5x7_letters
 .rodata.init_seq2
                0x000000001000c9d4       0x1e CMakeFiles/org2-bluetooth-adapter.dir/org2-bluetooth-adapter.c.obj
                0x000000001000c9d4                init_seq2
 *fill*         0x000000001000c9f2        0x2 
 .rodata.uart_rx_program
                0x000000001000c9f4        0x6 CMakeFiles/org2-bluetooth-adapter.dir/org2-bluetooth-adapter.c.obj
 *fill*         0x000000001000c9fa        0x2 
 .rodata.uart_rx_program_instructions
                0x000000001000c9fc       0x12 CMakeFiles/org2-bluetooth-adapter.dir/org2-bluetooth-adapter.c.obj
 *fill*         0x000000001000ca0e        0x2 
 .rodata.uart_tx_program
                0x000000001000ca10        0x6 CMakeFiles/org2-bluetooth-adapter.dir/org2-bluetooth-adapter.c.obj
 *fill*         0x000000001000ca16        0x2 
 .rodata.uart_tx_program_instructions
                0x000000001000ca18        0x8 CMakeFiles/org2-bluetooth-adapter.dir/org2-bluetooth-adapter.c.obj
 .rodata.uart_wrx_program
                0x000000001000ca20        0x6 CMakeFiles/org2-bluetooth-adapter.dir/org2-bluetooth-adapter.c.obj
 *fill*         0x000000001000ca26        0x2 
 .rodata.uart_wrx_program_instructions
                0x000000001000ca28       0x12 CMakeFiles/org2-bluetooth-adapter.dir/org2-bluetooth-adapter.c.obj
 *fill*         0x000000001000ca3a        0x2 
 .rodata.uart_wtx_program
                0x000000001000ca3c        0x6 CMakeFiles/org2-bluetooth-adapter.dir/org2-bluetooth-adapter.c.obj
 *fill*         0x000000001000ca42        0x2 
 .rodata.uart_wtx_program_instructions
                0x000000001000ca44        0x8 CMakeFiles/org2-bluetooth-adapter.dir/org2-bluetooth-adapter.c.obj
 .rodata.ifm_ipd.str1.4
                0x000000001000ca4c        0xd CMakeFiles/org2-bluetooth-adapter.dir/wireless-bluetooth-adapter.c.obj
 *fill*         0x000000001000ca59        0x3 
 .rodata.ifm_recv.str1.4
                0x000000001000ca5c       0x17 CMakeFiles/org2-bluetooth-adapter.dir/wireless-bluetooth-adapter.c.obj
 *fill*         0x000000001000ca73        0x1 
 .rodata.connect_to_device.str1.4
                0x000000001000ca74       0x33 CMakeFiles/org2-bluetooth-adapter.dir/wireless-bluetooth-adapter.c.obj
 *fill*         0x000000001000caa7        0x1 
 .rodata.wireless_init.str1.4
                0x000000001000caa8       0x1f CMakeFiles/org2-bluetooth-adapter.dir/wireless-bluetooth-adapter.c.obj
 *fill*         0x000000001000cac7        0x1 
 .rodata.ifn_closed.str1.4
                0x000000001000cac8        0xd CMakeFiles/org2-bluetooth-adapter.dir/wireless-bluetooth-adapter.c.obj
 *fill*         0x000000001000cad5        0x3 
 .rodata.ifn_busy.str1.4
                0x000000001000cad8        0xb CMakeFiles/org2-bluetooth-adapter.dir/wireless-bluetooth-adapter.c.obj
 *fill*         0x000000001000cae3        0x1 
 .rodata.ifn_startdisc.str1.4
                0x000000001000cae4       0x74 CMakeFiles/org2-bluetooth-adapter.dir/wireless-bluetooth-adapter.c.obj
 .rodata.ifn_startdisc2.str1.4
                0x000000001000cb58       0x3c CMakeFiles/org2-bluetooth-adapter.dir/wireless-bluetooth-adapter.c.obj
 .rodata.ifn_btdata.str1.4
                0x000000001000cb94        0xd CMakeFiles/org2-bluetooth-adapter.dir/wireless-bluetooth-adapter.c.obj
 *fill*         0x000000001000cba1        0x3 
 .rodata.send_bt_reply.str1.4
                0x000000001000cba4       0x14 CMakeFiles/org2-bluetooth-adapter.dir/wireless-bluetooth-adapter.c.obj
 .rodata.btfn_hello.str1.4
                0x000000001000cbb8       0x1c CMakeFiles/org2-bluetooth-adapter.dir/wireless-bluetooth-adapter.c.obj
 .rodata.ifn_ready.str1.4
                0x000000001000cbd4       0x13 CMakeFiles/org2-bluetooth-adapter.dir/wireless-bluetooth-adapter.c.obj
 *fill*         0x000000001000cbe7        0x1 
 .rodata.ifn_cipsend.str1.4
                0x000000001000cbe8        0x5 CMakeFiles/org2-bluetooth-adapter.dir/wireless-bluetooth-adapter.c.obj
 *fill*         0x000000001000cbed        0x3 
 .rodata.ifn_recv.str1.4
                0x000000001000cbf0        0x6 CMakeFiles/org2-bluetooth-adapter.dir/wireless-bluetooth-adapter.c.obj
 *fill*         0x000000001000cbf6        0x2 
 .rodata.process_monitor.str1.4
                0x000000001000cbf8        0x8 CMakeFiles/org2-bluetooth-adapter.dir/wireless-bluetooth-adapter.c.obj
 .rodata.wireless_taskloop.str1.4
                0x000000001000cc00       0x40 CMakeFiles/org2-bluetooth-adapter.dir/wireless-bluetooth-adapter.c.obj
 .rodata.wireless_taskloop
                0x000000001000cc40       0x1c CMakeFiles/org2-bluetooth-adapter.dir/wireless-bluetooth-adapter.c.obj
 .rodata.str1.4
                0x000000001000cc5c      0x5ff CMakeFiles/org2-bluetooth-adapter.dir/wireless-bluetooth-adapter.c.obj
                                        0x607 (size before relaxing)
 *fill*         0x000000001000d25b        0x1 
 .rodata.input_list
                0x000000001000d25c      0x280 CMakeFiles/org2-bluetooth-adapter.dir/wireless-bluetooth-adapter.c.obj
                0x000000001000d25c                input_list
 .rodata.add_int_arg.str1.4
                0x000000001000d4dc        0xc CMakeFiles/org2-bluetooth-adapter.dir/match.c.obj
 .rodata.match.str1.4
                0x000000001000d4e8        0x8 CMakeFiles/org2-bluetooth-adapter.dir/match.c.obj
 .rodata.str1.4
                0x000000001000d4f0       0x11 CMakeFiles/org2-bluetooth-adapter.dir/match.c.obj
 *fill*         0x000000001000d501        0x3 
 .rodata.repeating_timer_callback.str1.4
                0x000000001000d504       0x55 CMakeFiles/org2-bluetooth-adapter.dir/tree/downloaded_tools/pico/pico-sdk/src/common/pico_time/time.c.obj
 *fill*         0x000000001000d559        0x3 
 .rodata.alarm_pool_dump_key.str1.4
                0x000000001000d55c       0x33 CMakeFiles/org2-bluetooth-adapter.dir/tree/downloaded_tools/pico/pico-sdk/src/common/pico_time/time.c.obj
 *fill*         0x000000001000d58f        0x1 
 .rodata.ph_add_child_node.str1.4
                0x000000001000d590       0x9e CMakeFiles/org2-bluetooth-adapter.dir/tree/downloaded_tools/pico/pico-sdk/src/common/pico_time/time.c.obj
 *fill*         0x000000001000d62e        0x2 
 .rodata.add_alarm_under_lock.str1.4
                0x000000001000d630       0x28 CMakeFiles/org2-bluetooth-adapter.dir/tree/downloaded_tools/pico/pico-sdk/src/common/pico_time/time.c.obj
                                         0x2b (size before relaxing)
 .rodata.alarm_pool_alarm_callback.str1.4
                0x000000001000d658       0xee CMakeFiles/org2-bluetooth-adapter.dir/tree/downloaded_tools/pico/pico-sdk/src/common/pico_time/time.c.obj
 *fill*         0x000000001000d746        0x2 
 .rodata.alarm_pool_get_default.str1.4
                0x000000001000d748       0x21 CMakeFiles/org2-bluetooth-adapter.dir/tree/downloaded_tools/pico/pico-sdk/src/common/pico_time/time.c.obj
 *fill*         0x000000001000d769        0x3 
 .rodata.sleep_until.str1.4
                0x000000001000d76c       0x4d CMakeFiles/org2-bluetooth-adapter.dir/tree/downloaded_tools/pico/pico-sdk/src/common/pico_time/time.c.obj
 *fill*         0x000000001000d7b9        0x3 
 .rodata.__func__.5701
                0x000000001000d7bc       0x15 CMakeFiles/org2-bluetooth-adapter.dir/tree/downloaded_tools/pico/pico-sdk/src/common/pico_time/time.c.obj
 *fill*         0x000000001000d7d1        0x3 
 .rodata.__func__.6002
                0x000000001000d7d4        0xc CMakeFiles/org2-bluetooth-adapter.dir/tree/downloaded_tools/pico/pico-sdk/src/common/pico_time/time.c.obj
 .rodata.__func__.6009
                0x000000001000d7e0       0x12 CMakeFiles/org2-bluetooth-adapter.dir/tree/downloaded_tools/pico/pico-sdk/src/common/pico_time/time.c.obj
 *fill*         0x000000001000d7f2        0x2 
 .rodata.__func__.6025
                0x000000001000d7f4        0xf CMakeFiles/org2-bluetooth-adapter.dir/tree/downloaded_tools/pico/pico-sdk/src/common/pico_time/time.c.obj
 *fill*         0x000000001000d803        0x1 
 .rodata.__func__.6047
                0x000000001000d804        0xd CMakeFiles/org2-bluetooth-adapter.dir/tree/downloaded_tools/pico/pico-sdk/src/common/pico_time/time.c.obj
 *fill*         0x000000001000d811        0x3 
 .rodata.__func__.6248
                0x000000001000d814        0xa CMakeFiles/org2-bluetooth-adapter.dir/tree/downloaded_tools/pico/pico-sdk/src/common/pico_time/time.c.obj
 *fill*         0x000000001000d81e        0x2 
 .rodata.__func__.6253
                0x000000001000d820       0x12 CMakeFiles/org2-bluetooth-adapter.dir/tree/downloaded_tools/pico/pico-sdk/src/common/pico_time/time.c.obj
 *fill*         0x000000001000d832        0x2 
 .rodata.__func__.6268
                0x000000001000d834       0x17 CMakeFiles/org2-bluetooth-adapter.dir/tree/downloaded_tools/pico/pico-sdk/src/common/pico_time/time.c.obj
 *fill*         0x000000001000d84b        0x1 
 .rodata.__func__.6279
                0x000000001000d84c       0x15 CMakeFiles/org2-bluetooth-adapter.dir/tree/downloaded_tools/pico/pico-sdk/src/common/pico_time/time.c.obj
 *fill*         0x000000001000d861        0x3 
 .rodata.__func__.6296
                0x000000001000d864       0x1a CMakeFiles/org2-bluetooth-adapter.dir/tree/downloaded_tools/pico/pico-sdk/src/common/pico_time/time.c.obj
 *fill*         0x000000001000d87e        0x2 
 .rodata.at_the_end_of_time
                0x000000001000d880        0x8 CMakeFiles/org2-bluetooth-adapter.dir/tree/downloaded_tools/pico/pico-sdk/src/common/pico_time/time.c.obj
                0x000000001000d880                at_the_end_of_time
 .rodata.hardware_alarm_claim.str1.4
                0x000000001000d888       0x22 CMakeFiles/org2-bluetooth-adapter.dir/tree/downloaded_tools/pico/pico-sdk/src/rp2_common/hardware_timer/timer.c.obj
 .rodata.busy_wait_us.str1.4
                0x000000001000d8aa       0x6b CMakeFiles/org2-bluetooth-adapter.dir/tree/downloaded_tools/pico/pico-sdk/src/rp2_common/hardware_timer/timer.c.obj
 *fill*         0x000000001000d8aa        0x2 
 .rodata.hardware_alarm_set_target.str1.4
                0x000000001000d8ac       0x6f CMakeFiles/org2-bluetooth-adapter.dir/tree/downloaded_tools/pico/pico-sdk/src/rp2_common/hardware_timer/timer.c.obj
 *fill*         0x000000001000d91b        0x1 
 .rodata.__func__.4193
                0x000000001000d91c       0x15 CMakeFiles/org2-bluetooth-adapter.dir/tree/downloaded_tools/pico/pico-sdk/src/rp2_common/hardware_timer/timer.c.obj
 *fill*         0x000000001000d931        0x3 
 .rodata.__func__.4548
                0x000000001000d934       0x1a CMakeFiles/org2-bluetooth-adapter.dir/tree/downloaded_tools/pico/pico-sdk/src/rp2_common/hardware_timer/timer.c.obj
 *fill*         0x000000001000d94e        0x2 
 .rodata.str1.4
                0x000000001000d950       0xbd CMakeFiles/org2-bluetooth-adapter.dir/tree/downloaded_tools/pico/pico-sdk/src/common/pico_sync/mutex.c.obj
                                        0x129 (size before relaxing)
 *fill*         0x000000001000da0d        0x3 
 .rodata.__func__.4610
                0x000000001000da10       0x15 CMakeFiles/org2-bluetooth-adapter.dir/tree/downloaded_tools/pico/pico-sdk/src/common/pico_sync/mutex.c.obj
 *fill*         0x000000001000da25        0x3 
 .rodata.__func__.4645
                0x000000001000da28        0xb CMakeFiles/org2-bluetooth-adapter.dir/tree/downloaded_tools/pico/pico-sdk/src/common/pico_sync/mutex.c.obj
 .rodata.ph_add_child_node.str1.4
                0x000000001000da33       0x9e CMakeFiles/org2-bluetooth-adapter.dir/tree/downloaded_tools/pico/pico-sdk/src/common/pico_util/pheap.c.obj
 *fill*         0x000000001000da33        0x1 
 .rodata.ph_remove_any_head.str1.4
                0x000000001000da34       0x98 CMakeFiles/org2-bluetooth-adapter.dir/tree/downloaded_tools/pico/pico-sdk/src/common/pico_util/pheap.c.obj
 .rodata.ph_remove_and_free_node.str1.4
                0x000000001000dacc       0x26 CMakeFiles/org2-bluetooth-adapter.dir/tree/downloaded_tools/pico/pico-sdk/src/common/pico_util/pheap.c.obj
 *fill*         0x000000001000daf2        0x2 
 .rodata.__func__.5708
                0x000000001000daf4        0xc CMakeFiles/org2-bluetooth-adapter.dir/tree/downloaded_tools/pico/pico-sdk/src/common/pico_util/pheap.c.obj
 .rodata.__func__.5715
                0x000000001000db00       0x12 CMakeFiles/org2-bluetooth-adapter.dir/tree/downloaded_tools/pico/pico-sdk/src/common/pico_util/pheap.c.obj
 *fill*         0x000000001000db12        0x2 
 .rodata.__func__.5801
                0x000000001000db14       0x13 CMakeFiles/org2-bluetooth-adapter.dir/tree/downloaded_tools/pico/pico-sdk/src/common/pico_util/pheap.c.obj
 *fill*         0x000000001000db27        0x1 
 .rodata.__func__.5819
                0x000000001000db28       0x18 CMakeFiles/org2-bluetooth-adapter.dir/tree/downloaded_tools/pico/pico-sdk/src/common/pico_util/pheap.c.obj
 .rodata.__assert_func.str1.4
                0x000000001000db40       0x3f CMakeFiles/org2-bluetooth-adapter.dir/tree/downloaded_tools/pico/pico-sdk/src/rp2_common/pico_runtime/runtime.c.obj
                                         0x43 (size before relaxing)
 *fill*         0x000000001000db7f        0x1 
 .rodata.panic.str1.4
                0x000000001000db80       0x10 CMakeFiles/org2-bluetooth-adapter.dir/tree/downloaded_tools/pico/pico-sdk/src/rp2_common/pico_runtime/runtime.c.obj
                                         0x12 (size before relaxing)
 .rodata.clock_configure.str1.4
                0x000000001000db90       0x61 CMakeFiles/org2-bluetooth-adapter.dir/tree/downloaded_tools/pico/pico-sdk/src/rp2_common/hardware_clocks/clocks.c.obj
 *fill*         0x000000001000dbf1        0x3 
 .rodata.__func__.4667
                0x000000001000dbf4       0x10 CMakeFiles/org2-bluetooth-adapter.dir/tree/downloaded_tools/pico/pico-sdk/src/rp2_common/hardware_clocks/clocks.c.obj
 .rodata.make_branch.str1.4
                0x000000001000dc04       0x57 CMakeFiles/org2-bluetooth-adapter.dir/tree/downloaded_tools/pico/pico-sdk/src/rp2_common/hardware_irq/irq.c.obj
 *fill*         0x000000001000dc5b        0x1 
 .rodata.irq_set_exclusive_handler.str1.4
                0x000000001000dc5c       0x36 CMakeFiles/org2-bluetooth-adapter.dir/tree/downloaded_tools/pico/pico-sdk/src/rp2_common/hardware_irq/irq.c.obj
 *fill*         0x000000001000dc92        0x2 
 .rodata.irq_add_shared_handler.str1.4
                0x000000001000dc94       0xd9 CMakeFiles/org2-bluetooth-adapter.dir/tree/downloaded_tools/pico/pico-sdk/src/rp2_common/hardware_irq/irq.c.obj
 *fill*         0x000000001000dd6d        0x3 
 .rodata.irq_remove_handler.str1.4
                0x000000001000dd70       0x2a CMakeFiles/org2-bluetooth-adapter.dir/tree/downloaded_tools/pico/pico-sdk/src/rp2_common/hardware_irq/irq.c.obj
 *fill*         0x000000001000dd9a        0x2 
 .rodata.irq_add_tail_to_free_list.str1.4
                0x000000001000dd9c       0x32 CMakeFiles/org2-bluetooth-adapter.dir/tree/downloaded_tools/pico/pico-sdk/src/rp2_common/hardware_irq/irq.c.obj
                                         0x3a (size before relaxing)
 *fill*         0x000000001000ddce        0x2 
 .rodata.__func__.4703
                0x000000001000ddd0       0x1a CMakeFiles/org2-bluetooth-adapter.dir/tree/downloaded_tools/pico/pico-sdk/src/rp2_common/hardware_irq/irq.c.obj
 *fill*         0x000000001000ddea        0x2 
 .rodata.__func__.4717
                0x000000001000ddec        0xc CMakeFiles/org2-bluetooth-adapter.dir/tree/downloaded_tools/pico/pico-sdk/src/rp2_common/hardware_irq/irq.c.obj
 .rodata.__func__.4725
                0x000000001000ddf8       0x17 CMakeFiles/org2-bluetooth-adapter.dir/tree/downloaded_tools/pico/pico-sdk/src/rp2_common/hardware_irq/irq.c.obj
 *fill*         0x000000001000de0f        0x1 
 .rodata.__func__.4729
                0x000000001000de10        0xf CMakeFiles/org2-bluetooth-adapter.dir/tree/downloaded_tools/pico/pico-sdk/src/rp2_common/hardware_irq/irq.c.obj
 *fill*         0x000000001000de1f        0x1 
 .rodata.__func__.4768
                0x000000001000de20       0x13 CMakeFiles/org2-bluetooth-adapter.dir/tree/downloaded_tools/pico/pico-sdk/src/rp2_common/hardware_irq/irq.c.obj
 *fill*         0x000000001000de33        0x1 
 .rodata.__func__.4787
                0x000000001000de34       0x1a CMakeFiles/org2-bluetooth-adapter.dir/tree/downloaded_tools/pico/pico-sdk/src/rp2_common/hardware_irq/irq.c.obj