Archive member included to satisfy reference by file (symbol)

/usr/lib/gcc/arm-none-eabi/9.2.1/thumb/v6-m/nofp/libgcc.a(_dvmd_tls.o)
                              CMakeFiles/org2-bluetooth-adapter.dir/tree/downloaded_tools/pico/pico-sdk/src/rp2_common/pico_divider/divider.S.obj (__aeabi_idiv0)
/usr/lib/gcc/arm-none-eabi/9.2.1/../../../arm-none-eabi/lib/thumb/v6-m/nofp/libc.a(lib_a-atexit.o)
                              /usr/lib/gcc/arm-none-eabi/9.2.1/../../../arm-none-eabi/lib/thumb/v6-m/nofp/crt0.o (atexit)
/usr/lib/gcc/arm-none-eabi/9.2.1/../../../arm-none-eabi/lib/thumb/v6-m/nofp/libc.a(lib_a-calloc.o)
                              CMakeFiles/org2-bluetooth-adapter.dir/tree/downloaded_tools/pico/pico-sdk/src/rp2_common/pico_malloc/pico_malloc.c.obj (calloc)
/usr/lib/gcc/arm-none-eabi/9.2.1/../../../arm-none-eabi/lib/thumb/v6-m/nofp/libc.a(lib_a-callocr.o)
                              /usr/lib/gcc/arm-none-eabi/9.2.1/../../../arm-none-eabi/lib/thumb/v6-m/nofp/libc.a(lib_a-calloc.o) (_calloc_r)
/usr/lib/gcc/arm-none-eabi/9.2.1/../../../arm-none-eabi/lib/thumb/v6-m/nofp/libc.a(lib_a-errno.o)
                              CMakeFiles/org2-bluetooth-adapter.dir/tree/downloaded_tools/pico/no-OS-FatFS-SD-SPI-RPi-Pico/FatFs_SPI/src/ff_stdio.c.obj (__errno)
/usr/lib/gcc/arm-none-eabi/9.2.1/../../../arm-none-eabi/lib/thumb/v6-m/nofp/libc.a(lib_a-fflush.o)
                              CMakeFiles/org2-bluetooth-adapter.dir/tree/downloaded_tools/pico/no-OS-FatFS-SD-SPI-RPi-Pico/FatFs_SPI/sd_driver/demo_logging.c.obj (fflush)
/usr/lib/gcc/arm-none-eabi/9.2.1/../../../arm-none-eabi/lib/thumb/v6-m/nofp/libc.a(lib_a-findfp.o)
                              /usr/lib/gcc/arm-none-eabi/9.2.1/../../../arm-none-eabi/lib/thumb/v6-m/nofp/libc.a(lib_a-fflush.o) (__sinit)
/usr/lib/gcc/arm-none-eabi/9.2.1/../../../arm-none-eabi/lib/thumb/v6-m/nofp/libc.a(lib_a-fini.o)
                              /usr/lib/gcc/arm-none-eabi/9.2.1/../../../arm-none-eabi/lib/thumb/v6-m/nofp/crt0.o (__libc_fini_array)
/usr/lib/gcc/arm-none-eabi/9.2.1/../../../arm-none-eabi/lib/thumb/v6-m/nofp/libc.a(lib_a-freer.o)
                              /usr/lib/gcc/arm-none-eabi/9.2.1/../../../arm-none-eabi/lib/thumb/v6-m/nofp/libc.a(lib_a-fflush.o) (_free_r)
/usr/lib/gcc/arm-none-eabi/9.2.1/../../../arm-none-eabi/lib/thumb/v6-m/nofp/libc.a(lib_a-fwalk.o)
                              /usr/lib/gcc/arm-none-eabi/9.2.1/../../../arm-none-eabi/lib/thumb/v6-m/nofp/libc.a(lib_a-findfp.o) (_fwalk)
/usr/lib/gcc/arm-none-eabi/9.2.1/../../../arm-none-eabi/lib/thumb/v6-m/nofp/libc.a(lib_a-impure.o)
                              /usr/lib/gcc/arm-none-eabi/9.2.1/../../../arm-none-eabi/lib/thumb/v6-m/nofp/libc.a(lib_a-fflush.o) (_global_impure_ptr)
/usr/lib/gcc/arm-none-eabi/9.2.1/../../../arm-none-eabi/lib/thumb/v6-m/nofp/libc.a(lib_a-init.o)
                              /usr/lib/gcc/arm-none-eabi/9.2.1/../../../arm-none-eabi/lib/thumb/v6-m/nofp/crt0.o (__libc_init_array)
/usr/lib/gcc/arm-none-eabi/9.2.1/../../../arm-none-eabi/lib/thumb/v6-m/nofp/libc.a(lib_a-malloc.o)
                              CMakeFiles/org2-bluetooth-adapter.dir/tree/downloaded_tools/pico/pico-sdk/src/rp2_common/pico_malloc/pico_malloc.c.obj (malloc)
/usr/lib/gcc/arm-none-eabi/9.2.1/../../../arm-none-eabi/lib/thumb/v6-m/nofp/libc.a(lib_a-mallocr.o)
                              /usr/lib/gcc/arm-none-eabi/9.2.1/../../../arm-none-eabi/lib/thumb/v6-m/nofp/libc.a(lib_a-callocr.o) (_malloc_r)
/usr/lib/gcc/arm-none-eabi/9.2.1/../../../arm-none-eabi/lib/thumb/v6-m/nofp/libc.a(lib_a-mktime.o)
                              CMakeFiles/org2-bluetooth-adapter.dir/tree/downloaded_tools/pico/no-OS-FatFS-SD-SPI-RPi-Pico/FatFs_SPI/src/rtc.c.obj (mktime)
/usr/lib/gcc/arm-none-eabi/9.2.1/../../../arm-none-eabi/lib/thumb/v6-m/nofp/libc.a(lib_a-mlock.o)
                              /usr/lib/gcc/arm-none-eabi/9.2.1/../../../arm-none-eabi/lib/thumb/v6-m/nofp/libc.a(lib_a-freer.o) (__malloc_lock)
/usr/lib/gcc/arm-none-eabi/9.2.1/../../../arm-none-eabi/lib/thumb/v6-m/nofp/libc.a(lib_a-sbrkr.o)
                              /usr/lib/gcc/arm-none-eabi/9.2.1/../../../arm-none-eabi/lib/thumb/v6-m/nofp/libc.a(lib_a-freer.o) (_sbrk_r)
/usr/lib/gcc/arm-none-eabi/9.2.1/../../../arm-none-eabi/lib/thumb/v6-m/nofp/libc.a(lib_a-stdio.o)
                              /usr/lib/gcc/arm-none-eabi/9.2.1/../../../arm-none-eabi/lib/thumb/v6-m/nofp/libc.a(lib_a-findfp.o) (__sread)
/usr/lib/gcc/arm-none-eabi/9.2.1/../../../arm-none-eabi/lib/thumb/v6-m/nofp/libc.a(lib_a-strchr.o)
                              CMakeFiles/org2-bluetooth-adapter.dir/tree/downloaded_tools/pico/no-OS-FatFS-SD-SPI-RPi-Pico/FatFs_SPI/src/ff_stdio.c.obj (strchr)
/usr/lib/gcc/arm-none-eabi/9.2.1/../../../arm-none-eabi/lib/thumb/v6-m/nofp/libc.a(lib_a-strcmp.o)
                              CMakeFiles/org2-bluetooth-adapter.dir/tree/downloaded_tools/pico/no-OS-FatFS-SD-SPI-RPi-Pico/FatFs_SPI/sd_driver/hw_config.c.obj (strcmp)
[...]
Memory Configuration

Name             Origin             Length             Attributes
FLASH            0x0000000010000000 0x0000000000200000 xr
RAM              0x0000000020000000 0x0000000000040000 xrw
SCRATCH_X        0x0000000020040000 0x0000000000001000 xrw
SCRATCH_Y        0x0000000020041000 0x0000000000001000 xrw
*default*        0x0000000000000000 0xffffffffffffffff

Linker script and memory map

LOAD /usr/lib/gcc/arm-none-eabi/9.2.1/thumb/v6-m/nofp/crti.o
LOAD /usr/lib/gcc/arm-none-eabi/9.2.1/thumb/v6-m/nofp/crtbegin.o
LOAD /usr/lib/gcc/arm-none-eabi/9.2.1/../../../arm-none-eabi/lib/thumb/v6-m/nofp/crt0.o

.flash_begin    0x0000000010000000        0x0
                0x0000000010000000                __flash_binary_start = .

.boot2          0x0000000010000000      0x100
                0x0000000010000000                __boot2_start__ = .
 *(.boot2)
 .boot2         0x0000000010000000      0x100 /tmp/ccG3KPhq.o
                0x0000000010000100                __boot2_end__ = .
                0x0000000000000001                ASSERT (((__boot2_end__ - __boot2_start__) == 0x100), ERROR: Pico second stage bootloader must be 256 bytes in size)

.text           0x0000000010000100     0x7a30
                0x0000000010000100                __logical_binary_start = .
 *(.vectors)
 .vectors       0x0000000010000100       0xd4 CMakeFiles/org2-bluetooth-adapter.dir/tree/downloaded_tools/pico/pico-sdk/src/rp2_common/pico_standard_link/crt0.S.obj
                0x0000000010000100                __vectors
                0x0000000010000100                __VECTOR_TABLE
                0x00000000100001c0                isr_invalid
                0x00000000100001c0                __default_isrs_start
                0x00000000100001c2                isr_nmi
                0x00000000100001c4                isr_hardfault
                0x00000000100001c6                isr_svcall
                0x00000000100001c8                isr_pendsv
                0x00000000100001ca                isr_systick
                0x00000000100001cc                isr_irq30
                0x00000000100001cc                __unhandled_user_irq
                0x00000000100001cc                isr_irq13
                0x00000000100001cc                isr_irq27
                0x00000000100001cc                isr_irq31
                0x00000000100001cc                isr_irq5
                0x00000000100001cc                isr_irq11
                0x00000000100001cc                isr_irq23
                0x00000000100001cc                isr_irq18
                0x00000000100001cc                isr_irq28
                0x00000000100001cc                isr_irq19
                0x00000000100001cc                isr_irq0
                0x00000000100001cc                isr_irq6
                0x00000000100001cc                isr_irq22
                0x00000000100001cc                isr_irq17
                0x00000000100001cc                isr_irq14
                0x00000000100001cc                isr_irq2
                0x00000000100001cc                isr_irq10
                0x00000000100001cc                isr_irq8
                0x00000000100001cc                isr_irq24
                0x00000000100001cc                isr_irq1
                0x00000000100001cc                isr_irq7
                0x00000000100001cc                isr_irq21
                0x00000000100001cc                isr_irq20
                0x00000000100001cc                isr_irq15
                0x00000000100001cc                isr_irq25
                0x00000000100001cc                isr_irq4
                0x00000000100001cc                isr_irq16
                0x00000000100001cc                isr_irq29
                0x00000000100001cc                isr_irq26
                0x00000000100001cc                __default_isrs_end
                0x00000000100001cc                isr_irq3
                0x00000000100001cc                isr_irq12
                0x00000000100001cc                isr_irq9
                0x00000000100001d2                unhandled_user_irq_num_in_r0
 *(.binary_info_header)
 .binary_info_header
                0x00000000100001d4       0x14 CMakeFiles/org2-bluetooth-adapter.dir/tree/downloaded_tools/pico/pico-sdk/src/rp2_common/pico_standard_link/crt0.S.obj
                0x00000000100001e8                __binary_info_header_end = .
 *(.reset)
 .reset         0x00000000100001e8       0xa8 CMakeFiles/org2-bluetooth-adapter.dir/tree/downloaded_tools/pico/pico-sdk/src/rp2_common/pico_standard_link/crt0.S.obj
                0x00000000100001e8                _entry_point
                0x0000000010000266                __get_current_exception
 .reset         0x0000000010000290       0x30 CMakeFiles/org2-bluetooth-adapter.dir/tree/downloaded_tools/pico/pico-sdk/src/rp2_common/pico_standard_link/binary_info.c.obj
 *(.init)
 .init          0x00000000100002c0        0x4 /usr/lib/gcc/arm-none-eabi/9.2.1/thumb/v6-m/nofp/crti.o
                0x00000000100002c0                _init
 *(EXCLUDE_FILE(*libm.a: *libc.a:*lib_a-mem*.o *libgcc.a:) .text*)
 .text          0x00000000100002c4       0x98 /usr/lib/gcc/arm-none-eabi/9.2.1/thumb/v6-m/nofp/crtbegin.o
 .text.handle_address
                0x000000001000035c      0x244 CMakeFiles/org2-bluetooth-adapter.dir/org2-bluetooth-adapter.c.obj
                0x000000001000035c                handle_address
 .text.i2c_send_byte.constprop.0
                0x00000000100005a0       0xa0 CMakeFiles/org2-bluetooth-adapter.dir/org2-bluetooth-adapter.c.obj
 .text.i2c_send_byte.constprop.1
                0x0000000010000640       0xa0 CMakeFiles/org2-bluetooth-adapter.dir/org2-bluetooth-adapter.c.obj
 .text.oled_display_string
                0x00000000100006e0       0xe8 CMakeFiles/org2-bluetooth-adapter.dir/org2-bluetooth-adapter.c.obj
                0x00000000100006e0                oled_display_string
 .text.oled_clear_display
                0x00000000100007c8       0xfc CMakeFiles/org2-bluetooth-adapter.dir/org2-bluetooth-adapter.c.obj
                0x00000000100007c8                oled_clear_display
 .text.oled_setup
                0x00000000100008c4       0xa8 CMakeFiles/org2-bluetooth-adapter.dir/org2-bluetooth-adapter.c.obj
                0x00000000100008c4                oled_setup
 .text.startup.main
                0x000000001000096c      0x60c CMakeFiles/org2-bluetooth-adapter.dir/org2-bluetooth-adapter.c.obj
                0x000000001000096c                main
 .text.gpio_set_function
                0x0000000010000f78       0x30 CMakeFiles/org2-bluetooth-adapter.dir/tree/downloaded_tools/pico/pico-sdk/src/rp2_common/hardware_gpio/gpio.c.obj
                0x0000000010000f78                gpio_set_function
 .text.gpio_init
                0x0000000010000fa8       0x3c CMakeFiles/org2-bluetooth-adapter.dir/tree/downloaded_tools/pico/pico-sdk/src/rp2_common/hardware_gpio/gpio.c.obj
                0x0000000010000fa8                gpio_init
 .text.hw_claim_or_assert
                0x0000000010000fe4       0x48 CMakeFiles/org2-bluetooth-adapter.dir/tree/downloaded_tools/pico/pico-sdk/src/rp2_common/hardware_claim/claim.c.obj
                0x0000000010000fe4                hw_claim_or_assert
 .text.hw_claim_unused_from_range
                0x000000001000102c       0x9c CMakeFiles/org2-bluetooth-adapter.dir/tree/downloaded_tools/pico/pico-sdk/src/rp2_common/hardware_claim/claim.c.obj
                0x000000001000102c                hw_claim_unused_from_range
 .text.running_on_fpga
                0x00000000100010c8       0x10 CMakeFiles/org2-bluetooth-adapter.dir/tree/downloaded_tools/pico/pico-sdk/src/rp2_common/pico_platform/platform.c.obj
                0x00000000100010c8                running_on_fpga
 .text.spin_locks_reset
                0x00000000100010d8       0x1c CMakeFiles/org2-bluetooth-adapter.dir/tree/downloaded_tools/pico/pico-sdk/src/rp2_common/hardware_sync/sync.c.obj
                0x00000000100010d8                spin_locks_reset
 .text.next_striped_spin_lock_num
                0x00000000100010f4       0x18 CMakeFiles/org2-bluetooth-adapter.dir/tree/downloaded_tools/pico/pico-sdk/src/rp2_common/hardware_sync/sync.c.obj
                0x00000000100010f4                next_striped_spin_lock_num
 .text.spin_lock_claim_unused
                0x000000001000110c       0x20 CMakeFiles/org2-bluetooth-adapter.dir/tree/downloaded_tools/pico/pico-sdk/src/rp2_common/hardware_sync/sync.c.obj
                0x000000001000110c                spin_lock_claim_unused
 .text.uart_init
                0x000000001000112c       0xe4 CMakeFiles/org2-bluetooth-adapter.dir/tree/downloaded_tools/pico/pico-sdk/src/rp2_common/hardware_uart/uart.c.obj
                0x000000001000112c                uart_init
 .text.timer_pool_entry_comparator
                0x0000000010001210       0x34 CMakeFiles/org2-bluetooth-adapter.dir/tree/downloaded_tools/pico/pico-sdk/src/common/pico_time/time.c.obj
                0x0000000010001210                timer_pool_entry_comparator
 .text.sleep_until_callback
                0x0000000010001244       0x30 CMakeFiles/org2-bluetooth-adapter.dir/tree/downloaded_tools/pico/pico-sdk/src/common/pico_time/time.c.obj
 .text.alarm_pool_add_alarm_at.constprop.0
                0x0000000010001274      0x128 CMakeFiles/org2-bluetooth-adapter.dir/tree/downloaded_tools/pico/pico-sdk/src/common/pico_time/time.c.obj
 .text.add_alarm_under_lock
                0x000000001000139c      0x108 CMakeFiles/org2-bluetooth-adapter.dir/tree/downloaded_tools/pico/pico-sdk/src/common/pico_time/time.c.obj
 .text.alarm_pool_alarm_callback
                0x00000000100014a4      0x1c8 CMakeFiles/org2-bluetooth-adapter.dir/tree/downloaded_tools/pico/pico-sdk/src/common/pico_time/time.c.obj
 .text.alarm_pool_init_default
                0x000000001000166c       0x64 CMakeFiles/org2-bluetooth-adapter.dir/tree/downloaded_tools/pico/pico-sdk/src/common/pico_time/time.c.obj
                0x000000001000166c                alarm_pool_init_default
 .text.alarm_pool_get_default
                0x00000000100016d0        0x8 CMakeFiles/org2-bluetooth-adapter.dir/tree/downloaded_tools/pico/pico-sdk/src/common/pico_time/time.c.obj
                0x00000000100016d0                alarm_pool_get_default
 .text.alarm_pool_add_alarm_at
                0x00000000100016d8      0x1ac CMakeFiles/org2-bluetooth-adapter.dir/tree/downloaded_tools/pico/pico-sdk/src/common/pico_time/time.c.obj
                0x00000000100016d8                alarm_pool_add_alarm_at
 .text.sleep_until
                0x0000000010001884       0xac CMakeFiles/org2-bluetooth-adapter.dir/tree/downloaded_tools/pico/pico-sdk/src/common/pico_time/time.c.obj
                0x0000000010001884                sleep_until
 .text.sleep_us
                0x0000000010001930       0x30 CMakeFiles/org2-bluetooth-adapter.dir/tree/downloaded_tools/pico/pico-sdk/src/common/pico_time/time.c.obj
                0x0000000010001930                sleep_us
 .text.best_effort_wfe_or_timeout
                0x0000000010001960       0xd4 CMakeFiles/org2-bluetooth-adapter.dir/tree/downloaded_tools/pico/pico-sdk/src/common/pico_time/time.c.obj
                0x0000000010001960                best_effort_wfe_or_timeout
 .text.hardware_alarm_irq_handler
                0x0000000010001a34       0xb8 CMakeFiles/org2-bluetooth-adapter.dir/tree/downloaded_tools/pico/pico-sdk/src/rp2_common/hardware_timer/timer.c.obj
 .text.hardware_alarm_claim
                0x0000000010001aec       0x18 CMakeFiles/org2-bluetooth-adapter.dir/tree/downloaded_tools/pico/pico-sdk/src/rp2_common/hardware_timer/timer.c.obj
                0x0000000010001aec                hardware_alarm_claim
 .text.time_us_64
                0x0000000010001b04       0x14 CMakeFiles/org2-bluetooth-adapter.dir/tree/downloaded_tools/pico/pico-sdk/src/rp2_common/hardware_timer/timer.c.obj
                0x0000000010001b04                time_us_64
 .text.busy_wait_until
                0x0000000010001b18       0x20 CMakeFiles/org2-bluetooth-adapter.dir/tree/downloaded_tools/pico/pico-sdk/src/rp2_common/hardware_timer/timer.c.obj
                0x0000000010001b18                busy_wait_until
 .text.hardware_alarm_set_callback
                0x0000000010001b38       0x8c CMakeFiles/org2-bluetooth-adapter.dir/tree/downloaded_tools/pico/pico-sdk/src/rp2_common/hardware_timer/timer.c.obj
                0x0000000010001b38                hardware_alarm_set_callback
 .text.hardware_alarm_set_target
                0x0000000010001bc4       0xe4 CMakeFiles/org2-bluetooth-adapter.dir/tree/downloaded_tools/pico/pico-sdk/src/rp2_common/hardware_timer/timer.c.obj
                0x0000000010001bc4                hardware_alarm_set_target
 .text.hardware_alarm_cancel
                0x0000000010001ca8       0x40 CMakeFiles/org2-bluetooth-adapter.dir/tree/downloaded_tools/pico/pico-sdk/src/rp2_common/hardware_timer/timer.c.obj
                0x0000000010001ca8                hardware_alarm_cancel
 .text.lock_init
                0x0000000010001ce8       0x10 CMakeFiles/org2-bluetooth-adapter.dir/tree/downloaded_tools/pico/pico-sdk/src/common/pico_sync/lock_core.c.obj
                0x0000000010001ce8                lock_init
 .text.mutex_init
                0x0000000010001cf8       0x1c CMakeFiles/org2-bluetooth-adapter.dir/tree/downloaded_tools/pico/pico-sdk/src/common/pico_sync/mutex.c.obj
                0x0000000010001cf8                mutex_init
 .text.recursive_mutex_init
                0x0000000010001d14       0x1c CMakeFiles/org2-bluetooth-adapter.dir/tree/downloaded_tools/pico/pico-sdk/src/common/pico_sync/mutex.c.obj
                0x0000000010001d14                recursive_mutex_init
 .text.critical_section_init
                0x0000000010001d30       0x1c CMakeFiles/org2-bluetooth-adapter.dir/tree/downloaded_tools/pico/pico-sdk/src/common/pico_sync/critical_section.c.obj
                0x0000000010001d30                critical_section_init
 .text.ph_merge_nodes
                0x0000000010001d4c       0x68 CMakeFiles/org2-bluetooth-adapter.dir/tree/downloaded_tools/pico/pico-sdk/src/common/pico_util/pheap.c.obj
 .text.ph_post_alloc_init
                0x0000000010001db4       0x3c CMakeFiles/org2-bluetooth-adapter.dir/tree/downloaded_tools/pico/pico-sdk/src/common/pico_util/pheap.c.obj
                0x0000000010001db4                ph_post_alloc_init
 .text.ph_merge_two_pass
                0x0000000010001df0       0x90 CMakeFiles/org2-bluetooth-adapter.dir/tree/downloaded_tools/pico/pico-sdk/src/common/pico_util/pheap.c.obj
                0x0000000010001df0                ph_merge_two_pass
 .text.ph_remove_any_head
                0x0000000010001e80       0xf8 CMakeFiles/org2-bluetooth-adapter.dir/tree/downloaded_tools/pico/pico-sdk/src/common/pico_util/pheap.c.obj
 .text.ph_remove_head
                0x0000000010001f78      0x13c CMakeFiles/org2-bluetooth-adapter.dir/tree/downloaded_tools/pico/pico-sdk/src/common/pico_util/pheap.c.obj
                0x0000000010001f78                ph_remove_head
 .text.ph_remove_and_free_node
                0x00000000100020b4       0x7c CMakeFiles/org2-bluetooth-adapter.dir/tree/downloaded_tools/pico/pico-sdk/src/common/pico_util/pheap.c.obj
                0x00000000100020b4                ph_remove_and_free_node
 .text.runtime_init
                0x0000000010002130       0xfc CMakeFiles/org2-bluetooth-adapter.dir/tree/downloaded_tools/pico/pico-sdk/src/rp2_common/pico_runtime/runtime.c.obj
                0x0000000010002130                runtime_init
 .text.exit     0x000000001000222c        0x4 CMakeFiles/org2-bluetooth-adapter.dir/tree/downloaded_tools/pico/pico-sdk/src/rp2_common/pico_runtime/runtime.c.obj
                0x000000001000222c                exit
 .text.panic    0x0000000010002230       0x30 CMakeFiles/org2-bluetooth-adapter.dir/tree/downloaded_tools/pico/pico-sdk/src/rp2_common/pico_runtime/runtime.c.obj
                0x0000000010002230                panic
 .text.hard_assertion_failure
                0x0000000010002260        0xc CMakeFiles/org2-bluetooth-adapter.dir/tree/downloaded_tools/pico/pico-sdk/src/rp2_common/pico_runtime/runtime.c.obj
                0x0000000010002260                hard_assertion_failure
 .text.clocks_init
                0x000000001000226c      0x2bc CMakeFiles/org2-bluetooth-adapter.dir/tree/downloaded_tools/pico/pico-sdk/src/rp2_common/hardware_clocks/clocks.c.obj
                0x000000001000226c                clocks_init
 .text.clock_get_hz
                0x0000000010002528        0xc CMakeFiles/org2-bluetooth-adapter.dir/tree/downloaded_tools/pico/pico-sdk/src/rp2_common/hardware_clocks/clocks.c.obj
                0x0000000010002528                clock_get_hz
 .text.irq_set_enabled
                0x0000000010002534       0x24 CMakeFiles/org2-bluetooth-adapter.dir/tree/downloaded_tools/pico/pico-sdk/src/rp2_common/hardware_irq/irq.c.obj
                0x0000000010002534                irq_set_enabled
 .text.irq_is_enabled
                0x0000000010002558       0x18 CMakeFiles/org2-bluetooth-adapter.dir/tree/downloaded_tools/pico/pico-sdk/src/rp2_common/hardware_irq/irq.c.obj
                0x0000000010002558                irq_is_enabled
 .text.irq_set_mask_enabled
                0x0000000010002570       0x20 CMakeFiles/org2-bluetooth-adapter.dir/tree/downloaded_tools/pico/pico-sdk/src/rp2_common/hardware_irq/irq.c.obj
                0x0000000010002570                irq_set_mask_enabled
 .text.irq_set_pending
                0x0000000010002590       0x10 CMakeFiles/org2-bluetooth-adapter.dir/tree/downloaded_tools/pico/pico-sdk/src/rp2_common/hardware_irq/irq.c.obj
                0x0000000010002590                irq_set_pending
 .text.irq_get_vtable_handler
                0x00000000100025a0       0x10 CMakeFiles/org2-bluetooth-adapter.dir/tree/downloaded_tools/pico/pico-sdk/src/rp2_common/hardware_irq/irq.c.obj
                0x00000000100025a0                irq_get_vtable_handler
 .text.irq_set_exclusive_handler
                0x00000000100025b0       0x54 CMakeFiles/org2-bluetooth-adapter.dir/tree/downloaded_tools/pico/pico-sdk/src/rp2_common/hardware_irq/irq.c.obj
                0x00000000100025b0                irq_set_exclusive_handler
 .text.irq_remove_handler
                0x0000000010002604      0x1b8 CMakeFiles/org2-bluetooth-adapter.dir/tree/downloaded_tools/pico/pico-sdk/src/rp2_common/hardware_irq/irq.c.obj
                0x0000000010002604                irq_remove_handler
 .text.irq_add_tail_to_free_list
                0x00000000100027bc       0xb8 CMakeFiles/org2-bluetooth-adapter.dir/tree/downloaded_tools/pico/pico-sdk/src/rp2_common/hardware_irq/irq.c.obj
                0x00000000100027bc                irq_add_tail_to_free_list
 .text.irq_init_priorities
                0x0000000010002874       0x38 CMakeFiles/org2-bluetooth-adapter.dir/tree/downloaded_tools/pico/pico-sdk/src/rp2_common/hardware_irq/irq.c.obj
                0x0000000010002874                irq_init_priorities
 .text.pll_init
                0x00000000100028ac       0xa4 CMakeFiles/org2-bluetooth-adapter.dir/tree/downloaded_tools/pico/pico-sdk/src/rp2_common/hardware_pll/pll.c.obj
                0x00000000100028ac                pll_init
 .text.watchdog_start_tick
                0x0000000010002950       0x10 CMakeFiles/org2-bluetooth-adapter.dir/tree/downloaded_tools/pico/pico-sdk/src/rp2_common/hardware_watchdog/watchdog.c.obj
                0x0000000010002950                watchdog_start_tick
 .text.watchdog_reboot
                0x0000000010002960       0x98 CMakeFiles/org2-bluetooth-adapter.dir/tree/downloaded_tools/pico/pico-sdk/src/rp2_common/hardware_watchdog/watchdog.c.obj
                0x0000000010002960                watchdog_reboot
 .text.xosc_init
                0x00000000100029f8       0x28 CMakeFiles/org2-bluetooth-adapter.dir/tree/downloaded_tools/pico/pico-sdk/src/rp2_common/hardware_xosc/xosc.c.obj
                0x00000000100029f8                xosc_init
 .text._out_null
                0x0000000010002a20        0x4 CMakeFiles/org2-bluetooth-adapter.dir/tree/downloaded_tools/pico/pico-sdk/src/rp2_common/pico_printf/printf.c.obj
 .text._out_rev
                0x0000000010002a24       0xd0 CMakeFiles/org2-bluetooth-adapter.dir/tree/downloaded_tools/pico/pico-sdk/src/rp2_common/pico_printf/printf.c.obj
 .text._ntoa_format
                0x0000000010002af4      0x1d0 CMakeFiles/org2-bluetooth-adapter.dir/tree/downloaded_tools/pico/pico-sdk/src/rp2_common/pico_printf/printf.c.obj
 .text._out_char
                0x0000000010002cc4       0x10 CMakeFiles/org2-bluetooth-adapter.dir/tree/downloaded_tools/pico/pico-sdk/src/rp2_common/pico_printf/printf.c.obj
 .text._out_fct
                0x0000000010002cd4       0x10 CMakeFiles/org2-bluetooth-adapter.dir/tree/downloaded_tools/pico/pico-sdk/src/rp2_common/pico_printf/printf.c.obj
 .text._etoa    0x0000000010002ce4      0x478 CMakeFiles/org2-bluetooth-adapter.dir/tree/downloaded_tools/pico/pico-sdk/src/rp2_common/pico_printf/printf.c.obj
 .text._ftoa    0x000000001000315c      0x3e0 CMakeFiles/org2-bluetooth-adapter.dir/tree/downloaded_tools/pico/pico-sdk/src/rp2_common/pico_printf/printf.c.obj
 .text._vsnprintf
                0x000000001000353c      0xb08 CMakeFiles/org2-bluetooth-adapter.dir/tree/downloaded_tools/pico/pico-sdk/src/rp2_common/pico_printf/printf.c.obj
 .text.vfctprintf
                0x0000000010004044       0x20 CMakeFiles/org2-bluetooth-adapter.dir/tree/downloaded_tools/pico/pico-sdk/src/rp2_common/pico_printf/printf.c.obj
                0x0000000010004044                vfctprintf
 .text.weak_raw_vprintf
                0x0000000010004064       0x30 CMakeFiles/org2-bluetooth-adapter.dir/tree/downloaded_tools/pico/pico-sdk/src/rp2_common/pico_printf/printf.c.obj
                0x0000000010004064                weak_raw_vprintf
 .text          0x0000000010004094       0x10 CMakeFiles/org2-bluetooth-adapter.dir/tree/downloaded_tools/pico/pico-sdk/src/rp2_common/pico_bit_ops/bit_ops_aeabi.S.obj
 .text.rom_func_lookup
                0x00000000100040a4       0x10 CMakeFiles/org2-bluetooth-adapter.dir/tree/downloaded_tools/pico/pico-sdk/src/rp2_common/pico_bootrom/bootrom.c.obj
                0x00000000100040a4                rom_func_lookup
 .text.rom_data_lookup
                0x00000000100040b4       0x10 CMakeFiles/org2-bluetooth-adapter.dir/tree/downloaded_tools/pico/pico-sdk/src/rp2_common/pico_bootrom/bootrom.c.obj
                0x00000000100040b4                rom_data_lookup
 .text.rom_funcs_lookup
                0x00000000100040c4       0x3c CMakeFiles/org2-bluetooth-adapter.dir/tree/downloaded_tools/pico/pico-sdk/src/rp2_common/pico_bootrom/bootrom.c.obj
                0x00000000100040c4                rom_funcs_lookup
 .text.__wrap___aeabi_idiv
                0x0000000010004100       0x50 CMakeFiles/org2-bluetooth-adapter.dir/tree/downloaded_tools/pico/pico-sdk/src/rp2_common/pico_divider/divider.S.obj
                0x0000000010004100                __wrap___aeabi_idivmod
                0x0000000010004100                divmod_s32s32
                0x0000000010004100                div_s32s32
                0x0000000010004100                __wrap___aeabi_idiv
                0x0000000010004108                divmod_s32s32_unsafe
                0x0000000010004134                divmod_s32s32_savestate
 .text.__wrap___aeabi_uidiv
                0x0000000010004150       0x4c CMakeFiles/org2-bluetooth-adapter.dir/tree/downloaded_tools/pico/pico-sdk/src/rp2_common/pico_divider/divider.S.obj
                0x0000000010004150                __wrap___aeabi_uidiv
                0x0000000010004150                __wrap___aeabi_uidivmod
                0x0000000010004150                div_u32u32
                0x0000000010004150                divmod_u32u32
                0x0000000010004158                divmod_u32u32_unsafe
                0x0000000010004180                divmod_u32u32_savestate
 .text.__wrap___aeabi_ldiv
                0x000000001000419c      0x430 CMakeFiles/org2-bluetooth-adapter.dir/tree/downloaded_tools/pico/pico-sdk/src/rp2_common/pico_divider/divider.S.obj
                0x000000001000419c                div_s64s64
                0x000000001000419c                divmod_s64s64
                0x000000001000419c                __wrap___aeabi_ldivmod
                0x00000000100041d4                div_u64u64
                0x00000000100041d4                divmod_u64u64
                0x00000000100041d4                __wrap___aeabi_uldivmod
                0x00000000100041e4                divmod_u64u64_savestate
                0x000000001000420c                divmod_s64s64_unsafe
                0x0000000010004294                divmod_u64u64_unsafe
 .text.__wrap___aeabi_darithmetic
                0x00000000100045cc       0x80 CMakeFiles/org2-bluetooth-adapter.dir/tree/downloaded_tools/pico/pico-sdk/src/rp2_common/pico_double/double_aeabi.S.obj
                0x00000000100045cc                __wrap___aeabi_drsub
                0x00000000100045d2                __wrap___aeabi_dsub
                0x00000000100045e4                __wrap___aeabi_dadd
                0x00000000100045f6                __wrap___aeabi_ddiv
                0x0000000010004632                __wrap___aeabi_dmul
 .text.__wrap___aeabi_cdcmple
                0x000000001000464c       0x6c CMakeFiles/org2-bluetooth-adapter.dir/tree/downloaded_tools/pico/pico-sdk/src/rp2_common/pico_double/double_aeabi.S.obj
                0x000000001000464c                __wrap___aeabi_cdrcmple
                0x000000001000465c                __wrap___aeabi_cdcmple
                0x000000001000465c                __wrap___aeabi_cdcmpeq
 .text.__wrap___aeabi_dcmplt
                0x00000000100046b8        0xc CMakeFiles/org2-bluetooth-adapter.dir/tree/downloaded_tools/pico/pico-sdk/src/rp2_common/pico_double/double_aeabi.S.obj
                0x00000000100046b8                __wrap___aeabi_dcmplt
 .text.__wrap___aeabi_dcmple
                0x00000000100046c4       0x10 CMakeFiles/org2-bluetooth-adapter.dir/tree/downloaded_tools/pico/pico-sdk/src/rp2_common/pico_double/double_aeabi.S.obj
                0x00000000100046c4                __wrap___aeabi_dcmple
 .text.__wrap___aeabi_dcmpge
                0x00000000100046d4       0x10 CMakeFiles/org2-bluetooth-adapter.dir/tree/downloaded_tools/pico/pico-sdk/src/rp2_common/pico_double/double_aeabi.S.obj
                0x00000000100046d4                __wrap___aeabi_dcmpge
 .text.__wrap___aeabi_dcmpgt
                0x00000000100046e4        0xa CMakeFiles/org2-bluetooth-adapter.dir/tree/downloaded_tools/pico/pico-sdk/src/rp2_common/pico_double/double_aeabi.S.obj
                0x00000000100046e4                __wrap___aeabi_dcmpgt
 .text.__wrap___aeabi_dcmpun
                0x00000000100046ee       0x1c CMakeFiles/org2-bluetooth-adapter.dir/tree/downloaded_tools/pico/pico-sdk/src/rp2_common/pico_double/double_aeabi.S.obj
                0x00000000100046ee                __wrap___aeabi_dcmpun
 *fill*         0x000000001000470a        0x2 
 .text.__wrap___aeabi_i2d
                0x000000001000470c       0x38 CMakeFiles/org2-bluetooth-adapter.dir/tree/downloaded_tools/pico/pico-sdk/src/rp2_common/pico_double/double_aeabi.S.obj
                0x000000001000470c                __wrap___aeabi_ui2d
                0x0000000010004714                __wrap___aeabi_i2d
 .text.__wrap___aeabi_d2iz
                0x0000000010004744       0x48 CMakeFiles/org2-bluetooth-adapter.dir/tree/downloaded_tools/pico/pico-sdk/src/rp2_common/pico_double/double_aeabi.S.obj
                0x0000000010004744                __wrap___aeabi_d2iz
                0x0000000010004744                double2int_z
 .text.__wrap___aeabi_d2uiz
                0x000000001000478c       0x18 CMakeFiles/org2-bluetooth-adapter.dir/tree/downloaded_tools/pico/pico-sdk/src/rp2_common/pico_double/double_aeabi.S.obj
                0x000000001000478c                double2uint
                0x000000001000478c                __wrap___aeabi_d2uiz
 .text.__aeabi_double_init
                0x00000000100047a4       0xac CMakeFiles/org2-bluetooth-adapter.dir/tree/downloaded_tools/pico/pico-sdk/src/rp2_common/pico_double/double_init_rom.c.obj
                0x00000000100047a4                __aeabi_double_init
 .text.double_table_shim_on_use_helper
                0x0000000010004850       0x2c CMakeFiles/org2-bluetooth-adapter.dir/tree/downloaded_tools/pico/pico-sdk/src/rp2_common/pico_double/double_v1_rom_shim.S.obj
                0x0000000010004850                double_table_shim_on_use_helper
 .text.__wrap___aeabi_dsub
                0x000000001000487c       0x10 CMakeFiles/org2-bluetooth-adapter.dir/tree/downloaded_tools/pico/pico-sdk/src/rp2_common/pico_double/double_v1_rom_shim.S.obj
                0x000000001000487c                drsub_shim
                0x0000000010004882                dsub_shim
 .text.dadd_shim
                0x000000001000488c      0x15c CMakeFiles/org2-bluetooth-adapter.dir/tree/downloaded_tools/pico/pico-sdk/src/rp2_common/pico_double/double_v1_rom_shim.S.obj
                0x000000001000488c                dadd_shim
 .text.dmul_shim
                0x00000000100049e8      0x15c CMakeFiles/org2-bluetooth-adapter.dir/tree/downloaded_tools/pico/pico-sdk/src/rp2_common/pico_double/double_v1_rom_shim.S.obj
                0x00000000100049e8                dmul_shim
 .text.ddiv_shim
                0x0000000010004b44      0x1b0 CMakeFiles/org2-bluetooth-adapter.dir/tree/downloaded_tools/pico/pico-sdk/src/rp2_common/pico_double/double_v1_rom_shim.S.obj
                0x0000000010004b44                ddiv_shim
 .text.dcordic_rot_step
                0x0000000010004cf4       0x7c CMakeFiles/org2-bluetooth-adapter.dir/tree/downloaded_tools/pico/pico-sdk/src/rp2_common/pico_double/double_v1_rom_shim.S.obj
                0x0000000010004cf4                dcordic_rot_step
 .text.double2uint_shim
                0x0000000010004d70        0xe CMakeFiles/org2-bluetooth-adapter.dir/tree/downloaded_tools/pico/pico-sdk/src/rp2_common/pico_double/double_v1_rom_shim.S.obj
                0x0000000010004d70                double2uint_shim
                0x0000000010004d72                double2ufix_shim
 *fill*         0x0000000010004d7e        0x2 
 .text.double2uint64_shim
                0x0000000010004d80       0x6c CMakeFiles/org2-bluetooth-adapter.dir/tree/downloaded_tools/pico/pico-sdk/src/rp2_common/pico_double/double_v1_rom_shim.S.obj
                0x0000000010004d80                double2uint64_shim
                0x0000000010004d82                double2ufix64_shim
                0x0000000010004d9c                d2fix_a
 .text.dunpacks
                0x0000000010004dec       0x3c CMakeFiles/org2-bluetooth-adapter.dir/tree/downloaded_tools/pico/pico-sdk/src/rp2_common/pico_double/double_v1_rom_shim.S.obj
                0x0000000010004dec                dunpacks
 .text.__aeabi_lmul
                0x0000000010004e28       0x32 CMakeFiles/org2-bluetooth-adapter.dir/tree/downloaded_tools/pico/pico-sdk/src/rp2_common/pico_int64_ops/pico_int64_ops_aeabi.S.obj
                0x0000000010004e28                __wrap___aeabi_lmul
 *fill*         0x0000000010004e5a        0x2 
 .text.__aeabi_float_init
                0x0000000010004e5c       0x64 CMakeFiles/org2-bluetooth-adapter.dir/tree/downloaded_tools/pico/pico-sdk/src/rp2_common/pico_float/float_init_rom.c.obj
                0x0000000010004e5c                __aeabi_float_init
 .text.float_table_shim_on_use_helper
                0x0000000010004ec0       0x2c CMakeFiles/org2-bluetooth-adapter.dir/tree/downloaded_tools/pico/pico-sdk/src/rp2_common/pico_float/float_v1_rom_shim.S.obj
                0x0000000010004ec0                float_table_shim_on_use_helper
 .text          0x0000000010004eec       0x10 CMakeFiles/org2-bluetooth-adapter.dir/tree/downloaded_tools/pico/pico-sdk/src/rp2_common/pico_mem_ops/mem_ops_aeabi.S.obj
                0x0000000010004eec                __aeabi_mem_init
 .text.memset   0x0000000010004efc        0xc CMakeFiles/org2-bluetooth-adapter.dir/tree/downloaded_tools/pico/pico-sdk/src/rp2_common/pico_mem_ops/mem_ops_aeabi.S.obj
                0x0000000010004efc                __wrap_memset
 .text.memcpy   0x0000000010004f08        0xc CMakeFiles/org2-bluetooth-adapter.dir/tree/downloaded_tools/pico/pico-sdk/src/rp2_common/pico_mem_ops/mem_ops_aeabi.S.obj
                0x0000000010004f08                __wrap___aeabi_memcpy
                0x0000000010004f08                __wrap_memcpy
 .text.stdio_out_chars_crlf.part.0
                0x0000000010004f14       0x84 CMakeFiles/org2-bluetooth-adapter.dir/tree/downloaded_tools/pico/pico-sdk/src/rp2_common/pico_stdio/stdio.c.obj
 .text.stdio_buffered_printer
                0x0000000010004f98       0x78 CMakeFiles/org2-bluetooth-adapter.dir/tree/downloaded_tools/pico/pico-sdk/src/rp2_common/pico_stdio/stdio.c.obj
 .text.stdio_put_string
                0x0000000010005010      0x100 CMakeFiles/org2-bluetooth-adapter.dir/tree/downloaded_tools/pico/pico-sdk/src/rp2_common/pico_stdio/stdio.c.obj
 .text.__wrap_putchar
                0x0000000010005110       0x1c CMakeFiles/org2-bluetooth-adapter.dir/tree/downloaded_tools/pico/pico-sdk/src/rp2_common/pico_stdio/stdio.c.obj
                0x0000000010005110                __wrap_putchar
 .text.__wrap_puts
                0x000000001000512c       0x3c CMakeFiles/org2-bluetooth-adapter.dir/tree/downloaded_tools/pico/pico-sdk/src/rp2_common/pico_stdio/stdio.c.obj
                0x000000001000512c                __wrap_puts
 .text.stdio_set_driver_enabled
                0x0000000010005168       0x3c CMakeFiles/org2-bluetooth-adapter.dir/tree/downloaded_tools/pico/pico-sdk/src/rp2_common/pico_stdio/stdio.c.obj
                0x0000000010005168                stdio_set_driver_enabled
 .text.stdio_flush
                0x00000000100051a4       0x28 CMakeFiles/org2-bluetooth-adapter.dir/tree/downloaded_tools/pico/pico-sdk/src/rp2_common/pico_stdio/stdio.c.obj
                0x00000000100051a4                stdio_flush
 .text.__wrap_vprintf
                0x00000000100051cc       0xec CMakeFiles/org2-bluetooth-adapter.dir/tree/downloaded_tools/pico/pico-sdk/src/rp2_common/pico_stdio/stdio.c.obj
                0x00000000100051cc                __wrap_vprintf
 .text.__wrap_printf
                0x00000000100052b8       0x18 CMakeFiles/org2-bluetooth-adapter.dir/tree/downloaded_tools/pico/pico-sdk/src/rp2_common/pico_stdio/stdio.c.obj
                0x00000000100052b8                __wrap_printf
 .text.stdio_init_all
                0x00000000100052d0        0xc CMakeFiles/org2-bluetooth-adapter.dir/tree/downloaded_tools/pico/pico-sdk/src/rp2_common/pico_stdio/stdio.c.obj
                0x00000000100052d0                stdio_init_all
 .text.stdio_uart_out_chars
                0x00000000100052dc       0x4c CMakeFiles/org2-bluetooth-adapter.dir/tree/downloaded_tools/pico/pico-sdk/src/rp2_common/pico_stdio_uart/stdio_uart.c.obj
 .text.stdio_uart_in_chars
                0x0000000010005328       0x38 CMakeFiles/org2-bluetooth-adapter.dir/tree/downloaded_tools/pico/pico-sdk/src/rp2_common/pico_stdio_uart/stdio_uart.c.obj
                0x0000000010005328                stdio_uart_in_chars
 .text.stdio_uart_init
                0x0000000010005360       0x48 CMakeFiles/org2-bluetooth-adapter.dir/tree/downloaded_tools/pico/pico-sdk/src/rp2_common/pico_stdio_uart/stdio_uart.c.obj
                0x0000000010005360                stdio_uart_init
 .text.resetd_init
                0x00000000100053a8        0x4 CMakeFiles/org2-bluetooth-adapter.dir/tree/downloaded_tools/pico/pico-sdk/src/rp2_common/pico_stdio_usb/reset_interface.c.obj
 .text.resetd_reset
                0x00000000100053ac        0xc CMakeFiles/org2-bluetooth-adapter.dir/tree/downloaded_tools/pico/pico-sdk/src/rp2_common/pico_stdio_usb/reset_interface.c.obj
 .text.resetd_open
                0x00000000100053b8       0x28 CMakeFiles/org2-bluetooth-adapter.dir/tree/downloaded_tools/pico/pico-sdk/src/rp2_common/pico_stdio_usb/reset_interface.c.obj
 .text.resetd_xfer_cb
                0x00000000100053e0        0x4 CMakeFiles/org2-bluetooth-adapter.dir/tree/downloaded_tools/pico/pico-sdk/src/rp2_common/pico_stdio_usb/reset_interface.c.obj
 .text.resetd_control_xfer_cb
                0x00000000100053e4       0x64 CMakeFiles/org2-bluetooth-adapter.dir/tree/downloaded_tools/pico/pico-sdk/src/rp2_common/pico_stdio_usb/reset_interface.c.obj
 .text.usbd_app_driver_get_cb
                0x0000000010005448        0xc CMakeFiles/org2-bluetooth-adapter.dir/tree/downloaded_tools/pico/pico-sdk/src/rp2_common/pico_stdio_usb/reset_interface.c.obj
                0x0000000010005448                usbd_app_driver_get_cb
 .text.tud_cdc_line_coding_cb
                0x0000000010005454       0x34 CMakeFiles/org2-bluetooth-adapter.dir/tree/downloaded_tools/pico/pico-sdk/src/rp2_common/pico_stdio_usb/reset_interface.c.obj
                0x0000000010005454                tud_cdc_line_coding_cb
 .text.stdio_usb_in_chars
                0x0000000010005488       0x68 CMakeFiles/org2-bluetooth-adapter.dir/tree/downloaded_tools/pico/pico-sdk/src/rp2_common/pico_stdio_usb/stdio_usb.c.obj
                0x0000000010005488                stdio_usb_in_chars
 .text.stdio_usb_out_chars
                0x00000000100054f0       0xec CMakeFiles/org2-bluetooth-adapter.dir/tree/downloaded_tools/pico/pico-sdk/src/rp2_common/pico_stdio_usb/stdio_usb.c.obj
 .text.timer_task
                0x00000000100055dc       0x10 CMakeFiles/org2-bluetooth-adapter.dir/tree/downloaded_tools/pico/pico-sdk/src/rp2_common/pico_stdio_usb/stdio_usb.c.obj
 .text.low_priority_worker_irq
                0x00000000100055ec       0x24 CMakeFiles/org2-bluetooth-adapter.dir/tree/downloaded_tools/pico/pico-sdk/src/rp2_common/pico_stdio_usb/stdio_usb.c.obj
 .text.stdio_usb_init
                0x0000000010005610       0x90 CMakeFiles/org2-bluetooth-adapter.dir/tree/downloaded_tools/pico/pico-sdk/src/rp2_common/pico_stdio_usb/stdio_usb.c.obj
                0x0000000010005610                stdio_usb_init
 .text.tud_descriptor_device_cb
                0x00000000100056a0        0x8 CMakeFiles/org2-bluetooth-adapter.dir/tree/downloaded_tools/pico/pico-sdk/src/rp2_common/pico_stdio_usb/stdio_usb_descriptors.c.obj
                0x00000000100056a0                tud_descriptor_device_cb
 .text.tud_descriptor_configuration_cb
                0x00000000100056a8        0x8 CMakeFiles/org2-bluetooth-adapter.dir/tree/downloaded_tools/pico/pico-sdk/src/rp2_common/pico_stdio_usb/stdio_usb_descriptors.c.obj
                0x00000000100056a8                tud_descriptor_configuration_cb
 .text.tud_descriptor_string_cb
                0x00000000100056b0       0x70 CMakeFiles/org2-bluetooth-adapter.dir/tree/downloaded_tools/pico/pico-sdk/src/rp2_common/pico_stdio_usb/stdio_usb_descriptors.c.obj
                0x00000000100056b0                tud_descriptor_string_cb
 .text.dcd_rp2040_irq
                0x0000000010005720      0x148 CMakeFiles/org2-bluetooth-adapter.dir/tree/downloaded_tools/pico/pico-sdk/lib/tinyusb/src/portable/raspberrypi/rp2040/dcd_rp2040.c.obj
 .text.dcd_int_enable
                0x0000000010005868        0xc CMakeFiles/org2-bluetooth-adapter.dir/tree/downloaded_tools/pico/pico-sdk/lib/tinyusb/src/portable/raspberrypi/rp2040/dcd_rp2040.c.obj
                0x0000000010005868                dcd_int_enable
 .text.dcd_set_address
                0x0000000010005874       0x28 CMakeFiles/org2-bluetooth-adapter.dir/tree/downloaded_tools/pico/pico-sdk/lib/tinyusb/src/portable/raspberrypi/rp2040/dcd_rp2040.c.obj
                0x0000000010005874                dcd_set_address
 .text.dcd_connect
                0x000000001000589c       0x10 CMakeFiles/org2-bluetooth-adapter.dir/tree/downloaded_tools/pico/pico-sdk/lib/tinyusb/src/portable/raspberrypi/rp2040/dcd_rp2040.c.obj
                0x000000001000589c                dcd_connect
 .text.dcd_init
                0x00000000100058ac       0xa0 CMakeFiles/org2-bluetooth-adapter.dir/tree/downloaded_tools/pico/pico-sdk/lib/tinyusb/src/portable/raspberrypi/rp2040/dcd_rp2040.c.obj
                0x00000000100058ac                dcd_init
 .text.dcd_edpt0_status_complete
                0x000000001000594c       0x30 CMakeFiles/org2-bluetooth-adapter.dir/tree/downloaded_tools/pico/pico-sdk/lib/tinyusb/src/portable/raspberrypi/rp2040/dcd_rp2040.c.obj
                0x000000001000594c                dcd_edpt0_status_complete
 .text.dcd_edpt_open
                0x000000001000597c      0x130 CMakeFiles/org2-bluetooth-adapter.dir/tree/downloaded_tools/pico/pico-sdk/lib/tinyusb/src/portable/raspberrypi/rp2040/dcd_rp2040.c.obj
                0x000000001000597c                dcd_edpt_open
 .text.dcd_edpt_xfer
                0x0000000010005aac       0x28 CMakeFiles/org2-bluetooth-adapter.dir/tree/downloaded_tools/pico/pico-sdk/lib/tinyusb/src/portable/raspberrypi/rp2040/dcd_rp2040.c.obj
                0x0000000010005aac                dcd_edpt_xfer
 .text.dcd_edpt_stall
                0x0000000010005ad4       0x48 CMakeFiles/org2-bluetooth-adapter.dir/tree/downloaded_tools/pico/pico-sdk/lib/tinyusb/src/portable/raspberrypi/rp2040/dcd_rp2040.c.obj
                0x0000000010005ad4                dcd_edpt_stall
 .text.dcd_edpt_clear_stall
                0x0000000010005b1c       0x48 CMakeFiles/org2-bluetooth-adapter.dir/tree/downloaded_tools/pico/pico-sdk/lib/tinyusb/src/portable/raspberrypi/rp2040/dcd_rp2040.c.obj
                0x0000000010005b1c                dcd_edpt_clear_stall
 .text._hw_endpoint_buffer_control_update32.part.0
                0x0000000010005b64       0x20 CMakeFiles/org2-bluetooth-adapter.dir/tree/downloaded_tools/pico/pico-sdk/lib/tinyusb/src/portable/raspberrypi/rp2040/rp2040_usb.c.obj
 .text.rp2040_usb_init
                0x0000000010005b84       0x50 CMakeFiles/org2-bluetooth-adapter.dir/tree/downloaded_tools/pico/pico-sdk/lib/tinyusb/src/portable/raspberrypi/rp2040/rp2040_usb.c.obj
                0x0000000010005b84                rp2040_usb_init
 .text.hw_endpoint_reset_transfer
                0x0000000010005bd4        0xc CMakeFiles/org2-bluetooth-adapter.dir/tree/downloaded_tools/pico/pico-sdk/lib/tinyusb/src/portable/raspberrypi/rp2040/rp2040_usb.c.obj
                0x0000000010005bd4                hw_endpoint_reset_transfer
 .text._hw_endpoint_buffer_control_update32
                0x0000000010005be0       0x40 CMakeFiles/org2-bluetooth-adapter.dir/tree/downloaded_tools/pico/pico-sdk/lib/tinyusb/src/portable/raspberrypi/rp2040/rp2040_usb.c.obj
                0x0000000010005be0                _hw_endpoint_buffer_control_update32
 .text._hw_endpoint_xfer_continue
                0x0000000010005c20      0x104 CMakeFiles/org2-bluetooth-adapter.dir/tree/downloaded_tools/pico/pico-sdk/lib/tinyusb/src/portable/raspberrypi/rp2040/rp2040_usb.c.obj
                0x0000000010005c20                _hw_endpoint_xfer_continue
 .text._hw_endpoint_xfer
                0x0000000010005d24       0xac CMakeFiles/org2-bluetooth-adapter.dir/tree/downloaded_tools/pico/pico-sdk/lib/tinyusb/src/portable/raspberrypi/rp2040/rp2040_usb.c.obj
                0x0000000010005d24                _hw_endpoint_xfer
 .text.tud_mounted
                0x0000000010005dd0       0x10 CMakeFiles/org2-bluetooth-adapter.dir/tree/downloaded_tools/pico/pico-sdk/lib/tinyusb/src/device/usbd.c.obj
                0x0000000010005dd0                tud_mounted
 .text.tud_suspended
                0x0000000010005de0       0x10 CMakeFiles/org2-bluetooth-adapter.dir/tree/downloaded_tools/pico/pico-sdk/lib/tinyusb/src/device/usbd.c.obj
                0x0000000010005de0                tud_suspended
 .text.tud_inited
                0x0000000010005df0        0xc CMakeFiles/org2-bluetooth-adapter.dir/tree/downloaded_tools/pico/pico-sdk/lib/tinyusb/src/device/usbd.c.obj
                0x0000000010005df0                tud_inited
 .text.tud_init
                0x0000000010005dfc       0xd8 CMakeFiles/org2-bluetooth-adapter.dir/tree/downloaded_tools/pico/pico-sdk/lib/tinyusb/src/device/usbd.c.obj
                0x0000000010005dfc                tud_init
 .text.tud_task
                0x0000000010005ed4      0x7f8 CMakeFiles/org2-bluetooth-adapter.dir/tree/downloaded_tools/pico/pico-sdk/lib/tinyusb/src/device/usbd.c.obj
                0x0000000010005ed4                tud_task
 .text.dcd_event_bus_signal
                0x00000000100066cc       0xe8 CMakeFiles/org2-bluetooth-adapter.dir/tree/downloaded_tools/pico/pico-sdk/lib/tinyusb/src/device/usbd.c.obj
                0x00000000100066cc                dcd_event_bus_signal
 .text.dcd_event_bus_reset
                0x00000000100067b4       0x54 CMakeFiles/org2-bluetooth-adapter.dir/tree/downloaded_tools/pico/pico-sdk/lib/tinyusb/src/device/usbd.c.obj
                0x00000000100067b4                dcd_event_bus_reset
 .text.dcd_event_setup_received
                0x0000000010006808       0x50 CMakeFiles/org2-bluetooth-adapter.dir/tree/downloaded_tools/pico/pico-sdk/lib/tinyusb/src/device/usbd.c.obj
                0x0000000010006808                dcd_event_setup_received
 .text.dcd_event_xfer_complete
                0x0000000010006858       0x68 CMakeFiles/org2-bluetooth-adapter.dir/tree/downloaded_tools/pico/pico-sdk/lib/tinyusb/src/device/usbd.c.obj
                0x0000000010006858                dcd_event_xfer_complete
 .text.usbd_open_edpt_pair
                0x00000000100068c0       0xe4 CMakeFiles/org2-bluetooth-adapter.dir/tree/downloaded_tools/pico/pico-sdk/lib/tinyusb/src/device/usbd.c.obj
                0x00000000100068c0                usbd_open_edpt_pair
 .text.usbd_edpt_open
                0x00000000100069a4       0xa8 CMakeFiles/org2-bluetooth-adapter.dir/tree/downloaded_tools/pico/pico-sdk/lib/tinyusb/src/device/usbd.c.obj
                0x00000000100069a4                usbd_edpt_open
 .text.usbd_edpt_claim
                0x0000000010006a4c       0x64 CMakeFiles/org2-bluetooth-adapter.dir/tree/downloaded_tools/pico/pico-sdk/lib/tinyusb/src/device/usbd.c.obj
                0x0000000010006a4c                usbd_edpt_claim
 .text.usbd_edpt_release
                0x0000000010006ab0       0x4c CMakeFiles/org2-bluetooth-adapter.dir/tree/downloaded_tools/pico/pico-sdk/lib/tinyusb/src/device/usbd.c.obj
                0x0000000010006ab0                usbd_edpt_release
 .text.usbd_edpt_xfer
                0x0000000010006afc       0x48 CMakeFiles/org2-bluetooth-adapter.dir/tree/downloaded_tools/pico/pico-sdk/lib/tinyusb/src/device/usbd.c.obj
                0x0000000010006afc                usbd_edpt_xfer
 .text.tud_control_status
                0x0000000010006b44       0x30 CMakeFiles/org2-bluetooth-adapter.dir/tree/downloaded_tools/pico/pico-sdk/lib/tinyusb/src/device/usbd_control.c.obj
                0x0000000010006b44                tud_control_status
 .text.tud_control_xfer
                0x0000000010006b74       0xb8 CMakeFiles/org2-bluetooth-adapter.dir/tree/downloaded_tools/pico/pico-sdk/lib/tinyusb/src/device/usbd_control.c.obj
                0x0000000010006b74                tud_control_xfer
 .text.usbd_control_reset
                0x0000000010006c2c       0x14 CMakeFiles/org2-bluetooth-adapter.dir/tree/downloaded_tools/pico/pico-sdk/lib/tinyusb/src/device/usbd_control.c.obj
                0x0000000010006c2c                usbd_control_reset
 .text.usbd_control_set_complete_callback
                0x0000000010006c40        0xc CMakeFiles/org2-bluetooth-adapter.dir/tree/downloaded_tools/pico/pico-sdk/lib/tinyusb/src/device/usbd_control.c.obj
                0x0000000010006c40                usbd_control_set_complete_callback
 .text.usbd_control_set_request
                0x0000000010006c4c       0x1c CMakeFiles/org2-bluetooth-adapter.dir/tree/downloaded_tools/pico/pico-sdk/lib/tinyusb/src/device/usbd_control.c.obj
                0x0000000010006c4c                usbd_control_set_request
 .text.usbd_control_xfer_cb
                0x0000000010006c68       0xf8 CMakeFiles/org2-bluetooth-adapter.dir/tree/downloaded_tools/pico/pico-sdk/lib/tinyusb/src/device/usbd_control.c.obj
                0x0000000010006c68                usbd_control_xfer_cb
 .text.tud_cdc_n_connected
                0x0000000010006d60       0x30 CMakeFiles/org2-bluetooth-adapter.dir/tree/downloaded_tools/pico/pico-sdk/lib/tinyusb/src/class/cdc/cdc_device.c.obj
                0x0000000010006d60                tud_cdc_n_connected
 .text.tud_cdc_n_available
                0x0000000010006d90       0x18 CMakeFiles/org2-bluetooth-adapter.dir/tree/downloaded_tools/pico/pico-sdk/lib/tinyusb/src/class/cdc/cdc_device.c.obj
                0x0000000010006d90                tud_cdc_n_available
 .text.tud_cdc_n_read
                0x0000000010006da8       0x70 CMakeFiles/org2-bluetooth-adapter.dir/tree/downloaded_tools/pico/pico-sdk/lib/tinyusb/src/class/cdc/cdc_device.c.obj
                0x0000000010006da8                tud_cdc_n_read
 .text.tud_cdc_n_write_flush
                0x0000000010006e18       0x78 CMakeFiles/org2-bluetooth-adapter.dir/tree/downloaded_tools/pico/pico-sdk/lib/tinyusb/src/class/cdc/cdc_device.c.obj
                0x0000000010006e18                tud_cdc_n_write_flush
 .text.tud_cdc_n_write
                0x0000000010006e90       0x34 CMakeFiles/org2-bluetooth-adapter.dir/tree/downloaded_tools/pico/pico-sdk/lib/tinyusb/src/class/cdc/cdc_device.c.obj
                0x0000000010006e90                tud_cdc_n_write
 .text.tud_cdc_n_write_available
                0x0000000010006ec4       0x18 CMakeFiles/org2-bluetooth-adapter.dir/tree/downloaded_tools/pico/pico-sdk/lib/tinyusb/src/class/cdc/cdc_device.c.obj
                0x0000000010006ec4                tud_cdc_n_write_available
 .text.cdcd_init
                0x0000000010006edc       0x7c CMakeFiles/org2-bluetooth-adapter.dir/tree/downloaded_tools/pico/pico-sdk/lib/tinyusb/src/class/cdc/cdc_device.c.obj
                0x0000000010006edc                cdcd_init
 .text.cdcd_reset
                0x0000000010006f58       0x2c CMakeFiles/org2-bluetooth-adapter.dir/tree/downloaded_tools/pico/pico-sdk/lib/tinyusb/src/class/cdc/cdc_device.c.obj
                0x0000000010006f58                cdcd_reset
 .text.cdcd_open
                0x0000000010006f84       0xec CMakeFiles/org2-bluetooth-adapter.dir/tree/downloaded_tools/pico/pico-sdk/lib/tinyusb/src/class/cdc/cdc_device.c.obj
                0x0000000010006f84                cdcd_open
 .text.cdcd_control_xfer_cb
                0x0000000010007070       0xe0 CMakeFiles/org2-bluetooth-adapter.dir/tree/downloaded_tools/pico/pico-sdk/lib/tinyusb/src/class/cdc/cdc_device.c.obj
                0x0000000010007070                cdcd_control_xfer_cb
 .text.cdcd_xfer_cb
                0x0000000010007150      0x198 CMakeFiles/org2-bluetooth-adapter.dir/tree/downloaded_tools/pico/pico-sdk/lib/tinyusb/src/class/cdc/cdc_device.c.obj
                0x0000000010007150                cdcd_xfer_cb
 .text.tusb_init
                0x00000000100072e8        0xc CMakeFiles/org2-bluetooth-adapter.dir/tree/downloaded_tools/pico/pico-sdk/lib/tinyusb/src/tusb.c.obj
                0x00000000100072e8                tusb_init
 .text.tusb_inited
                0x00000000100072f4        0x8 CMakeFiles/org2-bluetooth-adapter.dir/tree/downloaded_tools/pico/pico-sdk/lib/tinyusb/src/tusb.c.obj
                0x00000000100072f4                tusb_inited
 .text.tu_fifo_config
                0x00000000100072fc       0x78 CMakeFiles/org2-bluetooth-adapter.dir/tree/downloaded_tools/pico/pico-sdk/lib/tinyusb/src/common/tusb_fifo.c.obj
                0x00000000100072fc                tu_fifo_config
 .text.tu_fifo_count
                0x0000000010007374       0x20 CMakeFiles/org2-bluetooth-adapter.dir/tree/downloaded_tools/pico/pico-sdk/lib/tinyusb/src/common/tusb_fifo.c.obj
                0x0000000010007374                tu_fifo_count
 .text.tu_fifo_empty
                0x0000000010007394       0x10 CMakeFiles/org2-bluetooth-adapter.dir/tree/downloaded_tools/pico/pico-sdk/lib/tinyusb/src/common/tusb_fifo.c.obj
                0x0000000010007394                tu_fifo_empty
 .text.tu_fifo_remaining
                0x00000000100073a4       0x1c CMakeFiles/org2-bluetooth-adapter.dir/tree/downloaded_tools/pico/pico-sdk/lib/tinyusb/src/common/tusb_fifo.c.obj
                0x00000000100073a4                tu_fifo_remaining
 .text.tu_fifo_read
                0x00000000100073c0       0x9c CMakeFiles/org2-bluetooth-adapter.dir/tree/downloaded_tools/pico/pico-sdk/lib/tinyusb/src/common/tusb_fifo.c.obj
                0x00000000100073c0                tu_fifo_read
 .text.tu_fifo_read_n
                0x000000001000745c       0xfc CMakeFiles/org2-bluetooth-adapter.dir/tree/downloaded_tools/pico/pico-sdk/lib/tinyusb/src/common/tusb_fifo.c.obj
                0x000000001000745c                tu_fifo_read_n
 .text.tu_fifo_write
                0x0000000010007558       0x78 CMakeFiles/org2-bluetooth-adapter.dir/tree/downloaded_tools/pico/pico-sdk/lib/tinyusb/src/common/tusb_fifo.c.obj
                0x0000000010007558                tu_fifo_write
 .text.tu_fifo_write_n
                0x00000000100075d0      0x118 CMakeFiles/org2-bluetooth-adapter.dir/tree/downloaded_tools/pico/pico-sdk/lib/tinyusb/src/common/tusb_fifo.c.obj
                0x00000000100075d0                tu_fifo_write_n
 .text.tu_fifo_clear
                0x00000000100076e8       0x4c CMakeFiles/org2-bluetooth-adapter.dir/tree/downloaded_tools/pico/pico-sdk/lib/tinyusb/src/common/tusb_fifo.c.obj
                0x00000000100076e8                tu_fifo_clear
 .text.tu_fifo_set_overwritable
                0x0000000010007734       0x3c CMakeFiles/org2-bluetooth-adapter.dir/tree/downloaded_tools/pico/pico-sdk/lib/tinyusb/src/common/tusb_fifo.c.obj
                0x0000000010007734                tu_fifo_set_overwritable
 .text.startup._retrieve_unique_id_on_boot
                0x0000000010007770       0x10 CMakeFiles/org2-bluetooth-adapter.dir/tree/downloaded_tools/pico/pico-sdk/src/rp2_common/pico_unique_id/unique_id.c.obj
 .text.pico_get_unique_board_id_string
                0x0000000010007780      0x1bc CMakeFiles/org2-bluetooth-adapter.dir/tree/downloaded_tools/pico/pico-sdk/src/rp2_common/pico_unique_id/unique_id.c.obj
                0x0000000010007780                pico_get_unique_board_id_string
 .text.flash_get_unique_id
                0x000000001000793c       0x40 CMakeFiles/org2-bluetooth-adapter.dir/tree/downloaded_tools/pico/pico-sdk/src/rp2_common/hardware_flash/flash.c.obj
                0x000000001000793c                flash_get_unique_id
 .text.core1_trampoline
                0x000000001000797c        0x4 CMakeFiles/org2-bluetooth-adapter.dir/tree/downloaded_tools/pico/pico-sdk/src/rp2_common/pico_multicore/multicore.c.obj
 .text.core1_wrapper
                0x0000000010007980        0xc CMakeFiles/org2-bluetooth-adapter.dir/tree/downloaded_tools/pico/pico-sdk/src/rp2_common/pico_multicore/multicore.c.obj
                0x0000000010007980                core1_wrapper
 .text.multicore_launch_core1_raw
                0x000000001000798c       0x7c CMakeFiles/org2-bluetooth-adapter.dir/tree/downloaded_tools/pico/pico-sdk/src/rp2_common/pico_multicore/multicore.c.obj
                0x000000001000798c                multicore_launch_core1_raw
 .text.multicore_launch_core1
                0x0000000010007a08       0x4c CMakeFiles/org2-bluetooth-adapter.dir/tree/downloaded_tools/pico/pico-sdk/src/rp2_common/pico_multicore/multicore.c.obj
                0x0000000010007a08                multicore_launch_core1
 .text          0x0000000010007a54       0x68 /usr/lib/gcc/arm-none-eabi/9.2.1/../../../arm-none-eabi/lib/thumb/v6-m/nofp/libc.a(lib_a-strlen-stub.o)
                0x0000000010007a54                strlen
 *(.fini)
 .fini          0x0000000010007abc        0x4 /usr/lib/gcc/arm-none-eabi/9.2.1/thumb/v6-m/nofp/crti.o
                0x0000000010007abc                _fini
 .fini.__stub   0x0000000010007ac0       0x70 linker stubs
 *crtbegin.o(.ctors)
 *crtbegin?.o(.ctors)
 *(EXCLUDE_FILE(*crtend.o *crtend?.o) .ctors)
 *(SORT_BY_NAME(.ctors.*))
 *(.ctors)
 *crtbegin.o(.dtors)
 *crtbegin?.o(.dtors)
 *(EXCLUDE_FILE(*crtend.o *crtend?.o) .dtors)
 *(SORT_BY_NAME(.dtors.*))
 *(.dtors)
 *(.eh_frame*)
 .eh_frame      0x0000000010007b30        0x0 /usr/lib/gcc/arm-none-eabi/9.2.1/thumb/v6-m/nofp/crtbegin.o
                0x0000000010007b30                . = ALIGN (0x4)

.glue_7         0x0000000010007b30        0x0
 .glue_7        0x0000000010007b30        0x0 linker stubs

.glue_7t        0x0000000010007b30        0x0
 .glue_7t       0x0000000010007b30        0x0 linker stubs

.vfp11_veneer   0x0000000010007b30        0x0
 .vfp11_veneer  0x0000000010007b30        0x0 linker stubs

.v4_bx          0x0000000010007b30        0x0
 .v4_bx         0x0000000010007b30        0x0 linker stubs

.iplt           0x0000000010007b30        0x0
 .iplt          0x0000000010007b30        0x0 /usr/lib/gcc/arm-none-eabi/9.2.1/thumb/v6-m/nofp/crtbegin.o

.rodata         0x0000000010007b30      0x7f8
 *(EXCLUDE_FILE(*libm.a: *libc.a:*lib_a-mem*.o *libgcc.a:) .rodata*)
 .rodata.main.str1.4
                0x0000000010007b30       0x58 CMakeFiles/org2-bluetooth-adapter.dir/org2-bluetooth-adapter.c.obj
 .rodata.font_5x7_letters
                0x0000000010007b88      0x1e0 CMakeFiles/org2-bluetooth-adapter.dir/org2-bluetooth-adapter.c.obj
                0x0000000010007b88                font_5x7_letters
 .rodata.init_seq2
                0x0000000010007d68       0x1e CMakeFiles/org2-bluetooth-adapter.dir/org2-bluetooth-adapter.c.obj
                0x0000000010007d68                init_seq2
 *fill*         0x0000000010007d86        0x2 
 .rodata.spin_lock_claim_unused.str1.4
                0x0000000010007d88       0x1b CMakeFiles/org2-bluetooth-adapter.dir/tree/downloaded_tools/pico/pico-sdk/src/rp2_common/hardware_sync/sync.c.obj
 *fill*         0x0000000010007da3        0x1 
 .rodata.hardware_alarm_claim.str1.4
                0x0000000010007da4       0x22 CMakeFiles/org2-bluetooth-adapter.dir/tree/downloaded_tools/pico/pico-sdk/src/rp2_common/hardware_timer/timer.c.obj
 *fill*         0x0000000010007dc6        0x2 
 .rodata.panic.str1.4
                0x0000000010007dc8       0x12 CMakeFiles/org2-bluetooth-adapter.dir/tree/downloaded_tools/pico/pico-sdk/src/rp2_common/pico_runtime/runtime.c.obj
 *fill*         0x0000000010007dda        0x2 
 .rodata.hard_assertion_failure.str1.4
                0x0000000010007ddc        0xc CMakeFiles/org2-bluetooth-adapter.dir/tree/downloaded_tools/pico/pico-sdk/src/rp2_common/pico_runtime/runtime.c.obj
 .rodata._ftoa.str1.4
                0x0000000010007de8       0x15 CMakeFiles/org2-bluetooth-adapter.dir/tree/downloaded_tools/pico/pico-sdk/src/rp2_common/pico_printf/printf.c.obj
 *fill*         0x0000000010007dfd        0x3 
 .rodata._vsnprintf
                0x0000000010007e00      0x1e0 CMakeFiles/org2-bluetooth-adapter.dir/tree/downloaded_tools/pico/pico-sdk/src/rp2_common/pico_printf/printf.c.obj
 .rodata.pow10.5435
                0x0000000010007fe0       0x50 CMakeFiles/org2-bluetooth-adapter.dir/tree/downloaded_tools/pico/pico-sdk/src/rp2_common/pico_printf/printf.c.obj
 .rodata.str1.4
                0x0000000010008030       0x50 CMakeFiles/org2-bluetooth-adapter.dir/tree/downloaded_tools/pico/pico-sdk/src/rp2_common/pico_standard_link/binary_info.c.obj
 .rodata.__bi_44
                0x0000000010008080        0xc CMakeFiles/org2-bluetooth-adapter.dir/tree/downloaded_tools/pico/pico-sdk/src/rp2_common/pico_standard_link/binary_info.c.obj
 .rodata.__bi_56
                0x000000001000808c        0xc CMakeFiles/org2-bluetooth-adapter.dir/tree/downloaded_tools/pico/pico-sdk/src/rp2_common/pico_standard_link/binary_info.c.obj
 .rodata.__bi_75
                0x0000000010008098        0xc CMakeFiles/org2-bluetooth-adapter.dir/tree/downloaded_tools/pico/pico-sdk/src/rp2_common/pico_standard_link/binary_info.c.obj
 .rodata.__bi_81
                0x00000000100080a4        0xc CMakeFiles/org2-bluetooth-adapter.dir/tree/downloaded_tools/pico/pico-sdk/src/rp2_common/pico_standard_link/binary_info.c.obj
 .rodata.crlf_str.6014
                0x00000000100080b0        0x2 CMakeFiles/org2-bluetooth-adapter.dir/tree/downloaded_tools/pico/pico-sdk/src/rp2_common/pico_stdio/stdio.c.obj
 *fill*         0x00000000100080b2        0x2 
 .rodata.str1.4
                0x00000000100080b4       0x2c CMakeFiles/org2-bluetooth-adapter.dir/tree/downloaded_tools/pico/pico-sdk/src/rp2_common/pico_stdio_uart/stdio_uart.c.obj
 .rodata.__bi_28.4738
                0x00000000100080e0        0xc CMakeFiles/org2-bluetooth-adapter.dir/tree/downloaded_tools/pico/pico-sdk/src/rp2_common/pico_stdio_uart/stdio_uart.c.obj
 .rodata.__bi_29.4742
                0x00000000100080ec        0x8 CMakeFiles/org2-bluetooth-adapter.dir/tree/downloaded_tools/pico/pico-sdk/src/rp2_common/pico_stdio_uart/stdio_uart.c.obj
 .rodata._resetd_driver
                0x00000000100080f4       0x18 CMakeFiles/org2-bluetooth-adapter.dir/tree/downloaded_tools/pico/pico-sdk/src/rp2_common/pico_stdio_usb/reset_interface.c.obj
 .rodata.str1.4
                0x000000001000810c       0x13 CMakeFiles/org2-bluetooth-adapter.dir/tree/downloaded_tools/pico/pico-sdk/src/rp2_common/pico_stdio_usb/stdio_usb.c.obj
 *fill*         0x000000001000811f        0x1 
 .rodata.__bi_93.7123
                0x0000000010008120        0xc CMakeFiles/org2-bluetooth-adapter.dir/tree/downloaded_tools/pico/pico-sdk/src/rp2_common/pico_stdio_usb/stdio_usb.c.obj
 .rodata.str1.4
                0x000000001000812c       0x2a CMakeFiles/org2-bluetooth-adapter.dir/tree/downloaded_tools/pico/pico-sdk/src/rp2_common/pico_stdio_usb/stdio_usb_descriptors.c.obj
 *fill*         0x0000000010008156        0x2 
 .rodata.usbd_desc_cfg
                0x0000000010008158       0x54 CMakeFiles/org2-bluetooth-adapter.dir/tree/downloaded_tools/pico/pico-sdk/src/rp2_common/pico_stdio_usb/stdio_usb_descriptors.c.obj
 .rodata.usbd_desc_device
                0x00000000100081ac       0x12 CMakeFiles/org2-bluetooth-adapter.dir/tree/downloaded_tools/pico/pico-sdk/src/rp2_common/pico_stdio_usb/stdio_usb_descriptors.c.obj
 *fill*         0x00000000100081be        0x2 
 .rodata.usbd_desc_str
                0x00000000100081c0       0x18 CMakeFiles/org2-bluetooth-adapter.dir/tree/downloaded_tools/pico/pico-sdk/src/rp2_common/pico_stdio_usb/stdio_usb_descriptors.c.obj
 .rodata.dcd_rp2040_irq.str1.4
                0x00000000100081d8       0x14 CMakeFiles/org2-bluetooth-adapter.dir/tree/downloaded_tools/pico/pico-sdk/lib/tinyusb/src/portable/raspberrypi/rp2040/dcd_rp2040.c.obj
 .rodata.dcd_edpt_open.str1.4
                0x00000000100081ec       0x28 CMakeFiles/org2-bluetooth-adapter.dir/tree/downloaded_tools/pico/pico-sdk/lib/tinyusb/src/portable/raspberrypi/rp2040/dcd_rp2040.c.obj
 .rodata._hw_endpoint_buffer_control_update32.part.0.str1.4
                0x0000000010008214       0x1f CMakeFiles/org2-bluetooth-adapter.dir/tree/downloaded_tools/pico/pico-sdk/lib/tinyusb/src/portable/raspberrypi/rp2040/rp2040_usb.c.obj
 *fill*         0x0000000010008233        0x1 
 .rodata._hw_endpoint_xfer_continue.str1.4
                0x0000000010008234       0x50 CMakeFiles/org2-bluetooth-adapter.dir/tree/downloaded_tools/pico/pico-sdk/lib/tinyusb/src/portable/raspberrypi/rp2040/rp2040_usb.c.obj
 .rodata.str1.4
                0x0000000010008284       0x50 CMakeFiles/org2-bluetooth-adapter.dir/tree/downloaded_tools/pico/pico-sdk/lib/tinyusb/src/portable/raspberrypi/rp2040/rp2040_usb.c.obj
                                          0x7 (size before relaxing)
 .rodata.tud_task
                0x0000000010008284       0x8c CMakeFiles/org2-bluetooth-adapter.dir/tree/downloaded_tools/pico/pico-sdk/lib/tinyusb/src/device/usbd.c.obj
 .rodata._usbd_driver
                0x0000000010008310       0x18 CMakeFiles/org2-bluetooth-adapter.dir/tree/downloaded_tools/pico/pico-sdk/lib/tinyusb/src/device/usbd.c.obj
                0x0000000010008328                . = ALIGN (0x4)
 *(SORT_BY_ALIGNMENT(SORT_BY_NAME(.flashdata*)))
                0x0000000010008328                . = ALIGN (0x4)

.rel.dyn        0x0000000010008328        0x0
 .rel.iplt      0x0000000010008328        0x0 /usr/lib/gcc/arm-none-eabi/9.2.1/thumb/v6-m/nofp/crtbegin.o

.ARM.extab
 *(.ARM.extab* .gnu.linkonce.armextab.*)
                0x0000000010008328                __exidx_start = .

.ARM.exidx
 *(.ARM.exidx* .gnu.linkonce.armexidx.*)
                0x0000000010008328                __exidx_end = .
                0x0000000010008328                . = ALIGN (0x4)
                0x0000000010008328                __binary_info_start = .

.binary_info    0x0000000010008328       0x2c
 *(.binary_info.keep.*)
 .binary_info.keep.__bi_ptr22
                0x0000000010008328        0x4 CMakeFiles/org2-bluetooth-adapter.dir/tree/downloaded_tools/pico/pico-sdk/src/rp2_common/pico_standard_link/binary_info.c.obj
 .binary_info.keep.__bi_ptr30
                0x000000001000832c        0x4 CMakeFiles/org2-bluetooth-adapter.dir/tree/downloaded_tools/pico/pico-sdk/src/rp2_common/pico_standard_link/binary_info.c.obj
 .binary_info.keep.__bi_ptr38
                0x0000000010008330        0x4 CMakeFiles/org2-bluetooth-adapter.dir/tree/downloaded_tools/pico/pico-sdk/src/rp2_common/pico_standard_link/binary_info.c.obj
 .binary_info.keep.__bi_ptr44
                0x0000000010008334        0x4 CMakeFiles/org2-bluetooth-adapter.dir/tree/downloaded_tools/pico/pico-sdk/src/rp2_common/pico_standard_link/binary_info.c.obj
 .binary_info.keep.__bi_ptr50
                0x0000000010008338        0x4 CMakeFiles/org2-bluetooth-adapter.dir/tree/downloaded_tools/pico/pico-sdk/src/rp2_common/pico_standard_link/binary_info.c.obj
 .binary_info.keep.__bi_ptr56
                0x000000001000833c        0x4 CMakeFiles/org2-bluetooth-adapter.dir/tree/downloaded_tools/pico/pico-sdk/src/rp2_common/pico_standard_link/binary_info.c.obj
 .binary_info.keep.__bi_ptr75
                0x0000000010008340        0x4 CMakeFiles/org2-bluetooth-adapter.dir/tree/downloaded_tools/pico/pico-sdk/src/rp2_common/pico_standard_link/binary_info.c.obj
 .binary_info.keep.__bi_ptr81
                0x0000000010008344        0x4 CMakeFiles/org2-bluetooth-adapter.dir/tree/downloaded_tools/pico/pico-sdk/src/rp2_common/pico_standard_link/binary_info.c.obj
 *(.binary_info.*)
 .binary_info.__bi_ptr28
                0x0000000010008348        0x4 CMakeFiles/org2-bluetooth-adapter.dir/tree/downloaded_tools/pico/pico-sdk/src/rp2_common/pico_stdio_uart/stdio_uart.c.obj
 .binary_info.__bi_ptr29
                0x000000001000834c        0x4 CMakeFiles/org2-bluetooth-adapter.dir/tree/downloaded_tools/pico/pico-sdk/src/rp2_common/pico_stdio_uart/stdio_uart.c.obj
 .binary_info.__bi_ptr93
                0x0000000010008350        0x4 CMakeFiles/org2-bluetooth-adapter.dir/tree/downloaded_tools/pico/pico-sdk/src/rp2_common/pico_stdio_usb/stdio_usb.c.obj
                0x0000000010008354                __binary_info_end = .
                0x0000000010008354                . = ALIGN (0x4)
                0x0000000010008354                __etext = .

.ram_vector_table
                0x0000000020000000       0xc0
 *(.ram_vector_table)
 .ram_vector_table
                0x0000000020000000       0xc0 CMakeFiles/org2-bluetooth-adapter.dir/tree/downloaded_tools/pico/pico-sdk/src/rp2_common/pico_runtime/runtime.c.obj
                0x0000000020000000                ram_vector_table

.data           0x00000000200000c0     0x5c7c load address 0x0000000010008354
                0x00000000200000c0                __data_start__ = .
 *(vtable)
 *(.time_critical*)
 .time_critical.mutex_enter_blocking
                0x00000000200000c0       0x60 CMakeFiles/org2-bluetooth-adapter.dir/tree/downloaded_tools/pico/pico-sdk/src/common/pico_sync/mutex.c.obj
                0x00000000200000c0                mutex_enter_blocking
 .time_critical.mutex_try_enter
                0x0000000020000120       0x5c CMakeFiles/org2-bluetooth-adapter.dir/tree/downloaded_tools/pico/pico-sdk/src/common/pico_sync/mutex.c.obj
                0x0000000020000120                mutex_try_enter
 .time_critical.mutex_enter_timeout_ms
                0x000000002000017c       0xb0 CMakeFiles/org2-bluetooth-adapter.dir/tree/downloaded_tools/pico/pico-sdk/src/common/pico_sync/mutex.c.obj
                0x000000002000017c                mutex_enter_timeout_ms
 .time_critical.mutex_exit
                0x000000002000022c       0x5c CMakeFiles/org2-bluetooth-adapter.dir/tree/downloaded_tools/pico/pico-sdk/src/common/pico_sync/mutex.c.obj
                0x000000002000022c                mutex_exit
 .time_critical.flash_init_boot2_copyout
                0x0000000020000288       0x30 CMakeFiles/org2-bluetooth-adapter.dir/tree/downloaded_tools/pico/pico-sdk/src/rp2_common/hardware_flash/flash.c.obj
 .time_critical.flash_enable_xip_via_boot2
                0x00000000200002b8       0x10 CMakeFiles/org2-bluetooth-adapter.dir/tree/downloaded_tools/pico/pico-sdk/src/rp2_common/hardware_flash/flash.c.obj
 .time_critical.flash_cs_force
                0x00000000200002c8       0x38 CMakeFiles/org2-bluetooth-adapter.dir/tree/downloaded_tools/pico/pico-sdk/src/rp2_common/hardware_flash/flash.c.obj
 .time_critical.flash_do_cmd
                0x0000000020000300       0xa8 CMakeFiles/org2-bluetooth-adapter.dir/tree/downloaded_tools/pico/pico-sdk/src/rp2_common/hardware_flash/flash.c.obj
                0x0000000020000300                flash_do_cmd
 *(.text*)
 .text          0x00000000200003a8        0x4 /usr/lib/gcc/arm-none-eabi/9.2.1/thumb/v6-m/nofp/libgcc.a(_dvmd_tls.o)
                0x00000000200003a8                __aeabi_ldiv0
                0x00000000200003a8                __aeabi_idiv0
 *fill*         0x00000000200003ac        0x4 
 .text.__stub   0x00000000200003b0       0x40 linker stubs
                0x00000000200003f0                . = ALIGN (0x4)
 *(.rodata*)
                0x00000000200003f0                . = ALIGN (0x4)
 *(.data*)
 .data.data_gpio
                0x00000000200003f0       0x20 CMakeFiles/org2-bluetooth-adapter.dir/org2-bluetooth-adapter.c.obj
                0x00000000200003f0                data_gpio
 .data.i2c_bus_0
                0x0000000020000410        0x4 CMakeFiles/org2-bluetooth-adapter.dir/org2-bluetooth-adapter.c.obj
                0x0000000020000410                i2c_bus_0
 .data.ioport_gpio
                0x0000000020000414       0x20 CMakeFiles/org2-bluetooth-adapter.dir/org2-bluetooth-adapter.c.obj
                0x0000000020000414                ioport_gpio
 .data.oled0    0x0000000020000434        0x8 CMakeFiles/org2-bluetooth-adapter.dir/org2-bluetooth-adapter.c.obj
                0x0000000020000434                oled0
 .data.pak_memory
                0x000000002000043c     0x57e8 CMakeFiles/org2-bluetooth-adapter.dir/org2-bluetooth-adapter.c.obj
                0x000000002000043c                pak_memory
 .data.striped_spin_lock_num
                0x0000000020005c24        0x1 CMakeFiles/org2-bluetooth-adapter.dir/tree/downloaded_tools/pico/pico-sdk/src/rp2_common/hardware_sync/sync.c.obj
 *fill*         0x0000000020005c25        0x3 
 .data.default_alarm_pool
                0x0000000020005c28       0x18 CMakeFiles/org2-bluetooth-adapter.dir/tree/downloaded_tools/pico/pico-sdk/src/common/pico_time/time.c.obj
 .data.default_alarm_pool_heap
                0x0000000020005c40       0x10 CMakeFiles/org2-bluetooth-adapter.dir/tree/downloaded_tools/pico/pico-sdk/src/common/pico_time/time.c.obj
 .data          0x0000000020005c50       0x48 CMakeFiles/org2-bluetooth-adapter.dir/tree/downloaded_tools/pico/pico-sdk/src/rp2_common/hardware_irq/irq_handler_chain.S.obj
                0x0000000020005c50                irq_handler_chain_slots
                0x0000000020005c80                irq_handler_chain_first_slot
                0x0000000020005c8a                irq_handler_chain_remove_tail
 *fill*         0x0000000020005c98        0x8 
 .data.aeabi_bits_funcs
                0x0000000020005ca0       0x10 CMakeFiles/org2-bluetooth-adapter.dir/tree/downloaded_tools/pico/pico-sdk/src/rp2_common/pico_bit_ops/bit_ops_aeabi.S.obj
                0x0000000020005ca0                aeabi_bits_funcs
                0x0000000020005cb0                aeabi_bits_funcs_end
 .data.aeabi_mem_funcs
                0x0000000020005cb0       0x10 CMakeFiles/org2-bluetooth-adapter.dir/tree/downloaded_tools/pico/pico-sdk/src/rp2_common/pico_mem_ops/mem_ops_aeabi.S.obj
                0x0000000020005cb0                aeabi_mem_funcs
                0x0000000020005cc0                aeabi_mem_funcs_end
 .data.stdio_uart
                0x0000000020005cc0       0x14 CMakeFiles/org2-bluetooth-adapter.dir/tree/downloaded_tools/pico/pico-sdk/src/rp2_common/pico_stdio_uart/stdio_uart.c.obj
                0x0000000020005cc0                stdio_uart
 .data.stdio_usb
                0x0000000020005cd4       0x14 CMakeFiles/org2-bluetooth-adapter.dir/tree/downloaded_tools/pico/pico-sdk/src/rp2_common/pico_stdio_usb/stdio_usb.c.obj
                0x0000000020005cd4                stdio_usb
 .data.ep_dir_string
                0x0000000020005ce8        0x8 CMakeFiles/org2-bluetooth-adapter.dir/tree/downloaded_tools/pico/pico-sdk/lib/tinyusb/src/portable/raspberrypi/rp2040/rp2040_usb.c.obj
                0x0000000020005ce8                ep_dir_string
 .data._usbd_qdef
                0x0000000020005cf0       0x24 CMakeFiles/org2-bluetooth-adapter.dir/tree/downloaded_tools/pico/pico-sdk/lib/tinyusb/src/device/usbd.c.obj
                0x0000000020005cf0                _usbd_qdef
                0x0000000020005d14                . = ALIGN (0x4)
 *(.after_data.*)
                0x0000000020005d14                . = ALIGN (0x4)
                0x0000000020005d14                PROVIDE (__mutex_array_start = .)
 *(SORT_BY_NAME(.mutex_array.*))
 *(.mutex_array)
 .mutex_array   0x0000000020005d14        0x8 CMakeFiles/org2-bluetooth-adapter.dir/tree/downloaded_tools/pico/pico-sdk/src/rp2_common/pico_malloc/pico_malloc.c.obj
 .mutex_array   0x0000000020005d1c        0x8 CMakeFiles/org2-bluetooth-adapter.dir/tree/downloaded_tools/pico/pico-sdk/src/rp2_common/pico_stdio/stdio.c.obj
                0x0000000020005d24                PROVIDE (__mutex_array_end = .)
                0x0000000020005d24                . = ALIGN (0x4)
                0x0000000020005d24                PROVIDE (__preinit_array_start = .)
 *(SORT_BY_NAME(.preinit_array.*))
 .preinit_array.00001
                0x0000000020005d24        0x4 CMakeFiles/org2-bluetooth-adapter.dir/tree/downloaded_tools/pico/pico-sdk/src/rp2_common/pico_mem_ops/mem_ops_aeabi.S.obj
 .preinit_array.00010
                0x0000000020005d28        0x4 CMakeFiles/org2-bluetooth-adapter.dir/tree/downloaded_tools/pico/pico-sdk/src/rp2_common/pico_bit_ops/bit_ops_aeabi.S.obj
 .preinit_array.00020
                0x0000000020005d2c        0x4 CMakeFiles/org2-bluetooth-adapter.dir/tree/downloaded_tools/pico/pico-sdk/src/rp2_common/pico_double/double_aeabi.S.obj
 .preinit_array.00020
                0x0000000020005d30        0x4 CMakeFiles/org2-bluetooth-adapter.dir/tree/downloaded_tools/pico/pico-sdk/src/rp2_common/pico_float/float_aeabi.S.obj
 *(.preinit_array)
                0x0000000020005d34                PROVIDE (__preinit_array_end = .)
                0x0000000020005d34                . = ALIGN (0x4)
                0x0000000020005d34                PROVIDE (__init_array_start = .)
 *(SORT_BY_NAME(.init_array.*))
 *(.init_array)
 .init_array    0x0000000020005d34        0x4 /usr/lib/gcc/arm-none-eabi/9.2.1/thumb/v6-m/nofp/crtbegin.o
 .init_array    0x0000000020005d38        0x4 CMakeFiles/org2-bluetooth-adapter.dir/tree/downloaded_tools/pico/pico-sdk/src/rp2_common/pico_unique_id/unique_id.c.obj
                0x0000000020005d3c                PROVIDE (__init_array_end = .)
                0x0000000020005d3c                . = ALIGN (0x4)
                0x0000000020005d3c                PROVIDE (__fini_array_start = .)
 *(SORT_BY_NAME(.fini_array.*))
 *(.fini_array)
                0x0000000020005d3c                PROVIDE (__fini_array_end = .)
 *(.jcr)
                0x0000000020005d3c                . = ALIGN (0x4)
                0x0000000020005d3c                __data_end__ = .

.tm_clone_table
                0x0000000020005d3c        0x0 load address 0x000000001000dfd0
 .tm_clone_table
                0x0000000020005d3c        0x0 /usr/lib/gcc/arm-none-eabi/9.2.1/thumb/v6-m/nofp/crtbegin.o
 .tm_clone_table
                0x0000000020005d3c        0x0 /usr/lib/gcc/arm-none-eabi/9.2.1/thumb/v6-m/nofp/crtend.o

.igot.plt       0x0000000020005d3c        0x0 load address 0x000000001000dfd0
 .igot.plt      0x0000000020005d3c        0x0 /usr/lib/gcc/arm-none-eabi/9.2.1/thumb/v6-m/nofp/crtbegin.o

.uninitialized_data
                0x0000000020005d3c        0x0 load address 0x000000001000dfd0
                0x0000000020005d3c                . = ALIGN (0x4)
 *(.uninitialized_data*)

.scratch_x      0x0000000020040000        0x0 load address 0x000000001000dfd0
                0x0000000020040000                __scratch_x_start__ = .
 *(.scratch_x.*)
                0x0000000020040000                . = ALIGN (0x4)
                0x0000000020040000                __scratch_x_end__ = .
                0x000000001000dfd0                __scratch_x_source__ = LOADADDR (.scratch_x)

.scratch_y      0x0000000020041000        0x0 load address 0x000000001000dfd0
                0x0000000020041000                __scratch_y_start__ = .
 *(.scratch_y.*)
                0x0000000020041000                . = ALIGN (0x4)
                0x0000000020041000                __scratch_y_end__ = .
                0x000000001000dfd0                __scratch_y_source__ = LOADADDR (.scratch_y)

.bss            0x0000000020005d40     0x2e08
                0x0000000020005d40                . = ALIGN (0x4)
                0x0000000020005d40                __bss_start__ = .
 *(SORT_BY_ALIGNMENT(SORT_BY_NAME(.bss*)))
 .bss.default_alarm_pool_entries
                0x0000000020005d40      0x100 CMakeFiles/org2-bluetooth-adapter.dir/tree/downloaded_tools/pico/pico-sdk/src/common/pico_time/time.c.obj
 .bss.last_avail_time.7102
                0x0000000020005e40        0x8 CMakeFiles/org2-bluetooth-adapter.dir/tree/downloaded_tools/pico/pico-sdk/src/rp2_common/pico_stdio_usb/stdio_usb.c.obj
 .bss           0x0000000020005e48       0x1c /usr/lib/gcc/arm-none-eabi/9.2.1/thumb/v6-m/nofp/crtbegin.o
 .bss._app_driver
                0x0000000020005e64        0x4 CMakeFiles/org2-bluetooth-adapter.dir/tree/downloaded_tools/pico/pico-sdk/lib/tinyusb/src/device/usbd.c.obj
 .bss._cdcd_itf
                0x0000000020005e68      0x2d8 CMakeFiles/org2-bluetooth-adapter.dir/tree/downloaded_tools/pico/pico-sdk/lib/tinyusb/src/class/cdc/cdc_device.c.obj
 .bss._ctrl_xfer
                0x0000000020006140       0x14 CMakeFiles/org2-bluetooth-adapter.dir/tree/downloaded_tools/pico/pico-sdk/lib/tinyusb/src/device/usbd_control.c.obj
 .bss._ubsd_mutexdef
                0x0000000020006154        0x8 CMakeFiles/org2-bluetooth-adapter.dir/tree/downloaded_tools/pico/pico-sdk/lib/tinyusb/src/device/usbd.c.obj
 .bss._usbd_ctrl_buf
                0x000000002000615c       0x40 CMakeFiles/org2-bluetooth-adapter.dir/tree/downloaded_tools/pico/pico-sdk/lib/tinyusb/src/device/usbd_control.c.obj
 .bss._usbd_dev
                0x000000002000619c       0x37 CMakeFiles/org2-bluetooth-adapter.dir/tree/downloaded_tools/pico/pico-sdk/lib/tinyusb/src/device/usbd.c.obj
 *fill*         0x00000000200061d3        0x1 
 .bss._usbd_mutex
                0x00000000200061d4        0x4 CMakeFiles/org2-bluetooth-adapter.dir/tree/downloaded_tools/pico/pico-sdk/lib/tinyusb/src/device/usbd.c.obj
 .bss._usbd_q   0x00000000200061d8        0x4 CMakeFiles/org2-bluetooth-adapter.dir/tree/downloaded_tools/pico/pico-sdk/lib/tinyusb/src/device/usbd.c.obj
 .bss.alarm_callbacks
                0x00000000200061dc       0x10 CMakeFiles/org2-bluetooth-adapter.dir/tree/downloaded_tools/pico/pico-sdk/src/rp2_common/hardware_timer/timer.c.obj
 .bss.boot2_copyout
                0x00000000200061ec      0x100 CMakeFiles/org2-bluetooth-adapter.dir/tree/downloaded_tools/pico/pico-sdk/src/rp2_common/hardware_flash/flash.c.obj
 .bss.claimed   0x00000000200062ec        0x4 CMakeFiles/org2-bluetooth-adapter.dir/tree/downloaded_tools/pico/pico-sdk/src/rp2_common/hardware_sync/sync.c.obj
 .bss.configured_freq
                0x00000000200062f0       0x28 CMakeFiles/org2-bluetooth-adapter.dir/tree/downloaded_tools/pico/pico-sdk/src/rp2_common/hardware_clocks/clocks.c.obj
 .bss.default_alarm_pool_entry_ids_high
                0x0000000020006318       0x10 CMakeFiles/org2-bluetooth-adapter.dir/tree/downloaded_tools/pico/pico-sdk/src/common/pico_time/time.c.obj
 .bss.default_alarm_pool_heap_nodes
                0x0000000020006328       0x30 CMakeFiles/org2-bluetooth-adapter.dir/tree/downloaded_tools/pico/pico-sdk/src/common/pico_time/time.c.obj
 .bss.desc_str.7006
                0x0000000020006358       0x28 CMakeFiles/org2-bluetooth-adapter.dir/tree/downloaded_tools/pico/pico-sdk/src/rp2_common/pico_stdio_usb/stdio_usb_descriptors.c.obj
 .bss.drivers   0x0000000020006380        0x4 CMakeFiles/org2-bluetooth-adapter.dir/tree/downloaded_tools/pico/pico-sdk/src/rp2_common/pico_stdio/stdio.c.obj
 .bss.filter    0x0000000020006384        0x4 CMakeFiles/org2-bluetooth-adapter.dir/tree/downloaded_tools/pico/pico-sdk/src/rp2_common/pico_stdio/stdio.c.obj
 .bss.hw_endpoints
                0x0000000020006388      0x400 CMakeFiles/org2-bluetooth-adapter.dir/tree/downloaded_tools/pico/pico-sdk/lib/tinyusb/src/portable/raspberrypi/rp2040/dcd_rp2040.c.obj
 .bss.lazy_vsnprintf
                0x0000000020006788        0x4 CMakeFiles/org2-bluetooth-adapter.dir/tree/downloaded_tools/pico/pico-sdk/src/rp2_common/pico_printf/printf.c.obj
 .bss.load_value
                0x000000002000678c        0x4 CMakeFiles/org2-bluetooth-adapter.dir/tree/downloaded_tools/pico/pico-sdk/src/rp2_common/hardware_watchdog/watchdog.c.obj
 .bss.next_buffer_ptr
                0x0000000020006790        0x4 CMakeFiles/org2-bluetooth-adapter.dir/tree/downloaded_tools/pico/pico-sdk/lib/tinyusb/src/portable/raspberrypi/rp2040/dcd_rp2040.c.obj
 .bss.pools     0x0000000020006794       0x10 CMakeFiles/org2-bluetooth-adapter.dir/tree/downloaded_tools/pico/pico-sdk/src/common/pico_time/time.c.obj
 .bss.retrieved_id
                0x00000000200067a4        0x8 CMakeFiles/org2-bluetooth-adapter.dir/tree/downloaded_tools/pico/pico-sdk/src/rp2_common/pico_unique_id/unique_id.c.obj
 .bss.sleep_notifier
                0x00000000200067ac        0x4 CMakeFiles/org2-bluetooth-adapter.dir/tree/downloaded_tools/pico/pico-sdk/src/common/pico_time/time.c.obj
 .bss.ss_address
                0x00000000200067b0        0x4 CMakeFiles/org2-bluetooth-adapter.dir/org2-bluetooth-adapter.c.obj
                0x00000000200067b0                ss_address
 .bss.ss_page   0x00000000200067b4        0x4 CMakeFiles/org2-bluetooth-adapter.dir/org2-bluetooth-adapter.c.obj
                0x00000000200067b4                ss_page
 .bss.stdio_usb_mutex
                0x00000000200067b8        0x8 CMakeFiles/org2-bluetooth-adapter.dir/tree/downloaded_tools/pico/pico-sdk/src/rp2_common/pico_stdio_usb/stdio_usb.c.obj
 .bss.target_hi
                0x00000000200067c0       0x10 CMakeFiles/org2-bluetooth-adapter.dir/tree/downloaded_tools/pico/pico-sdk/src/rp2_common/hardware_timer/timer.c.obj
 .bss.trace_i   0x00000000200067d0        0x4 CMakeFiles/org2-bluetooth-adapter.dir/org2-bluetooth-adapter.c.obj
                0x00000000200067d0                trace_i
 .bss.uart_instance
                0x00000000200067d4        0x4 CMakeFiles/org2-bluetooth-adapter.dir/tree/downloaded_tools/pico/pico-sdk/src/rp2_common/pico_stdio_uart/stdio_uart.c.obj
 .bss.usbd_serial_str
                0x00000000200067d8       0x11 CMakeFiles/org2-bluetooth-adapter.dir/tree/downloaded_tools/pico/pico-sdk/src/rp2_common/pico_stdio_usb/stdio_usb_descriptors.c.obj
 .bss._app_driver_count
                0x00000000200067e9        0x1 CMakeFiles/org2-bluetooth-adapter.dir/tree/downloaded_tools/pico/pico-sdk/lib/tinyusb/src/device/usbd.c.obj
 .bss._usbd_initialized
                0x00000000200067ea        0x1 CMakeFiles/org2-bluetooth-adapter.dir/tree/downloaded_tools/pico/pico-sdk/lib/tinyusb/src/device/usbd.c.obj
 .bss.boot2_copyout_valid
                0x00000000200067eb        0x1 CMakeFiles/org2-bluetooth-adapter.dir/tree/downloaded_tools/pico/pico-sdk/src/rp2_common/hardware_flash/flash.c.obj
 .bss.claimed   0x00000000200067ec        0x1 CMakeFiles/org2-bluetooth-adapter.dir/tree/downloaded_tools/pico/pico-sdk/src/rp2_common/hardware_timer/timer.c.obj
 .bss.irq_hander_chain_free_slot_head
                0x00000000200067ed        0x1 CMakeFiles/org2-bluetooth-adapter.dir/tree/downloaded_tools/pico/pico-sdk/src/rp2_common/hardware_irq/irq.c.obj
 .bss.itf_num   0x00000000200067ee        0x1 CMakeFiles/org2-bluetooth-adapter.dir/tree/downloaded_tools/pico/pico-sdk/src/rp2_common/pico_stdio_usb/reset_interface.c.obj
 .bss.timer_callbacks_pending
                0x00000000200067ef        0x1 CMakeFiles/org2-bluetooth-adapter.dir/tree/downloaded_tools/pico/pico-sdk/src/rp2_common/hardware_timer/timer.c.obj
 .bss.zero      0x00000000200067f0        0x1 CMakeFiles/org2-bluetooth-adapter.dir/org2-bluetooth-adapter.c.obj
                0x00000000200067f0                zero
 *(COMMON)
 *fill*         0x00000000200067f1        0x3 
 COMMON         0x00000000200067f4     0x208c CMakeFiles/org2-bluetooth-adapter.dir/org2-bluetooth-adapter.c.obj
                0x00000000200067f4                trace
                0x00000000200087f4                byteval
                0x00000000200087f8                buttons
                0x000000002000881c                scaled_line
 COMMON         0x0000000020008880        0x4 CMakeFiles/org2-bluetooth-adapter.dir/tree/downloaded_tools/pico/pico-sdk/src/rp2_common/hardware_uart/uart.c.obj
                0x0000000020008880                uart_char_to_line_feed
 COMMON         0x0000000020008884      0x100 CMakeFiles/org2-bluetooth-adapter.dir/tree/downloaded_tools/pico/pico-sdk/src/rp2_common/pico_double/double_init_rom.c.obj
                0x0000000020008884                sd_table
 COMMON         0x0000000020008984      0x104 CMakeFiles/org2-bluetooth-adapter.dir/tree/downloaded_tools/pico/pico-sdk/src/rp2_common/pico_float/float_init_rom.c.obj
                0x0000000020008984                sf_table
                0x0000000020008a84                sf_clz_func
 COMMON         0x0000000020008a88       0xc0 CMakeFiles/org2-bluetooth-adapter.dir/tree/downloaded_tools/pico/pico-sdk/lib/tinyusb/src/device/usbd.c.obj
                0x0000000020008a88                _usbd_qdef_buf
                0x0000000020008b48                . = ALIGN (0x4)
                0x0000000020008b48                __bss_end__ = .

.heap           0x0000000020008b48      0x800
                0x0000000020008b48                __end__ = .
                0x0000000020008b48                end = __end__
 *(.heap*)
 .heap          0x0000000020008b48      0x800 CMakeFiles/org2-bluetooth-adapter.dir/tree/downloaded_tools/pico/pico-sdk/src/rp2_common/pico_standard_link/crt0.S.obj
                0x0000000020009348                __HeapLimit = .

.stack1_dummy   0x0000000020040000      0x800
 *(.stack1*)
 .stack1        0x0000000020040000      0x800 CMakeFiles/org2-bluetooth-adapter.dir/tree/downloaded_tools/pico/pico-sdk/src/rp2_common/pico_multicore/multicore.c.obj

.stack_dummy    0x0000000020041000      0x800
 *(.stack*)
 .stack         0x0000000020041000      0x800 CMakeFiles/org2-bluetooth-adapter.dir/tree/downloaded_tools/pico/pico-sdk/src/rp2_common/pico_standard_link/crt0.S.obj

.flash_end      0x000000001000dfd0        0x0
                0x000000001000dfd0                __flash_binary_end = .
                0x0000000020040000                __StackLimit = (ORIGIN (RAM) + LENGTH (RAM))
                0x0000000020041000                __StackOneTop = (ORIGIN (SCRATCH_X) + LENGTH (SCRATCH_X))
                0x0000000020042000                __StackTop = (ORIGIN (SCRATCH_Y) + LENGTH (SCRATCH_Y))
                0x0000000020040800                __StackOneBottom = (__StackOneTop - SIZEOF (.stack1_dummy))
                0x0000000020041800                __StackBottom = (__StackTop - SIZEOF (.stack_dummy))
                0x0000000020042000                PROVIDE (__stack = __StackTop)
                0x0000000000000001                ASSERT ((__StackLimit >= __HeapLimit), region RAM overflowed)
                0x0000000000000001                ASSERT (((__binary_info_header_end - __logical_binary_start) <= 0x100), Binary info must be in first 256 bytes of the binary)
LOAD CMakeFiles/org2-bluetooth-adapter.dir/org2-bluetooth-adapter.c.obj
LOAD CMakeFiles/org2-bluetooth-adapter.dir/tree/downloaded_tools/pico/pico-sdk/src/rp2_common/pico_stdlib/stdlib.c.obj
LOAD CMakeFiles/org2-bluetooth-adapter.dir/tree/downloaded_tools/pico/pico-sdk/src/rp2_common/hardware_gpio/gpio.c.obj
LOAD CMakeFiles/org2-bluetooth-adapter.dir/tree/downloaded_tools/pico/pico-sdk/src/rp2_common/hardware_claim/claim.c.obj
LOAD CMakeFiles/org2-bluetooth-adapter.dir/tree/downloaded_tools/pico/pico-sdk/src/rp2_common/pico_platform/platform.c.obj
LOAD CMakeFiles/org2-bluetooth-adapter.dir/tree/downloaded_tools/pico/pico-sdk/src/rp2_common/hardware_sync/sync.c.obj
LOAD CMakeFiles/org2-bluetooth-adapter.dir/tree/downloaded_tools/pico/pico-sdk/src/rp2_common/hardware_uart/uart.c.obj
LOAD CMakeFiles/org2-bluetooth-adapter.dir/tree/downloaded_tools/pico/pico-sdk/src/rp2_common/hardware_divider/divider.S.obj
LOAD CMakeFiles/org2-bluetooth-adapter.dir/tree/downloaded_tools/pico/pico-sdk/src/common/pico_time/time.c.obj
LOAD CMakeFiles/org2-bluetooth-adapter.dir/tree/downloaded_tools/pico/pico-sdk/src/common/pico_time/timeout_helper.c.obj
LOAD CMakeFiles/org2-bluetooth-adapter.dir/tree/downloaded_tools/pico/pico-sdk/src/rp2_common/hardware_timer/timer.c.obj
LOAD CMakeFiles/org2-bluetooth-adapter.dir/tree/downloaded_tools/pico/pico-sdk/src/common/pico_sync/sem.c.obj
LOAD CMakeFiles/org2-bluetooth-adapter.dir/tree/downloaded_tools/pico/pico-sdk/src/common/pico_sync/lock_core.c.obj
LOAD CMakeFiles/org2-bluetooth-adapter.dir/tree/downloaded_tools/pico/pico-sdk/src/common/pico_sync/mutex.c.obj
LOAD CMakeFiles/org2-bluetooth-adapter.dir/tree/downloaded_tools/pico/pico-sdk/src/common/pico_sync/critical_section.c.obj
LOAD CMakeFiles/org2-bluetooth-adapter.dir/tree/downloaded_tools/pico/pico-sdk/src/common/pico_util/datetime.c.obj
LOAD CMakeFiles/org2-bluetooth-adapter.dir/tree/downloaded_tools/pico/pico-sdk/src/common/pico_util/pheap.c.obj
LOAD CMakeFiles/org2-bluetooth-adapter.dir/tree/downloaded_tools/pico/pico-sdk/src/common/pico_util/queue.c.obj
LOAD CMakeFiles/org2-bluetooth-adapter.dir/tree/downloaded_tools/pico/pico-sdk/src/rp2_common/pico_runtime/runtime.c.obj
LOAD CMakeFiles/org2-bluetooth-adapter.dir/tree/downloaded_tools/pico/pico-sdk/src/rp2_common/hardware_clocks/clocks.c.obj
LOAD CMakeFiles/org2-bluetooth-adapter.dir/tree/downloaded_tools/pico/pico-sdk/src/rp2_common/hardware_irq/irq.c.obj
LOAD CMakeFiles/org2-bluetooth-adapter.dir/tree/downloaded_tools/pico/pico-sdk/src/rp2_common/hardware_irq/irq_handler_chain.S.obj
LOAD CMakeFiles/org2-bluetooth-adapter.dir/tree/downloaded_tools/pico/pico-sdk/src/rp2_common/hardware_pll/pll.c.obj
LOAD CMakeFiles/org2-bluetooth-adapter.dir/tree/downloaded_tools/pico/pico-sdk/src/rp2_common/hardware_vreg/vreg.c.obj
LOAD CMakeFiles/org2-bluetooth-adapter.dir/tree/downloaded_tools/pico/pico-sdk/src/rp2_common/hardware_watchdog/watchdog.c.obj
LOAD CMakeFiles/org2-bluetooth-adapter.dir/tree/downloaded_tools/pico/pico-sdk/src/rp2_common/hardware_xosc/xosc.c.obj
LOAD CMakeFiles/org2-bluetooth-adapter.dir/tree/downloaded_tools/pico/pico-sdk/src/rp2_common/pico_printf/printf.c.obj
LOAD CMakeFiles/org2-bluetooth-adapter.dir/tree/downloaded_tools/pico/pico-sdk/src/rp2_common/pico_bit_ops/bit_ops_aeabi.S.obj
LOAD CMakeFiles/org2-bluetooth-adapter.dir/tree/downloaded_tools/pico/pico-sdk/src/rp2_common/pico_bootrom/bootrom.c.obj
LOAD CMakeFiles/org2-bluetooth-adapter.dir/tree/downloaded_tools/pico/pico-sdk/src/rp2_common/pico_divider/divider.S.obj
LOAD CMakeFiles/org2-bluetooth-adapter.dir/tree/downloaded_tools/pico/pico-sdk/src/rp2_common/pico_double/double_aeabi.S.obj
LOAD CMakeFiles/org2-bluetooth-adapter.dir/tree/downloaded_tools/pico/pico-sdk/src/rp2_common/pico_double/double_init_rom.c.obj
LOAD CMakeFiles/org2-bluetooth-adapter.dir/tree/downloaded_tools/pico/pico-sdk/src/rp2_common/pico_double/double_math.c.obj
LOAD CMakeFiles/org2-bluetooth-adapter.dir/tree/downloaded_tools/pico/pico-sdk/src/rp2_common/pico_double/double_v1_rom_shim.S.obj
LOAD CMakeFiles/org2-bluetooth-adapter.dir/tree/downloaded_tools/pico/pico-sdk/src/rp2_common/pico_int64_ops/pico_int64_ops_aeabi.S.obj
LOAD CMakeFiles/org2-bluetooth-adapter.dir/tree/downloaded_tools/pico/pico-sdk/src/rp2_common/pico_float/float_aeabi.S.obj
LOAD CMakeFiles/org2-bluetooth-adapter.dir/tree/downloaded_tools/pico/pico-sdk/src/rp2_common/pico_float/float_init_rom.c.obj
LOAD CMakeFiles/org2-bluetooth-adapter.dir/tree/downloaded_tools/pico/pico-sdk/src/rp2_common/pico_float/float_math.c.obj
LOAD CMakeFiles/org2-bluetooth-adapter.dir/tree/downloaded_tools/pico/pico-sdk/src/rp2_common/pico_float/float_v1_rom_shim.S.obj
LOAD CMakeFiles/org2-bluetooth-adapter.dir/tree/downloaded_tools/pico/pico-sdk/src/rp2_common/pico_malloc/pico_malloc.c.obj
LOAD CMakeFiles/org2-bluetooth-adapter.dir/tree/downloaded_tools/pico/pico-sdk/src/rp2_common/pico_mem_ops/mem_ops_aeabi.S.obj
LOAD CMakeFiles/org2-bluetooth-adapter.dir/tree/downloaded_tools/pico/pico-sdk/src/rp2_common/pico_standard_link/crt0.S.obj
LOAD CMakeFiles/org2-bluetooth-adapter.dir/tree/downloaded_tools/pico/pico-sdk/src/rp2_common/pico_standard_link/new_delete.cpp.obj
LOAD CMakeFiles/org2-bluetooth-adapter.dir/tree/downloaded_tools/pico/pico-sdk/src/rp2_common/pico_standard_link/binary_info.c.obj